Archive member included to satisfy reference by file (symbol)

C:/ST/STM32CubeIDE_1.19.0/STM32CubeIDE/plugins/com.st.stm32cube.ide.mcu.externaltools.gnu-tools-for-stm32.13.3.rel1.win32_1.0.100.202509120712/tools/bin/../lib/gcc/arm-none-eabi/13.3.1/../../../../arm-none-eabi/lib/thumb/v6-m/nofp\libc_nano.a(libc_a-exit.o)
                              C:/ST/STM32CubeIDE_1.19.0/STM32CubeIDE/plugins/com.st.stm32cube.ide.mcu.externaltools.gnu-tools-for-stm32.13.3.rel1.win32_1.0.100.202509120712/tools/bin/../lib/gcc/arm-none-eabi/13.3.1/../../../../arm-none-eabi/lib/thumb/v6-m/nofp/crt0.o (exit)
C:/ST/STM32CubeIDE_1.19.0/STM32CubeIDE/plugins/com.st.stm32cube.ide.mcu.externaltools.gnu-tools-for-stm32.13.3.rel1.win32_1.0.100.202509120712/tools/bin/../lib/gcc/arm-none-eabi/13.3.1/../../../../arm-none-eabi/lib/thumb/v6-m/nofp\libc_nano.a(libc_a-findfp.o)
                              C:/ST/STM32CubeIDE_1.19.0/STM32CubeIDE/plugins/com.st.stm32cube.ide.mcu.externaltools.gnu-tools-for-stm32.13.3.rel1.win32_1.0.100.202509120712/tools/bin/../lib/gcc/arm-none-eabi/13.3.1/../../../../arm-none-eabi/lib/thumb/v6-m/nofp\libc_nano.a(libc_a-exit.o) (__stdio_exit_handler)
C:/ST/STM32CubeIDE_1.19.0/STM32CubeIDE/plugins/com.st.stm32cube.ide.mcu.externaltools.gnu-tools-for-stm32.13.3.rel1.win32_1.0.100.202509120712/tools/bin/../lib/gcc/arm-none-eabi/13.3.1/../../../../arm-none-eabi/lib/thumb/v6-m/nofp\libc_nano.a(libc_a-fwalk.o)
                              C:/ST/STM32CubeIDE_1.19.0/STM32CubeIDE/plugins/com.st.stm32cube.ide.mcu.externaltools.gnu-tools-for-stm32.13.3.rel1.win32_1.0.100.202509120712/tools/bin/../lib/gcc/arm-none-eabi/13.3.1/../../../../arm-none-eabi/lib/thumb/v6-m/nofp\libc_nano.a(libc_a-findfp.o) (_fwalk_sglue)
C:/ST/STM32CubeIDE_1.19.0/STM32CubeIDE/plugins/com.st.stm32cube.ide.mcu.externaltools.gnu-tools-for-stm32.13.3.rel1.win32_1.0.100.202509120712/tools/bin/../lib/gcc/arm-none-eabi/13.3.1/../../../../arm-none-eabi/lib/thumb/v6-m/nofp\libc_nano.a(libc_a-stdio.o)
                              C:/ST/STM32CubeIDE_1.19.0/STM32CubeIDE/plugins/com.st.stm32cube.ide.mcu.externaltools.gnu-tools-for-stm32.13.3.rel1.win32_1.0.100.202509120712/tools/bin/../lib/gcc/arm-none-eabi/13.3.1/../../../../arm-none-eabi/lib/thumb/v6-m/nofp\libc_nano.a(libc_a-findfp.o) (__sread)
C:/ST/STM32CubeIDE_1.19.0/STM32CubeIDE/plugins/com.st.stm32cube.ide.mcu.externaltools.gnu-tools-for-stm32.13.3.rel1.win32_1.0.100.202509120712/tools/bin/../lib/gcc/arm-none-eabi/13.3.1/../../../../arm-none-eabi/lib/thumb/v6-m/nofp\libc_nano.a(libc_a-memset.o)
                              C:/ST/STM32CubeIDE_1.19.0/STM32CubeIDE/plugins/com.st.stm32cube.ide.mcu.externaltools.gnu-tools-for-stm32.13.3.rel1.win32_1.0.100.202509120712/tools/bin/../lib/gcc/arm-none-eabi/13.3.1/../../../../arm-none-eabi/lib/thumb/v6-m/nofp/crt0.o (memset)
C:/ST/STM32CubeIDE_1.19.0/STM32CubeIDE/plugins/com.st.stm32cube.ide.mcu.externaltools.gnu-tools-for-stm32.13.3.rel1.win32_1.0.100.202509120712/tools/bin/../lib/gcc/arm-none-eabi/13.3.1/../../../../arm-none-eabi/lib/thumb/v6-m/nofp\libc_nano.a(libc_a-closer.o)
                              C:/ST/STM32CubeIDE_1.19.0/STM32CubeIDE/plugins/com.st.stm32cube.ide.mcu.externaltools.gnu-tools-for-stm32.13.3.rel1.win32_1.0.100.202509120712/tools/bin/../lib/gcc/arm-none-eabi/13.3.1/../../../../arm-none-eabi/lib/thumb/v6-m/nofp\libc_nano.a(libc_a-stdio.o) (_close_r)
C:/ST/STM32CubeIDE_1.19.0/STM32CubeIDE/plugins/com.st.stm32cube.ide.mcu.externaltools.gnu-tools-for-stm32.13.3.rel1.win32_1.0.100.202509120712/tools/bin/../lib/gcc/arm-none-eabi/13.3.1/../../../../arm-none-eabi/lib/thumb/v6-m/nofp\libc_nano.a(libc_a-reent.o)
                              C:/ST/STM32CubeIDE_1.19.0/STM32CubeIDE/plugins/com.st.stm32cube.ide.mcu.externaltools.gnu-tools-for-stm32.13.3.rel1.win32_1.0.100.202509120712/tools/bin/../lib/gcc/arm-none-eabi/13.3.1/../../../../arm-none-eabi/lib/thumb/v6-m/nofp\libc_nano.a(libc_a-closer.o) (errno)
C:/ST/STM32CubeIDE_1.19.0/STM32CubeIDE/plugins/com.st.stm32cube.ide.mcu.externaltools.gnu-tools-for-stm32.13.3.rel1.win32_1.0.100.202509120712/tools/bin/../lib/gcc/arm-none-eabi/13.3.1/../../../../arm-none-eabi/lib/thumb/v6-m/nofp\libc_nano.a(libc_a-impure.o)
                              C:/ST/STM32CubeIDE_1.19.0/STM32CubeIDE/plugins/com.st.stm32cube.ide.mcu.externaltools.gnu-tools-for-stm32.13.3.rel1.win32_1.0.100.202509120712/tools/bin/../lib/gcc/arm-none-eabi/13.3.1/../../../../arm-none-eabi/lib/thumb/v6-m/nofp\libc_nano.a(libc_a-reent.o) (_impure_ptr)
C:/ST/STM32CubeIDE_1.19.0/STM32CubeIDE/plugins/com.st.stm32cube.ide.mcu.externaltools.gnu-tools-for-stm32.13.3.rel1.win32_1.0.100.202509120712/tools/bin/../lib/gcc/arm-none-eabi/13.3.1/../../../../arm-none-eabi/lib/thumb/v6-m/nofp\libc_nano.a(libc_a-lseekr.o)
[...]
Memory Configuration

Name             Origin             Length             Attributes
RAM              0x20000000         0x00009000         xrw
FLASH            0x08000000         0x00020000         xr
*default*        0x00000000         0xffffffff

Linker script and memory map

LOAD C:/ST/STM32CubeIDE_1.19.0/STM32CubeIDE/plugins/com.st.stm32cube.ide.mcu.externaltools.gnu-tools-for-stm32.13.3.rel1.win32_1.0.100.202509120712/tools/bin/../lib/gcc/arm-none-eabi/13.3.1/thumb/v6-m/nofp/crti.o
LOAD C:/ST/STM32CubeIDE_1.19.0/STM32CubeIDE/plugins/com.st.stm32cube.ide.mcu.externaltools.gnu-tools-for-stm32.13.3.rel1.win32_1.0.100.202509120712/tools/bin/../lib/gcc/arm-none-eabi/13.3.1/thumb/v6-m/nofp/crtbegin.o
LOAD C:/ST/STM32CubeIDE_1.19.0/STM32CubeIDE/plugins/com.st.stm32cube.ide.mcu.externaltools.gnu-tools-for-stm32.13.3.rel1.win32_1.0.100.202509120712/tools/bin/../lib/gcc/arm-none-eabi/13.3.1/../../../../arm-none-eabi/lib/thumb/v6-m/nofp/crt0.o
LOAD ./Core/Src/Display_Application_Lib/Display_App_Functions.o
LOAD ./Core/Src/Display_Application_Lib/Display_App_Variables.o
LOAD ./Core/Src/EEPROM_App_Lib/EEPROM_App_Functions.o
LOAD ./Core/Src/EEPROM_App_Lib/EEPROM_App_Variables.o
LOAD ./Core/Src/EEPROM_Drv_Lib/EEPROM_Drv_Functions.o
LOAD ./Core/Src/EEPROM_Drv_Lib/EEPROM_Drv_Variables.o
LOAD ./Core/Src/LCD16X2_Driver_Lib/LCD16X2_Driver_Functions.o
LOAD ./Core/Src/LCD16X2_Driver_Lib/LCD16X2_Driver_Variables.o
LOAD ./Core/Src/Main_Functions.o
LOAD ./Core/Src/Main_Variables.o
LOAD ./Core/Src/gpio.o
LOAD ./Core/Src/i2c.o
LOAD ./Core/Src/main.o
LOAD ./Core/Src/rtc.o
LOAD ./Core/Src/stm32g0xx_it.o
LOAD ./Core/Src/syscalls.o
LOAD ./Core/Src/sysmem.o
LOAD ./Core/Src/system_stm32g0xx.o
LOAD ./Core/Src/tim.o
LOAD ./Core/Src/usart.o
LOAD ./Core/Src/RTC_Drv_Lib/RTC_Drv_Functions.o
LOAD ./Core/Src/RTC_Drv_Lib/RTC_Drv_Variables.o
LOAD ./Core/Src/Switch_Application_Lib/Switch_App_Functions.o
LOAD ./Core/Src/Switch_Application_Lib/Switch_App_Variables.o
LOAD ./Core/Src/UART1_Mast_App_Lib/UART1_Mast_App_Functions.o
LOAD ./Core/Src/UART1_Mast_App_Lib/UART1_Mast_App_Variables.o
LOAD ./Core/Src/UART1_Mast_Drv_Lib/UART1_Mast_Drv_Functions.o
LOAD ./Core/Src/UART1_Mast_Drv_Lib/UART1_Mast_Drv_Variables.o
LOAD ./Core/Startup/startup_stm32g070cbtx.o
LOAD ./Drivers/STM32G0xx_HAL_Driver/Src/stm32g0xx_ll_dma.o
LOAD ./Drivers/STM32G0xx_HAL_Driver/Src/stm32g0xx_ll_exti.o
LOAD ./Drivers/STM32G0xx_HAL_Driver/Src/stm32g0xx_ll_gpio.o
LOAD ./Drivers/STM32G0xx_HAL_Driver/Src/stm32g0xx_ll_i2c.o
LOAD ./Drivers/STM32G0xx_HAL_Driver/Src/stm32g0xx_ll_pwr.o
LOAD ./Drivers/STM32G0xx_HAL_Driver/Src/stm32g0xx_ll_rcc.o
LOAD ./Drivers/STM32G0xx_HAL_Driver/Src/stm32g0xx_ll_rtc.o
LOAD ./Drivers/STM32G0xx_HAL_Driver/Src/stm32g0xx_ll_tim.o
LOAD ./Drivers/STM32G0xx_HAL_Driver/Src/stm32g0xx_ll_usart.o
LOAD ./Drivers/STM32G0xx_HAL_Driver/Src/stm32g0xx_ll_utils.o
START GROUP
LOAD C:/ST/STM32CubeIDE_1.19.0/STM32CubeIDE/plugins/com.st.stm32cube.ide.mcu.externaltools.gnu-tools-for-stm32.13.3.rel1.win32_1.0.100.202509120712/tools/bin/../lib/gcc/arm-none-eabi/13.3.1/../../../../arm-none-eabi/lib/thumb/v6-m/nofp\libc_nano.a
LOAD C:/ST/STM32CubeIDE_1.19.0/STM32CubeIDE/plugins/com.st.stm32cube.ide.mcu.externaltools.gnu-tools-for-stm32.13.3.rel1.win32_1.0.100.202509120712/tools/bin/../lib/gcc/arm-none-eabi/13.3.1/../../../../arm-none-eabi/lib/thumb/v6-m/nofp\libm.a
END GROUP
START GROUP
LOAD C:/ST/STM32CubeIDE_1.19.0/STM32CubeIDE/plugins/com.st.stm32cube.ide.mcu.externaltools.gnu-tools-for-stm32.13.3.rel1.win32_1.0.100.202509120712/tools/bin/../lib/gcc/arm-none-eabi/13.3.1/thumb/v6-m/nofp\libgcc.a
LOAD C:/ST/STM32CubeIDE_1.19.0/STM32CubeIDE/plugins/com.st.stm32cube.ide.mcu.externaltools.gnu-tools-for-stm32.13.3.rel1.win32_1.0.100.202509120712/tools/bin/../lib/gcc/arm-none-eabi/13.3.1/../../../../arm-none-eabi/lib/thumb/v6-m/nofp\libc_nano.a
END GROUP
START GROUP
LOAD C:/ST/STM32CubeIDE_1.19.0/STM32CubeIDE/plugins/com.st.stm32cube.ide.mcu.externaltools.gnu-tools-for-stm32.13.3.rel1.win32_1.0.100.202509120712/tools/bin/../lib/gcc/arm-none-eabi/13.3.1/thumb/v6-m/nofp\libgcc.a
LOAD C:/ST/STM32CubeIDE_1.19.0/STM32CubeIDE/plugins/com.st.stm32cube.ide.mcu.externaltools.gnu-tools-for-stm32.13.3.rel1.win32_1.0.100.202509120712/tools/bin/../lib/gcc/arm-none-eabi/13.3.1/../../../../arm-none-eabi/lib/thumb/v6-m/nofp\libc_nano.a
LOAD C:/ST/STM32CubeIDE_1.19.0/STM32CubeIDE/plugins/com.st.stm32cube.ide.mcu.externaltools.gnu-tools-for-stm32.13.3.rel1.win32_1.0.100.202509120712/tools/bin/../lib/gcc/arm-none-eabi/13.3.1/../../../../arm-none-eabi/lib/thumb/v6-m/nofp\libnosys.a
END GROUP
START GROUP
LOAD C:/ST/STM32CubeIDE_1.19.0/STM32CubeIDE/plugins/com.st.stm32cube.ide.mcu.externaltools.gnu-tools-for-stm32.13.3.rel1.win32_1.0.100.202509120712/tools/bin/../lib/gcc/arm-none-eabi/13.3.1/thumb/v6-m/nofp\libgcc.a
LOAD C:/ST/STM32CubeIDE_1.19.0/STM32CubeIDE/plugins/com.st.stm32cube.ide.mcu.externaltools.gnu-tools-for-stm32.13.3.rel1.win32_1.0.100.202509120712/tools/bin/../lib/gcc/arm-none-eabi/13.3.1/../../../../arm-none-eabi/lib/thumb/v6-m/nofp\libc_nano.a
LOAD C:/ST/STM32CubeIDE_1.19.0/STM32CubeIDE/plugins/com.st.stm32cube.ide.mcu.externaltools.gnu-tools-for-stm32.13.3.rel1.win32_1.0.100.202509120712/tools/bin/../lib/gcc/arm-none-eabi/13.3.1/../../../../arm-none-eabi/lib/thumb/v6-m/nofp\libnosys.a
END GROUP
LOAD C:/ST/STM32CubeIDE_1.19.0/STM32CubeIDE/plugins/com.st.stm32cube.ide.mcu.externaltools.gnu-tools-for-stm32.13.3.rel1.win32_1.0.100.202509120712/tools/bin/../lib/gcc/arm-none-eabi/13.3.1/thumb/v6-m/nofp/crtend.o
LOAD C:/ST/STM32CubeIDE_1.19.0/STM32CubeIDE/plugins/com.st.stm32cube.ide.mcu.externaltools.gnu-tools-for-stm32.13.3.rel1.win32_1.0.100.202509120712/tools/bin/../lib/gcc/arm-none-eabi/13.3.1/thumb/v6-m/nofp/crtn.o
                0x20009000                        _estack = (ORIGIN (RAM) + LENGTH (RAM))
                0x00000200                        _Min_Heap_Size = 0x200
                0x00000400                        _Min_Stack_Size = 0x400

.isr_vector     0x08000000       0xb8
                0x08000000                        . = ALIGN (0x4)
 *(.isr_vector)
 .isr_vector    0x08000000       0xb8 ./Core/Startup/startup_stm32g070cbtx.o
                0x08000000                g_pfnVectors
                0x080000b8                        . = ALIGN (0x4)

.text           0x080000b8     0x8058
                0x080000b8                        . = ALIGN (0x4)
 *(.text)
 .text          0x080000b8       0x48 C:/ST/STM32CubeIDE_1.19.0/STM32CubeIDE/plugins/com.st.stm32cube.ide.mcu.externaltools.gnu-tools-for-stm32.13.3.rel1.win32_1.0.100.202509120712/tools/bin/../lib/gcc/arm-none-eabi/13.3.1/thumb/v6-m/nofp/crtbegin.o
 .text          0x08000100      0x114 C:/ST/STM32CubeIDE_1.19.0/STM32CubeIDE/plugins/com.st.stm32cube.ide.mcu.externaltools.gnu-tools-for-stm32.13.3.rel1.win32_1.0.100.202509120712/tools/bin/../lib/gcc/arm-none-eabi/13.3.1/thumb/v6-m/nofp\libgcc.a(_udivsi3.o)
                0x08000100                __aeabi_uidiv
                0x08000100                __udivsi3
                0x0800020c                __aeabi_uidivmod
 .text          0x08000214      0x1d4 C:/ST/STM32CubeIDE_1.19.0/STM32CubeIDE/plugins/com.st.stm32cube.ide.mcu.externaltools.gnu-tools-for-stm32.13.3.rel1.win32_1.0.100.202509120712/tools/bin/../lib/gcc/arm-none-eabi/13.3.1/thumb/v6-m/nofp\libgcc.a(_divsi3.o)
                0x08000214                __divsi3
                0x08000214                __aeabi_idiv
                0x080003e0                __aeabi_idivmod
 .text          0x080003e8        0x4 C:/ST/STM32CubeIDE_1.19.0/STM32CubeIDE/plugins/com.st.stm32cube.ide.mcu.externaltools.gnu-tools-for-stm32.13.3.rel1.win32_1.0.100.202509120712/tools/bin/../lib/gcc/arm-none-eabi/13.3.1/thumb/v6-m/nofp\libgcc.a(_dvmd_tls.o)
                0x080003e8                __aeabi_idiv0
                0x080003e8                __aeabi_ldiv0
 .text          0x080003ec       0x74 C:/ST/STM32CubeIDE_1.19.0/STM32CubeIDE/plugins/com.st.stm32cube.ide.mcu.externaltools.gnu-tools-for-stm32.13.3.rel1.win32_1.0.100.202509120712/tools/bin/../lib/gcc/arm-none-eabi/13.3.1/thumb/v6-m/nofp\libgcc.a(_arm_cmpsf2.o)
                0x080003ec                __aeabi_cfrcmple
                0x080003f4                __aeabi_cfcmpeq
                0x080003f4                __aeabi_cfcmple
                0x08000404                __aeabi_fcmpeq
                0x08000410                __aeabi_fcmplt
                0x08000424                __aeabi_fcmple
                0x08000438                __aeabi_fcmpgt
                0x0800044c                __aeabi_fcmpge
 .text          0x08000460      0x22c C:/ST/STM32CubeIDE_1.19.0/STM32CubeIDE/plugins/com.st.stm32cube.ide.mcu.externaltools.gnu-tools-for-stm32.13.3.rel1.win32_1.0.100.202509120712/tools/bin/../lib/gcc/arm-none-eabi/13.3.1/thumb/v6-m/nofp\libgcc.a(divsf3.o)
                0x08000460                __aeabi_fdiv
 .text          0x0800068c       0x50 C:/ST/STM32CubeIDE_1.19.0/STM32CubeIDE/plugins/com.st.stm32cube.ide.mcu.externaltools.gnu-tools-for-stm32.13.3.rel1.win32_1.0.100.202509120712/tools/bin/../lib/gcc/arm-none-eabi/13.3.1/thumb/v6-m/nofp\libgcc.a(eqsf2.o)
                0x0800068c                __eqsf2
                0x0800068c                __nesf2
 .text          0x080006dc       0x90 C:/ST/STM32CubeIDE_1.19.0/STM32CubeIDE/plugins/com.st.stm32cube.ide.mcu.externaltools.gnu-tools-for-stm32.13.3.rel1.win32_1.0.100.202509120712/tools/bin/../lib/gcc/arm-none-eabi/13.3.1/thumb/v6-m/nofp\libgcc.a(gesf2.o)
                0x080006dc                __gesf2
                0x080006dc                __gtsf2
 .text          0x0800076c       0x90 C:/ST/STM32CubeIDE_1.19.0/STM32CubeIDE/plugins/com.st.stm32cube.ide.mcu.externaltools.gnu-tools-for-stm32.13.3.rel1.win32_1.0.100.202509120712/tools/bin/../lib/gcc/arm-none-eabi/13.3.1/thumb/v6-m/nofp\libgcc.a(lesf2.o)
                0x0800076c                __ltsf2
                0x0800076c                __lesf2
 .text          0x080007fc      0x2b4 C:/ST/STM32CubeIDE_1.19.0/STM32CubeIDE/plugins/com.st.stm32cube.ide.mcu.externaltools.gnu-tools-for-stm32.13.3.rel1.win32_1.0.100.202509120712/tools/bin/../lib/gcc/arm-none-eabi/13.3.1/thumb/v6-m/nofp\libgcc.a(mulsf3.o)
                0x080007fc                __aeabi_fmul
 .text          0x08000ab0      0x4c8 C:/ST/STM32CubeIDE_1.19.0/STM32CubeIDE/plugins/com.st.stm32cube.ide.mcu.externaltools.gnu-tools-for-stm32.13.3.rel1.win32_1.0.100.202509120712/tools/bin/../lib/gcc/arm-none-eabi/13.3.1/thumb/v6-m/nofp\libgcc.a(subsf3.o)
                0x08000ab0                __aeabi_fsub
 .text          0x08000f78       0x40 C:/ST/STM32CubeIDE_1.19.0/STM32CubeIDE/plugins/com.st.stm32cube.ide.mcu.externaltools.gnu-tools-for-stm32.13.3.rel1.win32_1.0.100.202509120712/tools/bin/../lib/gcc/arm-none-eabi/13.3.1/thumb/v6-m/nofp\libgcc.a(fixsfsi.o)
                0x08000f78                __aeabi_f2iz
 .text          0x08000fb8       0xa0 C:/ST/STM32CubeIDE_1.19.0/STM32CubeIDE/plugins/com.st.stm32cube.ide.mcu.externaltools.gnu-tools-for-stm32.13.3.rel1.win32_1.0.100.202509120712/tools/bin/../lib/gcc/arm-none-eabi/13.3.1/thumb/v6-m/nofp\libgcc.a(floatsisf.o)
                0x08000fb8                __aeabi_i2f
 .text          0x08001058       0x8c C:/ST/STM32CubeIDE_1.19.0/STM32CubeIDE/plugins/com.st.stm32cube.ide.mcu.externaltools.gnu-tools-for-stm32.13.3.rel1.win32_1.0.100.202509120712/tools/bin/../lib/gcc/arm-none-eabi/13.3.1/thumb/v6-m/nofp\libgcc.a(floatunsisf.o)
                0x08001058                __aeabi_ui2f
 .text          0x080010e4       0x3c C:/ST/STM32CubeIDE_1.19.0/STM32CubeIDE/plugins/com.st.stm32cube.ide.mcu.externaltools.gnu-tools-for-stm32.13.3.rel1.win32_1.0.100.202509120712/tools/bin/../lib/gcc/arm-none-eabi/13.3.1/thumb/v6-m/nofp\libgcc.a(_clzsi2.o)
                0x080010e4                __clzsi2
 *(.text*)
 .text.LL_GPIO_TogglePin
                0x08001120       0x2e ./Core/Src/Display_Application_Lib/Display_App_Functions.o
 *fill*         0x0800114e        0x2 
 .text.Metering_State_Disp_Fn
                0x08001150      0x4fc ./Core/Src/Display_Application_Lib/Display_App_Functions.o
                0x08001150                Metering_State_Disp_Fn
 .text.Metering_Rq_Data_State_Disp_Fn
                0x0800164c       0x28 ./Core/Src/Display_Application_Lib/Display_App_Functions.o
                0x0800164c                Metering_Rq_Data_State_Disp_Fn
 .text.Option_State_Disp_Fn
                0x08001674       0x54 ./Core/Src/Display_Application_Lib/Display_App_Functions.o
                0x08001674                Option_State_Disp_Fn
 .text.Password_State_Disp_Fn
                0x080016c8       0x40 ./Core/Src/Display_Application_Lib/Display_App_Functions.o
                0x080016c8                Password_State_Disp_Fn
 .text.Calibration_State_Disp_Fn
                0x08001708      0x11c ./Core/Src/Display_Application_Lib/Display_App_Functions.o
                0x08001708                Calibration_State_Disp_Fn
 .text.Settings_State_Disp_Fn
                0x08001824       0xa4 ./Core/Src/Display_Application_Lib/Display_App_Functions.o
                0x08001824                Settings_State_Disp_Fn
 .text.Settings_Data_Rq_EEPROM_Disp_Fn
                0x080018c8       0x20 ./Core/Src/Display_Application_Lib/Display_App_Functions.o
                0x080018c8                Settings_Data_Rq_EEPROM_Disp_Fn
 .text.Settings_Send_Data_State_Disp_Fn
                0x080018e8       0x28 ./Core/Src/Display_Application_Lib/Display_App_Functions.o
                0x080018e8                Settings_Send_Data_State_Disp_Fn
 .text.Save_Settings_in_EEPROM_Settings_State_Disp_Fn
                0x08001910       0x20 ./Core/Src/Display_Application_Lib/Display_App_Functions.o
                0x08001910                Save_Settings_in_EEPROM_Settings_State_Disp_Fn
 .text.Reset_State_Disp_Fn
                0x08001930       0x18 ./Core/Src/Display_Application_Lib/Display_App_Functions.o
                0x08001930                Reset_State_Disp_Fn
 .text.Reset_Send_Rq_State_Disp_Fn
                0x08001948       0x20 ./Core/Src/Display_Application_Lib/Display_App_Functions.o
                0x08001948                Reset_Send_Rq_State_Disp_Fn
 .text.External_Set_Time_Date_Disp_Fn
                0x08001968       0x78 ./Core/Src/Display_Application_Lib/Display_App_Functions.o
                0x08001968                External_Set_Time_Date_Disp_Fn
 .text.Time_Date_Disp_Fn
                0x080019e0       0xc4 ./Core/Src/Display_Application_Lib/Display_App_Functions.o
                0x080019e0                Time_Date_Disp_Fn
 .text.Error_State_Disp_Fn
                0x08001aa4       0xa8 ./Core/Src/Display_Application_Lib/Display_App_Functions.o
                0x08001aa4                Error_State_Disp_Fn
 .text.Display_Variables_Init
                0x08001b4c       0x7c ./Core/Src/Display_Application_Lib/Display_App_Functions.o
                0x08001b4c                Display_Variables_Init
 .text.EEPROM_App_Read_Settings
                0x08001bc8       0x84 ./Core/Src/EEPROM_App_Lib/EEPROM_App_Functions.o
                0x08001bc8                EEPROM_App_Read_Settings
 .text.EEPROM_App_Write_Settings
                0x08001c4c       0x3c ./Core/Src/EEPROM_App_Lib/EEPROM_App_Functions.o
                0x08001c4c                EEPROM_App_Write_Settings
 .text.EEPROM_App_Read_Metering
                0x08001c88       0x44 ./Core/Src/EEPROM_App_Lib/EEPROM_App_Functions.o
                0x08001c88                EEPROM_App_Read_Metering
 .text.EEPROM_App_Write_Metering
                0x08001ccc       0x4c ./Core/Src/EEPROM_App_Lib/EEPROM_App_Functions.o
                0x08001ccc                EEPROM_App_Write_Metering
 .text.LL_I2C_SetMasterAddressingMode
                0x08001d18       0x28 ./Core/Src/EEPROM_Drv_Lib/EEPROM_Drv_Functions.o
 .text.LL_I2C_IsActiveFlag_TXE
                0x08001d40       0x22 ./Core/Src/EEPROM_Drv_Lib/EEPROM_Drv_Functions.o
 .text.LL_I2C_IsActiveFlag_TXIS
                0x08001d62       0x22 ./Core/Src/EEPROM_Drv_Lib/EEPROM_Drv_Functions.o
 .text.LL_I2C_IsActiveFlag_RXNE
                0x08001d84       0x22 ./Core/Src/EEPROM_Drv_Lib/EEPROM_Drv_Functions.o
 *fill*         0x08001da6        0x2 
 .text.LL_I2C_DisableAutoEndMode
                0x08001da8       0x20 ./Core/Src/EEPROM_Drv_Lib/EEPROM_Drv_Functions.o
 .text.LL_I2C_SetTransferSize
                0x08001dc8       0x28 ./Core/Src/EEPROM_Drv_Lib/EEPROM_Drv_Functions.o
 .text.LL_I2C_GenerateStopCondition
                0x08001df0       0x1e ./Core/Src/EEPROM_Drv_Lib/EEPROM_Drv_Functions.o
 .text.LL_I2C_SetSlaveAddr
                0x08001e0e       0x22 ./Core/Src/EEPROM_Drv_Lib/EEPROM_Drv_Functions.o
 .text.LL_I2C_ReceiveData8
                0x08001e30       0x16 ./Core/Src/EEPROM_Drv_Lib/EEPROM_Drv_Functions.o
 .text.LL_I2C_TransmitData8
                0x08001e46       0x1e ./Core/Src/EEPROM_Drv_Lib/EEPROM_Drv_Functions.o
 .text.EEPROM_Drv_Init
                0x08001e64       0x58 ./Core/Src/EEPROM_Drv_Lib/EEPROM_Drv_Functions.o
                0x08001e64                EEPROM_Drv_Init
 .text.EEPROM_Drv_Read_Byte
                0x08001ebc      0x1cc ./Core/Src/EEPROM_Drv_Lib/EEPROM_Drv_Functions.o
                0x08001ebc                EEPROM_Drv_Read_Byte
 .text.EEPROM_Drv_Write_Byte
                0x08002088      0x1d8 ./Core/Src/EEPROM_Drv_Lib/EEPROM_Drv_Functions.o
                0x08002088                EEPROM_Drv_Write_Byte
 .text.EEPROM_Drv_Read_Array
                0x08002260      0x1e4 ./Core/Src/EEPROM_Drv_Lib/EEPROM_Drv_Functions.o
                0x08002260                EEPROM_Drv_Read_Array
 .text.EEPROM_Drv_Write_Array
                0x08002444      0x2a4 ./Core/Src/EEPROM_Drv_Lib/EEPROM_Drv_Functions.o
                0x08002444                EEPROM_Drv_Write_Array
 .text.LL_GPIO_SetOutputPin
                0x080026e8       0x18 ./Core/Src/LCD16X2_Driver_Lib/LCD16X2_Driver_Functions.o
 .text.LL_GPIO_ResetOutputPin
                0x08002700       0x18 ./Core/Src/LCD16X2_Driver_Lib/LCD16X2_Driver_Functions.o
 .text.Delay    0x08002718       0x28 ./Core/Src/LCD16X2_Driver_Lib/LCD16X2_Driver_Functions.o
                0x08002718                Delay
 .text.TimingDelay_Decrement
                0x08002740       0x20 ./Core/Src/LCD16X2_Driver_Lib/LCD16X2_Driver_Functions.o
                0x08002740                TimingDelay_Decrement
 .text.LCD_Clear_Display
                0x08002760       0x18 ./Core/Src/LCD16X2_Driver_Lib/LCD16X2_Driver_Functions.o
                0x08002760                LCD_Clear_Display
 .text.LCD_Locate
                0x08002778       0x6a ./Core/Src/LCD16X2_Driver_Lib/LCD16X2_Driver_Functions.o
                0x08002778                LCD_Locate
 .text.LCD_Disp_On
                0x080027e2       0x18 ./Core/Src/LCD16X2_Driver_Lib/LCD16X2_Driver_Functions.o
                0x080027e2                LCD_Disp_On
 .text.Printfloat
                0x080027fa       0xd0 ./Core/Src/LCD16X2_Driver_Lib/LCD16X2_Driver_Functions.o
                0x080027fa                Printfloat
 *fill*         0x080028ca        0x2 
 .text.LCDByte  0x080028cc       0xb8 ./Core/Src/LCD16X2_Driver_Lib/LCD16X2_Driver_Functions.o
                0x080028cc                LCDByte
 .text.LCDInit  0x08002984       0xb0 ./Core/Src/LCD16X2_Driver_Lib/LCD16X2_Driver_Functions.o
                0x08002984                LCDInit
 .text.LCDWriteString
                0x08002a34       0x82 ./Core/Src/LCD16X2_Driver_Lib/LCD16X2_Driver_Functions.o
                0x08002a34                LCDWriteString
 .text.LCDWrite_Unsigned_Int
                0x08002ab6       0xdc ./Core/Src/LCD16X2_Driver_Lib/LCD16X2_Driver_Functions.o
                0x08002ab6                LCDWrite_Unsigned_Int
 *fill*         0x08002b92        0x2 
 .text.Nibble_Write
                0x08002b94       0xac ./Core/Src/LCD16X2_Driver_Lib/LCD16X2_Driver_Functions.o
                0x08002b94                Nibble_Write
 .text.Whileloop_State_Fn
                0x08002c40       0x8c ./Core/Src/Main_Functions.o
                0x08002c40                Whileloop_State_Fn
 .text.Whileloop_Metering_Fn
                0x08002ccc      0x10c ./Core/Src/Main_Functions.o
                0x08002ccc                Whileloop_Metering_Fn
 .text.Whileloop_Option_Fn
                0x08002dd8      0x1a0 ./Core/Src/Main_Functions.o
                0x08002dd8                Whileloop_Option_Fn
 .text.Whileloop_Password_Fn
                0x08002f78       0x74 ./Core/Src/Main_Functions.o
                0x08002f78                Whileloop_Password_Fn
 .text.Whileloop_Calibration_Fn
                0x08002fec      0x17c ./Core/Src/Main_Functions.o
                0x08002fec                Whileloop_Calibration_Fn
 .text.Whileloop_Calib_Update_and_Send_Fn
                0x08003168       0xac ./Core/Src/Main_Functions.o
                0x08003168                Whileloop_Calib_Update_and_Send_Fn
 .text.Calibration_Update
                0x08003214       0x78 ./Core/Src/Main_Functions.o
                0x08003214                Calibration_Update
 .text.Whileloop_Setting_Fn
                0x0800328c      0x16c ./Core/Src/Main_Functions.o
                0x0800328c                Whileloop_Setting_Fn
 .text.Whileloop_Setting_Data_Rq_EEPROM_Fn
                0x080033f8      0x13c ./Core/Src/Main_Functions.o
                0x080033f8                Whileloop_Setting_Data_Rq_EEPROM_Fn
 .text.Whileloop_Save_Setting_in_EEPROM_Fn
                0x08003534       0xe8 ./Core/Src/Main_Functions.o
                0x08003534                Whileloop_Save_Setting_in_EEPROM_Fn
 .text.Whileloop_User_Reset_Fn
                0x0800361c       0x70 ./Core/Src/Main_Functions.o
                0x0800361c                Whileloop_User_Reset_Fn
 .text.Whileloop_Daily_Reset_Fn
                0x0800368c      0x108 ./Core/Src/Main_Functions.o
                0x0800368c                Whileloop_Daily_Reset_Fn
 .text.Whileloop_Send_Reset_Rq_Fn
                0x08003794       0x70 ./Core/Src/Main_Functions.o
                0x08003794                Whileloop_Send_Reset_Rq_Fn
 .text.Whileloop_Ext_RTC_Set_Time_Date_Fn
                0x08003804      0x280 ./Core/Src/Main_Functions.o
                0x08003804                Whileloop_Ext_RTC_Set_Time_Date_Fn
 .text.Whileloop_Disp_Time_Date_Fn
                0x08003a84       0xbc ./Core/Src/Main_Functions.o
                0x08003a84                Whileloop_Disp_Time_Date_Fn
 .text.Whileloop_Error_Fn
                0x08003b40       0xa4 ./Core/Src/Main_Functions.o
                0x08003b40                Whileloop_Error_Fn
 .text.Main_Variables_Init
                0x08003be4       0x38 ./Core/Src/Main_Functions.o
                0x08003be4                Main_Variables_Init
 .text.LL_IOP_GRP1_EnableClock
                0x08003c1c       0x2c ./Core/Src/gpio.o
 .text.LL_GPIO_ResetOutputPin
                0x08003c48       0x18 ./Core/Src/gpio.o
 .text.MX_GPIO_Init
                0x08003c60      0x390 ./Core/Src/gpio.o
                0x08003c60                MX_GPIO_Init
 .text.LL_I2C_EnableClockStretching
                0x08003ff0       0x20 ./Core/Src/i2c.o
 .text.LL_I2C_DisableGeneralCall
                0x08004010       0x20 ./Core/Src/i2c.o
 .text.LL_I2C_SetOwnAddress2
                0x08004030       0x2c ./Core/Src/i2c.o
 .text.LL_I2C_DisableOwnAddress2
                0x0800405c       0x20 ./Core/Src/i2c.o
 .text.LL_I2C_EnableAutoEndMode
                0x0800407c       0x1e ./Core/Src/i2c.o
 *fill*         0x0800409a        0x2 
 .text.LL_RCC_SetI2CClockSource
                0x0800409c       0x30 ./Core/Src/i2c.o
 .text.LL_APB1_GRP1_EnableClock
                0x080040cc       0x2c ./Core/Src/i2c.o
 .text.LL_IOP_GRP1_EnableClock
                0x080040f8       0x2c ./Core/Src/i2c.o
 .text.MX_I2C1_Init
                0x08004124      0x118 ./Core/Src/i2c.o
                0x08004124                MX_I2C1_Init
 .text.__NVIC_SetPriority
                0x0800423c       0xdc ./Core/Src/main.o
 .text.LL_RCC_HSI_Enable
                0x08004318       0x1c ./Core/Src/main.o
 .text.LL_RCC_HSI_IsReady
                0x08004334       0x28 ./Core/Src/main.o
 .text.LL_RCC_LSI_Enable
                0x0800435c       0x1c ./Core/Src/main.o
 .text.LL_RCC_LSI_IsReady
                0x08004378       0x20 ./Core/Src/main.o
 .text.LL_RCC_SetSysClkSource
                0x08004398       0x28 ./Core/Src/main.o
 .text.LL_RCC_GetSysClkSource
                0x080043c0       0x18 ./Core/Src/main.o
 .text.LL_RCC_SetAHBPrescaler
                0x080043d8       0x2c ./Core/Src/main.o
 .text.LL_RCC_SetAPB1Prescaler
                0x08004404       0x2c ./Core/Src/main.o
 .text.LL_RCC_PLL_Enable
                0x08004430       0x1c ./Core/Src/main.o
 .text.LL_RCC_PLL_IsReady
                0x0800444c       0x28 ./Core/Src/main.o
 .text.LL_RCC_PLL_ConfigDomain_SYS
                0x08004474       0x40 ./Core/Src/main.o
 .text.LL_RCC_PLL_EnableDomain_SYS
                0x080044b4       0x1c ./Core/Src/main.o
 .text.LL_APB1_GRP1_EnableClock
                0x080044d0       0x2c ./Core/Src/main.o
 .text.LL_APB2_GRP1_EnableClock
                0x080044fc       0x2c ./Core/Src/main.o
 .text.LL_FLASH_SetLatency
                0x08004528       0x28 ./Core/Src/main.o
 .text.LL_FLASH_GetLatency
                0x08004550       0x18 ./Core/Src/main.o
 .text.LL_PWR_EnableBkUpAccess
                0x08004568       0x1c ./Core/Src/main.o
 .text.main     0x08004584       0xf8 ./Core/Src/main.o
                0x08004584                main
 .text.SystemClock_Config
                0x0800467c       0x94 ./Core/Src/main.o
                0x0800467c                SystemClock_Config
 .text.LL_RCC_SetRTCClockSource
                0x08004710       0x2c ./Core/Src/rtc.o
 .text.LL_RCC_GetRTCClockSource
                0x0800473c       0x18 ./Core/Src/rtc.o
 .text.LL_RCC_EnableRTC
                0x08004754       0x1c ./Core/Src/rtc.o
 .text.LL_RCC_ForceBackupDomainReset
                0x08004770       0x1c ./Core/Src/rtc.o
 .text.LL_RCC_ReleaseBackupDomainReset
                0x0800478c       0x20 ./Core/Src/rtc.o
 .text.LL_APB1_GRP1_EnableClock
                0x080047ac       0x2c ./Core/Src/rtc.o
 .text.MX_RTC_Init
                0x080047d8       0x6c ./Core/Src/rtc.o
                0x080047d8                MX_RTC_Init
 .text.NMI_Handler
                0x08004844        0x8 ./Core/Src/stm32g0xx_it.o
                0x08004844                NMI_Handler
 .text.HardFault_Handler
                0x0800484c        0x8 ./Core/Src/stm32g0xx_it.o
                0x0800484c                HardFault_Handler
 .text.SVC_Handler
                0x08004854        0xa ./Core/Src/stm32g0xx_it.o
                0x08004854                SVC_Handler
 .text.PendSV_Handler
                0x0800485e        0xa ./Core/Src/stm32g0xx_it.o
                0x0800485e                PendSV_Handler
 .text.SysTick_Handler
                0x08004868        0xa ./Core/Src/stm32g0xx_it.o
                0x08004868                SysTick_Handler
 *fill*         0x08004872        0x2 
 .text.TIM1_BRK_UP_TRG_COM_IRQHandler
                0x08004874       0xdc ./Core/Src/stm32g0xx_it.o
                0x08004874                TIM1_BRK_UP_TRG_COM_IRQHandler
 .text.USART1_IRQHandler
                0x08004950        0xa ./Core/Src/stm32g0xx_it.o
                0x08004950                USART1_IRQHandler
 .text.USART2_IRQHandler
                0x0800495a        0xe ./Core/Src/stm32g0xx_it.o
                0x0800495a                USART2_IRQHandler
 .text.USART3_4_IRQHandler
                0x08004968        0xa ./Core/Src/stm32g0xx_it.o
                0x08004968                USART3_4_IRQHandler
 .text.SystemInit
                0x08004972        0xa ./Core/Src/system_stm32g0xx.o
                0x08004972                SystemInit
 .text.__NVIC_EnableIRQ
                0x0800497c       0x34 ./Core/Src/tim.o
 .text.__NVIC_SetPriority
                0x080049b0       0xdc ./Core/Src/tim.o
 .text.LL_APB2_GRP1_EnableClock
                0x08004a8c       0x2c ./Core/Src/tim.o
 .text.LL_TIM_DisableARRPreload
                0x08004ab8       0x1e ./Core/Src/tim.o
 *fill*         0x08004ad6        0x2 
 .text.LL_TIM_SetClockSource
                0x08004ad8       0x28 ./Core/Src/tim.o
 .text.LL_TIM_SetTriggerOutput
                0x08004b00       0x24 ./Core/Src/tim.o
 .text.LL_TIM_SetTriggerOutput2
                0x08004b24       0x28 ./Core/Src/tim.o
 .text.LL_TIM_DisableMasterSlaveMode
                0x08004b4c       0x1e ./Core/Src/tim.o
 *fill*         0x08004b6a        0x2 
 .text.MX_TIM1_Init
                0x08004b6c       0x94 ./Core/Src/tim.o
                0x08004b6c                MX_TIM1_Init
 .text.__NVIC_EnableIRQ
                0x08004c00       0x34 ./Core/Src/usart.o
 .text.__NVIC_SetPriority
                0x08004c34       0xdc ./Core/Src/usart.o
 .text.LL_RCC_SetUSARTClockSource
                0x08004d10       0x30 ./Core/Src/usart.o
 .text.LL_APB1_GRP1_EnableClock
                0x08004d40       0x2c ./Core/Src/usart.o
 .text.LL_APB2_GRP1_EnableClock
                0x08004d6c       0x2c ./Core/Src/usart.o
 .text.LL_IOP_GRP1_EnableClock
                0x08004d98       0x2c ./Core/Src/usart.o
 .text.LL_USART_Enable
                0x08004dc4       0x1c ./Core/Src/usart.o
 .text.LL_USART_DisableFIFO
                0x08004de0       0x20 ./Core/Src/usart.o
 .text.LL_USART_SetTXFIFOThreshold
                0x08004e00       0x46 ./Core/Src/usart.o
 *fill*         0x08004e46        0x2 
 .text.LL_USART_SetRXFIFOThreshold
                0x08004e48       0x4c ./Core/Src/usart.o
 .text.LL_USART_ConfigAsyncMode
                0x08004e94       0x30 ./Core/Src/usart.o
 .text.LL_USART_IsActiveFlag_TEACK
                0x08004ec4       0x28 ./Core/Src/usart.o
 .text.LL_USART_IsActiveFlag_REACK
                0x08004eec       0x28 ./Core/Src/usart.o
 .text.MX_USART1_UART_Init
                0x08004f14      0x148 ./Core/Src/usart.o
                0x08004f14                MX_USART1_UART_Init
 .text.MX_USART2_UART_Init
                0x0800505c      0x144 ./Core/Src/usart.o
                0x0800505c                MX_USART2_UART_Init
 .text.MX_USART3_UART_Init
                0x080051a0      0x128 ./Core/Src/usart.o
                0x080051a0                MX_USART3_UART_Init
 .text.MX_USART4_UART_Init
                0x080052c8      0x120 ./Core/Src/usart.o
                0x080052c8                MX_USART4_UART_Init
 .text.LL_I2C_SetMasterAddressingMode
                0x080053e8       0x28 ./Core/Src/RTC_Drv_Lib/RTC_Drv_Functions.o
 .text.LL_I2C_IsActiveFlag_TXE
                0x08005410       0x22 ./Core/Src/RTC_Drv_Lib/RTC_Drv_Functions.o
 .text.LL_I2C_IsActiveFlag_TXIS
                0x08005432       0x22 ./Core/Src/RTC_Drv_Lib/RTC_Drv_Functions.o
 .text.LL_I2C_IsActiveFlag_RXNE
                0x08005454       0x22 ./Core/Src/RTC_Drv_Lib/RTC_Drv_Functions.o
 *fill*         0x08005476        0x2 
 .text.LL_I2C_DisableAutoEndMode
                0x08005478       0x20 ./Core/Src/RTC_Drv_Lib/RTC_Drv_Functions.o
 .text.LL_I2C_SetTransferSize
                0x08005498       0x28 ./Core/Src/RTC_Drv_Lib/RTC_Drv_Functions.o
 .text.LL_I2C_GenerateStopCondition
                0x080054c0       0x1e ./Core/Src/RTC_Drv_Lib/RTC_Drv_Functions.o
 .text.LL_I2C_SetSlaveAddr
                0x080054de       0x22 ./Core/Src/RTC_Drv_Lib/RTC_Drv_Functions.o
 .text.LL_I2C_ReceiveData8
                0x08005500       0x16 ./Core/Src/RTC_Drv_Lib/RTC_Drv_Functions.o
 .text.LL_I2C_TransmitData8
                0x08005516       0x1e ./Core/Src/RTC_Drv_Lib/RTC_Drv_Functions.o
 .text.LL_RTC_ALMA_ConfigTime
                0x08005534       0x4c ./Core/Src/RTC_Drv_Lib/RTC_Drv_Functions.o
 .text.RTC_Drv_Init
                0x08005580       0x54 ./Core/Src/RTC_Drv_Lib/RTC_Drv_Functions.o
                0x08005580                RTC_Drv_Init
 .text.RTC_Drv_Get_Ext_Date_Time
                0x080055d4      0x2a4 ./Core/Src/RTC_Drv_Lib/RTC_Drv_Functions.o
                0x080055d4                RTC_Drv_Get_Ext_Date_Time
 .text.RTC_Drv_Set_Ext_Date_Time
                0x08005878      0x118 ./Core/Src/RTC_Drv_Lib/RTC_Drv_Functions.o
                0x08005878                RTC_Drv_Set_Ext_Date_Time
 .text.RTC_Drv_Ext_Write_Byte
                0x08005990      0x150 ./Core/Src/RTC_Drv_Lib/RTC_Drv_Functions.o
                0x08005990                RTC_Drv_Ext_Write_Byte
 .text.RTC_Drv_Set_Intrnl_From_Ext
                0x08005ae0       0x90 ./Core/Src/RTC_Drv_Lib/RTC_Drv_Functions.o
                0x08005ae0                RTC_Drv_Set_Intrnl_From_Ext
 .text.RTC_Drv_Intrnl_Alarm_Init
                0x08005b70       0x50 ./Core/Src/RTC_Drv_Lib/RTC_Drv_Functions.o
                0x08005b70                RTC_Drv_Intrnl_Alarm_Init
 .text.Switch_1ms_Interrupt_Fn
                0x08005bc0       0xd4 ./Core/Src/Switch_Application_Lib/Switch_App_Functions.o
                0x08005bc0                Switch_1ms_Interrupt_Fn
 .text.Switch_Incrmnt_Detect
                0x08005c94       0x74 ./Core/Src/Switch_Application_Lib/Switch_App_Functions.o
                0x08005c94                Switch_Incrmnt_Detect
 .text.Switch_Decrmnt_Detect
                0x08005d08       0x64 ./Core/Src/Switch_Application_Lib/Switch_App_Functions.o
                0x08005d08                Switch_Decrmnt_Detect
 .text.Switch_Set_Detect
                0x08005d6c       0xac ./Core/Src/Switch_Application_Lib/Switch_App_Functions.o
                0x08005d6c                Switch_Set_Detect
 .text.Switch_Enter_Detect
                0x08005e18       0xa8 ./Core/Src/Switch_Application_Lib/Switch_App_Functions.o
                0x08005e18                Switch_Enter_Detect
 .text.Switch_Set_and_Enter_Detect
                0x08005ec0       0x7c ./Core/Src/Switch_Application_Lib/Switch_App_Functions.o
                0x08005ec0                Switch_Set_and_Enter_Detect
 .text.Whileloop_Metering_Data_Rq_Fn
                0x08005f3c      0x104 ./Core/Src/UART1_Mast_App_Lib/UART1_Mast_App_Functions.o
                0x08005f3c                Whileloop_Metering_Data_Rq_Fn
 .text.U1Mast_App_Populate_And_Send_Txdata_Array_With_Message_Request_Metering
                0x08006040       0x50 ./Core/Src/UART1_Mast_App_Lib/UART1_Mast_App_Functions.o
                0x08006040                U1Mast_App_Populate_And_Send_Txdata_Array_With_Message_Request_Metering
 .text.Whileloop_Setting_Send_Data_Fn
                0x08006090      0x104 ./Core/Src/UART1_Mast_App_Lib/UART1_Mast_App_Functions.o
                0x08006090                Whileloop_Setting_Send_Data_Fn
 .text.Display_to_Inverter
                0x08006194      0x2c4 ./Core/Src/UART1_Mast_App_Lib/UART1_Mast_App_Functions.o
                0x08006194                Display_to_Inverter
 .text.U1Mast_App_Populate_And_Send_Txdata_Array_With_Zeros_Calib
                0x08006458       0x9c ./Core/Src/UART1_Mast_App_Lib/UART1_Mast_App_Functions.o
                0x08006458                U1Mast_App_Populate_And_Send_Txdata_Array_With_Zeros_Calib
 .text.U1Mast_App_Populate_And_Send_Txdata_Array_With_Msg_Calib
                0x080064f4      0x198 ./Core/Src/UART1_Mast_App_Lib/UART1_Mast_App_Functions.o
                0x080064f4                U1Mast_App_Populate_And_Send_Txdata_Array_With_Msg_Calib
 .text.U1Mast_App_Populate_And_Send_Txdata_Array_With_Msg_RESET
                0x0800668c       0x94 ./Core/Src/UART1_Mast_App_Lib/UART1_Mast_App_Functions.o
                0x0800668c                U1Mast_App_Populate_And_Send_Txdata_Array_With_Msg_RESET
 .text.U1Mast_App_Store_Received_Data_In_Variables
                0x08006720       0x1a ./Core/Src/UART1_Mast_App_Lib/UART1_Mast_App_Functions.o
                0x08006720                U1Mast_App_Store_Received_Data_In_Variables
 *fill*         0x0800673a        0x2 
 .text.U1Mast_App_Update_Variables_if_Mesage_is_m
                0x0800673c       0x84 ./Core/Src/UART1_Mast_App_Lib/UART1_Mast_App_Functions.o
                0x0800673c                U1Mast_App_Update_Variables_if_Mesage_is_m
 .text.U1Mast_App_Update_Variables_if_Mesage_is_S
                0x080067c0       0x5c ./Core/Src/UART1_Mast_App_Lib/UART1_Mast_App_Functions.o
                0x080067c0                U1Mast_App_Update_Variables_if_Mesage_is_S
 .text.U1Mast_App_Update_Variables_if_Mesage_is_c
                0x0800681c       0x8c ./Core/Src/UART1_Mast_App_Lib/UART1_Mast_App_Functions.o
                0x0800681c                U1Mast_App_Update_Variables_if_Mesage_is_c
 .text.U1Mast_App_Update_Variables_if_Mesage_is_r
                0x080068a8       0x50 ./Core/Src/UART1_Mast_App_Lib/UART1_Mast_App_Functions.o
                0x080068a8                U1Mast_App_Update_Variables_if_Mesage_is_r
 .text.U1Mast_App_Use_Received_Data_m
                0x080068f8       0xd8 ./Core/Src/UART1_Mast_App_Lib/UART1_Mast_App_Functions.o
                0x080068f8                U1Mast_App_Use_Received_Data_m
 .text.U1Mast_App_Use_Received_Data_c
                0x080069d0       0x70 ./Core/Src/UART1_Mast_App_Lib/UART1_Mast_App_Functions.o
                0x080069d0                U1Mast_App_Use_Received_Data_c
 .text.U1Mast_Drv_crcFast
                0x08006a40       0x5c ./Core/Src/UART1_Mast_Drv_Lib/UART1_Mast_Drv_Functions.o
                0x08006a40                U1Mast_Drv_crcFast
 .text.U1Mast_Drv_Receive_ISR_Program
                0x08006a9c      0x2f8 ./Core/Src/UART1_Mast_Drv_Lib/UART1_Mast_Drv_Functions.o
                0x08006a9c                U1Mast_Drv_Receive_ISR_Program
 .text.U1Mast_Drv_Send_Function_Inside_Timer_Interrupt
                0x08006d94       0x70 ./Core/Src/UART1_Mast_Drv_Lib/UART1_Mast_Drv_Functions.o
                0x08006d94                U1Mast_Drv_Send_Function_Inside_Timer_Interrupt
 .text.Reset_Handler
                0x08006e04       0x50 ./Core/Startup/startup_stm32g070cbtx.o
                0x08006e04                Reset_Handler
 .text.Default_Handler
                0x08006e54        0x2 ./Core/Startup/startup_stm32g070cbtx.o
                0x08006e54                TIM1_CC_IRQHandler
                0x08006e54                TIM6_IRQHandler
                0x08006e54                I2C1_IRQHandler
                0x08006e54                RTC_TAMP_IRQHandler
                0x08006e54                SPI1_IRQHandler
                0x08006e54                EXTI2_3_IRQHandler
                0x08006e54                ADC1_IRQHandler
                0x08006e54                I2C2_IRQHandler
                0x08006e54                TIM17_IRQHandler
                0x08006e54                TIM16_IRQHandler
                0x08006e54                TIM3_IRQHandler
                0x08006e54                EXTI4_15_IRQHandler
                0x08006e54                RCC_IRQHandler
                0x08006e54                DMA1_Channel1_IRQHandler
                0x08006e54                Default_Handler
                0x08006e54                TIM14_IRQHandler
                0x08006e54                TIM7_IRQHandler
                0x08006e54                TIM15_IRQHandler
                0x08006e54                EXTI0_1_IRQHandler
                0x08006e54                SPI2_IRQHandler
                0x08006e54                WWDG_IRQHandler
                0x08006e54                DMA1_Ch4_7_DMAMUX1_OVR_IRQHandler
                0x08006e54                DMA1_Channel2_3_IRQHandler
                0x08006e54                FLASH_IRQHandler
 .text.LL_GPIO_SetPinMode
                0x08006e56       0x38 ./Drivers/STM32G0xx_HAL_Driver/Src/stm32g0xx_ll_gpio.o
 .text.LL_GPIO_SetPinOutputType
                0x08006e8e       0x2a ./Drivers/STM32G0xx_HAL_Driver/Src/stm32g0xx_ll_gpio.o
 .text.LL_GPIO_SetPinSpeed
                0x08006eb8       0x38 ./Drivers/STM32G0xx_HAL_Driver/Src/stm32g0xx_ll_gpio.o
 .text.LL_GPIO_SetPinPull
                0x08006ef0       0x38 ./Drivers/STM32G0xx_HAL_Driver/Src/stm32g0xx_ll_gpio.o
 .text.LL_GPIO_SetAFPin_0_7
                0x08006f28       0x46 ./Drivers/STM32G0xx_HAL_Driver/Src/stm32g0xx_ll_gpio.o
 .text.LL_GPIO_SetAFPin_8_15
                0x08006f6e       0x5a ./Drivers/STM32G0xx_HAL_Driver/Src/stm32g0xx_ll_gpio.o
 .text.LL_GPIO_Init
                0x08006fc8       0xb6 ./Drivers/STM32G0xx_HAL_Driver/Src/stm32g0xx_ll_gpio.o
                0x08006fc8                LL_GPIO_Init
 .text.LL_I2C_Enable
                0x0800707e       0x1c ./Drivers/STM32G0xx_HAL_Driver/Src/stm32g0xx_ll_i2c.o
 .text.LL_I2C_Disable
                0x0800709a       0x1e ./Drivers/STM32G0xx_HAL_Driver/Src/stm32g0xx_ll_i2c.o
 .text.LL_I2C_ConfigFilters
                0x080070b8       0x30 ./Drivers/STM32G0xx_HAL_Driver/Src/stm32g0xx_ll_i2c.o
 .text.LL_I2C_SetOwnAddress1
                0x080070e8       0x28 ./Drivers/STM32G0xx_HAL_Driver/Src/stm32g0xx_ll_i2c.o
 .text.LL_I2C_EnableOwnAddress1
                0x08007110       0x1e ./Drivers/STM32G0xx_HAL_Driver/Src/stm32g0xx_ll_i2c.o
 *fill*         0x0800712e        0x2 
 .text.LL_I2C_DisableOwnAddress1
                0x08007130       0x20 ./Drivers/STM32G0xx_HAL_Driver/Src/stm32g0xx_ll_i2c.o
 .text.LL_I2C_SetTiming
                0x08007150       0x18 ./Drivers/STM32G0xx_HAL_Driver/Src/stm32g0xx_ll_i2c.o
 .text.LL_I2C_SetMode
                0x08007168       0x28 ./Drivers/STM32G0xx_HAL_Driver/Src/stm32g0xx_ll_i2c.o
 .text.LL_I2C_AcknowledgeNextData
                0x08007190       0x28 ./Drivers/STM32G0xx_HAL_Driver/Src/stm32g0xx_ll_i2c.o
 .text.LL_I2C_Init
                0x080071b8       0x86 ./Drivers/STM32G0xx_HAL_Driver/Src/stm32g0xx_ll_i2c.o
                0x080071b8                LL_I2C_Init
 *fill*         0x0800723e        0x2 
 .text.LL_RCC_HSI_IsReady
                0x08007240       0x28 ./Drivers/STM32G0xx_HAL_Driver/Src/stm32g0xx_ll_rcc.o
 .text.LL_RCC_LSE_IsReady
                0x08007268       0x20 ./Drivers/STM32G0xx_HAL_Driver/Src/stm32g0xx_ll_rcc.o
 .text.LL_RCC_GetSysClkSource
                0x08007288       0x18 ./Drivers/STM32G0xx_HAL_Driver/Src/stm32g0xx_ll_rcc.o
 .text.LL_RCC_GetAHBPrescaler
                0x080072a0       0x18 ./Drivers/STM32G0xx_HAL_Driver/Src/stm32g0xx_ll_rcc.o
 .text.LL_RCC_GetAPB1Prescaler
                0x080072b8       0x18 ./Drivers/STM32G0xx_HAL_Driver/Src/stm32g0xx_ll_rcc.o
 .text.LL_RCC_GetUSARTClockSource
                0x080072d0       0x24 ./Drivers/STM32G0xx_HAL_Driver/Src/stm32g0xx_ll_rcc.o
 .text.LL_RCC_PLL_GetN
                0x080072f4       0x18 ./Drivers/STM32G0xx_HAL_Driver/Src/stm32g0xx_ll_rcc.o
 .text.LL_RCC_PLL_GetR
                0x0800730c       0x18 ./Drivers/STM32G0xx_HAL_Driver/Src/stm32g0xx_ll_rcc.o
 .text.LL_RCC_PLL_GetMainSource
                0x08007324       0x18 ./Drivers/STM32G0xx_HAL_Driver/Src/stm32g0xx_ll_rcc.o
 .text.LL_RCC_PLL_GetDivider
                0x0800733c       0x18 ./Drivers/STM32G0xx_HAL_Driver/Src/stm32g0xx_ll_rcc.o
 .text.LL_RCC_GetSystemClocksFreq
                0x08007354       0x3a ./Drivers/STM32G0xx_HAL_Driver/Src/stm32g0xx_ll_rcc.o
                0x08007354                LL_RCC_GetSystemClocksFreq
 *fill*         0x0800738e        0x2 
 .text.LL_RCC_GetUSARTClockFreq
                0x08007390      0x120 ./Drivers/STM32G0xx_HAL_Driver/Src/stm32g0xx_ll_rcc.o
                0x08007390                LL_RCC_GetUSARTClockFreq
 .text.RCC_GetSystemClockFreq
                0x080074b0       0x5c ./Drivers/STM32G0xx_HAL_Driver/Src/stm32g0xx_ll_rcc.o
 .text.RCC_GetHCLKClockFreq
                0x0800750c       0x30 ./Drivers/STM32G0xx_HAL_Driver/Src/stm32g0xx_ll_rcc.o
 .text.RCC_GetPCLK1ClockFreq
                0x0800753c       0x2c ./Drivers/STM32G0xx_HAL_Driver/Src/stm32g0xx_ll_rcc.o
 .text.RCC_PLL_GetFreqDomain_SYS
                0x08007568       0x74 ./Drivers/STM32G0xx_HAL_Driver/Src/stm32g0xx_ll_rcc.o
 .text.LL_RTC_SetHourFormat
                0x080075dc       0x24 ./Drivers/STM32G0xx_HAL_Driver/Src/stm32g0xx_ll_rtc.o
 .text.LL_RTC_GetHourFormat
                0x08007600       0x18 ./Drivers/STM32G0xx_HAL_Driver/Src/stm32g0xx_ll_rtc.o
 .text.LL_RTC_EnableInitMode
                0x08007618       0x18 ./Drivers/STM32G0xx_HAL_Driver/Src/stm32g0xx_ll_rtc.o
 .text.LL_RTC_DisableInitMode
                0x08007630       0x18 ./Drivers/STM32G0xx_HAL_Driver/Src/stm32g0xx_ll_rtc.o
 .text.LL_RTC_IsShadowRegBypassEnabled
                0x08007648       0x22 ./Drivers/STM32G0xx_HAL_Driver/Src/stm32g0xx_ll_rtc.o
 *fill*         0x0800766a        0x2 
 .text.LL_RTC_SetAsynchPrescaler
                0x0800766c       0x28 ./Drivers/STM32G0xx_HAL_Driver/Src/stm32g0xx_ll_rtc.o
 .text.LL_RTC_SetSynchPrescaler
                0x08007694       0x22 ./Drivers/STM32G0xx_HAL_Driver/Src/stm32g0xx_ll_rtc.o
 .text.LL_RTC_EnableWriteProtection
                0x080076b6       0x16 ./Drivers/STM32G0xx_HAL_Driver/Src/stm32g0xx_ll_rtc.o
 .text.LL_RTC_DisableWriteProtection
                0x080076cc       0x1c ./Drivers/STM32G0xx_HAL_Driver/Src/stm32g0xx_ll_rtc.o
 .text.LL_RTC_TIME_Config
                0x080076e8       0x4c ./Drivers/STM32G0xx_HAL_Driver/Src/stm32g0xx_ll_rtc.o
 .text.LL_RTC_DATE_Config
                0x08007734       0x50 ./Drivers/STM32G0xx_HAL_Driver/Src/stm32g0xx_ll_rtc.o
 .text.LL_RTC_IsActiveFlag_INIT
                0x08007784       0x22 ./Drivers/STM32G0xx_HAL_Driver/Src/stm32g0xx_ll_rtc.o
 .text.LL_RTC_IsActiveFlag_RS
                0x080077a6       0x22 ./Drivers/STM32G0xx_HAL_Driver/Src/stm32g0xx_ll_rtc.o
 .text.LL_RTC_ClearFlag_RS
                0x080077c8       0x22 ./Drivers/STM32G0xx_HAL_Driver/Src/stm32g0xx_ll_rtc.o
 *fill*         0x080077ea        0x2 
 .text.LL_SYSTICK_IsActiveCounterFlag
                0x080077ec       0x28 ./Drivers/STM32G0xx_HAL_Driver/Src/stm32g0xx_ll_rtc.o
 .text.LL_RTC_Init
                0x08007814       0x76 ./Drivers/STM32G0xx_HAL_Driver/Src/stm32g0xx_ll_rtc.o
                0x08007814                LL_RTC_Init
 .text.LL_RTC_TIME_Init
                0x0800788a      0x156 ./Drivers/STM32G0xx_HAL_Driver/Src/stm32g0xx_ll_rtc.o
                0x0800788a                LL_RTC_TIME_Init
 .text.LL_RTC_DATE_Init
                0x080079e0      0x152 ./Drivers/STM32G0xx_HAL_Driver/Src/stm32g0xx_ll_rtc.o
                0x080079e0                LL_RTC_DATE_Init
 .text.LL_RTC_EnterInitMode
                0x08007b32       0x7c ./Drivers/STM32G0xx_HAL_Driver/Src/stm32g0xx_ll_rtc.o
                0x08007b32                LL_RTC_EnterInitMode
 .text.LL_RTC_WaitForSynchro
                0x08007bae       0xc4 ./Drivers/STM32G0xx_HAL_Driver/Src/stm32g0xx_ll_rtc.o
                0x08007bae                LL_RTC_WaitForSynchro
 .text.LL_TIM_SetPrescaler
                0x08007c72       0x18 ./Drivers/STM32G0xx_HAL_Driver/Src/stm32g0xx_ll_tim.o
 .text.LL_TIM_SetAutoReload
                0x08007c8a       0x18 ./Drivers/STM32G0xx_HAL_Driver/Src/stm32g0xx_ll_tim.o
 .text.LL_TIM_SetRepetitionCounter
                0x08007ca2       0x18 ./Drivers/STM32G0xx_HAL_Driver/Src/stm32g0xx_ll_tim.o
 .text.LL_TIM_GenerateEvent_UPDATE
                0x08007cba       0x1c ./Drivers/STM32G0xx_HAL_Driver/Src/stm32g0xx_ll_tim.o
 *fill*         0x08007cd6        0x2 
 .text.LL_TIM_Init
                0x08007cd8       0xf0 ./Drivers/STM32G0xx_HAL_Driver/Src/stm32g0xx_ll_tim.o
                0x08007cd8                LL_TIM_Init
 .text.LL_USART_IsEnabled
                0x08007dc8       0x22 ./Drivers/STM32G0xx_HAL_Driver/Src/stm32g0xx_ll_usart.o
 .text.LL_USART_SetPrescaler
                0x08007dea       0x24 ./Drivers/STM32G0xx_HAL_Driver/Src/stm32g0xx_ll_usart.o
 *fill*         0x08007e0e        0x2 
 .text.LL_USART_SetStopBitsLength
                0x08007e10       0x28 ./Drivers/STM32G0xx_HAL_Driver/Src/stm32g0xx_ll_usart.o
 .text.LL_USART_SetHWFlowCtrl
                0x08007e38       0x28 ./Drivers/STM32G0xx_HAL_Driver/Src/stm32g0xx_ll_usart.o
 .text.LL_USART_SetBaudRate
                0x08007e60       0xb4 ./Drivers/STM32G0xx_HAL_Driver/Src/stm32g0xx_ll_usart.o
 .text.LL_USART_Init
                0x08007f14      0x11c ./Drivers/STM32G0xx_HAL_Driver/Src/stm32g0xx_ll_usart.o
                0x08007f14                LL_USART_Init
 .text.LL_InitTick
                0x08008030       0x34 ./Drivers/STM32G0xx_HAL_Driver/Src/stm32g0xx_ll_utils.o
 .text.LL_Init1msTick
                0x08008064       0x1e ./Drivers/STM32G0xx_HAL_Driver/Src/stm32g0xx_ll_utils.o
                0x08008064                LL_Init1msTick
 *fill*         0x08008082        0x2 
 .text.LL_SetSystemCoreClock
                0x08008084       0x1c ./Drivers/STM32G0xx_HAL_Driver/Src/stm32g0xx_ll_utils.o
                0x08008084                LL_SetSystemCoreClock
 .text.memset   0x080080a0       0x10 C:/ST/STM32CubeIDE_1.19.0/STM32CubeIDE/plugins/com.st.stm32cube.ide.mcu.externaltools.gnu-tools-for-stm32.13.3.rel1.win32_1.0.100.202509120712/tools/bin/../lib/gcc/arm-none-eabi/13.3.1/../../../../arm-none-eabi/lib/thumb/v6-m/nofp\libc_nano.a(libc_a-memset.o)
                0x080080a0                memset
 .text.__libc_init_array
                0x080080b0       0x48 C:/ST/STM32CubeIDE_1.19.0/STM32CubeIDE/plugins/com.st.stm32cube.ide.mcu.externaltools.gnu-tools-for-stm32.13.3.rel1.win32_1.0.100.202509120712/tools/bin/../lib/gcc/arm-none-eabi/13.3.1/../../../../arm-none-eabi/lib/thumb/v6-m/nofp\libc_nano.a(libc_a-init.o)
                0x080080b0                __libc_init_array
 *(.glue_7)
 .glue_7        0x080080f8        0x0 linker stubs
 *(.glue_7t)
 .glue_7t       0x080080f8        0x0 linker stubs
 *(.eh_frame)
 .eh_frame      0x080080f8        0x0 C:/ST/STM32CubeIDE_1.19.0/STM32CubeIDE/plugins/com.st.stm32cube.ide.mcu.externaltools.gnu-tools-for-stm32.13.3.rel1.win32_1.0.100.202509120712/tools/bin/../lib/gcc/arm-none-eabi/13.3.1/thumb/v6-m/nofp/crtbegin.o
 *(.init)
 .init          0x080080f8        0x4 C:/ST/STM32CubeIDE_1.19.0/STM32CubeIDE/plugins/com.st.stm32cube.ide.mcu.externaltools.gnu-tools-for-stm32.13.3.rel1.win32_1.0.100.202509120712/tools/bin/../lib/gcc/arm-none-eabi/13.3.1/thumb/v6-m/nofp/crti.o
                0x080080f8                _init
 .init          0x080080fc        0x8 C:/ST/STM32CubeIDE_1.19.0/STM32CubeIDE/plugins/com.st.stm32cube.ide.mcu.externaltools.gnu-tools-for-stm32.13.3.rel1.win32_1.0.100.202509120712/tools/bin/../lib/gcc/arm-none-eabi/13.3.1/thumb/v6-m/nofp/crtn.o
 *(.fini)
 .fini          0x08008104        0x4 C:/ST/STM32CubeIDE_1.19.0/STM32CubeIDE/plugins/com.st.stm32cube.ide.mcu.externaltools.gnu-tools-for-stm32.13.3.rel1.win32_1.0.100.202509120712/tools/bin/../lib/gcc/arm-none-eabi/13.3.1/thumb/v6-m/nofp/crti.o
                0x08008104                _fini
 .fini          0x08008108        0x8 C:/ST/STM32CubeIDE_1.19.0/STM32CubeIDE/plugins/com.st.stm32cube.ide.mcu.externaltools.gnu-tools-for-stm32.13.3.rel1.win32_1.0.100.202509120712/tools/bin/../lib/gcc/arm-none-eabi/13.3.1/thumb/v6-m/nofp/crtn.o
                0x08008110                        . = ALIGN (0x4)
                0x08008110                        _etext = .

.vfp11_veneer   0x08008110        0x0
 .vfp11_veneer  0x08008110        0x0 linker stubs

.v4_bx          0x08008110        0x0
 .v4_bx         0x08008110        0x0 linker stubs

.iplt           0x08008110        0x0
 .iplt          0x08008110        0x0 C:/ST/STM32CubeIDE_1.19.0/STM32CubeIDE/plugins/com.st.stm32cube.ide.mcu.externaltools.gnu-tools-for-stm32.13.3.rel1.win32_1.0.100.202509120712/tools/bin/../lib/gcc/arm-none-eabi/13.3.1/thumb/v6-m/nofp/crtbegin.o

.rodata         0x08008110      0xabc
                0x08008110                        . = ALIGN (0x4)
 *(.rodata)
 .rodata        0x08008110       0xbb ./Core/Src/Display_Application_Lib/Display_App_Functions.o
 *fill*         0x080081cb        0x1 
 .rodata        0x080081cc       0xf3 ./Core/Src/Main_Functions.o
 *fill*         0x080082bf        0x1 
 .rodata        0x080082c0       0x7c C:/ST/STM32CubeIDE_1.19.0/STM32CubeIDE/plugins/com.st.stm32cube.ide.mcu.externaltools.gnu-tools-for-stm32.13.3.rel1.win32_1.0.100.202509120712/tools/bin/../lib/gcc/arm-none-eabi/13.3.1/thumb/v6-m/nofp\libgcc.a(divsf3.o)
 *(.rodata*)
 .rodata.Disp_Metering_Name
                0x0800833c       0xdc ./Core/Src/Display_Application_Lib/Display_App_Variables.o
                0x0800833c                Disp_Metering_Name
 .rodata.Disp_Option_Name
                0x08008418       0x64 ./Core/Src/Display_Application_Lib/Display_App_Variables.o
                0x08008418                Disp_Option_Name
 .rodata.Disp_Password_Name
                0x0800847c        0xa ./Core/Src/Display_Application_Lib/Display_App_Variables.o
                0x0800847c                Disp_Password_Name
 *fill*         0x08008486        0x2 
 .rodata.Disp_Metrng_Calib_Name
                0x08008488       0x78 ./Core/Src/Display_Application_Lib/Display_App_Variables.o
                0x08008488                Disp_Metrng_Calib_Name
 .rodata.Disp_Desired_Metrng_Calib_Name
                0x08008500       0xb4 ./Core/Src/Display_Application_Lib/Display_App_Variables.o
                0x08008500                Disp_Desired_Metrng_Calib_Name
 .rodata.Disp_Setting_Name
                0x080085b4      0x334 ./Core/Src/Display_Application_Lib/Display_App_Variables.o
                0x080085b4                Disp_Setting_Name
 .rodata.Disp_Calib_Value_Scaler
                0x080088e8       0x30 ./Core/Src/Display_Application_Lib/Display_App_Variables.o
                0x080088e8                Disp_Calib_Value_Scaler
 .rodata.Disp_Setting_Value_Scaler
                0x08008918       0xa4 ./Core/Src/Display_Application_Lib/Display_App_Variables.o
                0x08008918                Disp_Setting_Value_Scaler
 .rodata.Disp_RTC_Name
                0x080089bc       0x3c ./Core/Src/Display_Application_Lib/Display_App_Variables.o
                0x080089bc                Disp_RTC_Name
 .rodata.Whileloop_State_Fn
                0x080089f8       0x44 ./Core/Src/Main_Functions.o
 .rodata.AHBPrescTable
                0x08008a3c       0x40 ./Core/Src/system_stm32g0xx.o
                0x08008a3c                AHBPrescTable
 .rodata.APBPrescTable
                0x08008a7c       0x20 ./Core/Src/system_stm32g0xx.o
                0x08008a7c                APBPrescTable
 .rodata.UART1_crcTable
                0x08008a9c      0x100 ./Core/Src/UART1_Mast_Drv_Lib/UART1_Mast_Drv_Variables.o
                0x08008a9c                UART1_crcTable
 .rodata.USART_PRESCALER_TAB
                0x08008b9c       0x30 ./Drivers/STM32G0xx_HAL_Driver/Src/stm32g0xx_ll_usart.o
                0x08008bcc                        . = ALIGN (0x4)

.ARM.extab      0x08008bcc        0x0
                0x08008bcc                        . = ALIGN (0x4)
 *(.ARM.extab* .gnu.linkonce.armextab.*)
                0x08008bcc                        . = ALIGN (0x4)

.ARM            0x08008bcc        0x0
                0x08008bcc                        . = ALIGN (0x4)
                0x08008bcc                        __exidx_start = .
 *(.ARM.exidx*)
                0x08008bcc                        __exidx_end = .
                0x08008bcc                        . = ALIGN (0x4)

.preinit_array  0x08008bcc        0x0
                0x08008bcc                        . = ALIGN (0x4)
                0x08008bcc                        PROVIDE (__preinit_array_start = .)
 *(.preinit_array*)
                0x08008bcc                        PROVIDE (__preinit_array_end = .)
                0x08008bcc                        . = ALIGN (0x4)

.init_array     0x08008bcc        0x4
                0x08008bcc                        . = ALIGN (0x4)
                0x08008bcc                        PROVIDE (__init_array_start = .)
 *(SORT_BY_NAME(.init_array.*))
 *(.init_array*)
 .init_array    0x08008bcc        0x4 C:/ST/STM32CubeIDE_1.19.0/STM32CubeIDE/plugins/com.st.stm32cube.ide.mcu.externaltools.gnu-tools-for-stm32.13.3.rel1.win32_1.0.100.202509120712/tools/bin/../lib/gcc/arm-none-eabi/13.3.1/thumb/v6-m/nofp/crtbegin.o
                0x08008bd0                        PROVIDE (__init_array_end = .)
                0x08008bd0                        . = ALIGN (0x4)

.fini_array     0x08008bd0        0x4
                0x08008bd0                        . = ALIGN (0x4)
                [!provide]                        PROVIDE (__fini_array_start = .)
 *(SORT_BY_NAME(.fini_array.*))
 *(.fini_array*)
 .fini_array    0x08008bd0        0x4 C:/ST/STM32CubeIDE_1.19.0/STM32CubeIDE/plugins/com.st.stm32cube.ide.mcu.externaltools.gnu-tools-for-stm32.13.3.rel1.win32_1.0.100.202509120712/tools/bin/../lib/gcc/arm-none-eabi/13.3.1/thumb/v6-m/nofp/crtbegin.o
                [!provide]                        PROVIDE (__fini_array_end = .)
                0x08008bd4                        . = ALIGN (0x4)
                0x08008bd4                        _sidata = LOADADDR (.data)

.rel.dyn        0x08008bd4        0x0
 .rel.iplt      0x08008bd4        0x0 C:/ST/STM32CubeIDE_1.19.0/STM32CubeIDE/plugins/com.st.stm32cube.ide.mcu.externaltools.gnu-tools-for-stm32.13.3.rel1.win32_1.0.100.202509120712/tools/bin/../lib/gcc/arm-none-eabi/13.3.1/thumb/v6-m/nofp/crtbegin.o

.data           0x20000000      0x28c load address 0x08008bd4
                0x20000000                        . = ALIGN (0x4)
                0x20000000                        _sdata = .
 *(.data)
 *(.data*)
 .data.Disp_Metrng_Calib_Value
                0x20000000       0x18 ./Core/Src/Display_Application_Lib/Display_App_Variables.o
                0x20000000                Disp_Metrng_Calib_Value
 .data.Disp_Desired_Metrng_Calib_Value
                0x20000018       0x18 ./Core/Src/Display_Application_Lib/Display_App_Variables.o
                0x20000018                Disp_Desired_Metrng_Calib_Value
 .data.Calib_Value
                0x20000030       0x18 ./Core/Src/Display_Application_Lib/Display_App_Variables.o
                0x20000030                Calib_Value
 .data.Disp_Setting_Value
                0x20000048       0x52 ./Core/Src/Display_Application_Lib/Display_App_Variables.o
                0x20000048                Disp_Setting_Value
 *fill*         0x2000009a        0x2 
 .data.Disp_New_Setting_Value
                0x2000009c       0x52 ./Core/Src/Display_Application_Lib/Display_App_Variables.o
                0x2000009c                Disp_New_Setting_Value
 *fill*         0x200000ee        0x2 
 .data.EEPROM_Write_Array
                0x200000f0      0x12c ./Core/Src/EEPROM_Drv_Lib/EEPROM_Drv_Variables.o
                0x200000f0                EEPROM_Write_Array
 .data.__cgram  0x2000021c       0x40 ./Core/Src/LCD16X2_Driver_Lib/LCD16X2_Driver_Variables.o
                0x2000021c                __cgram
 .data.SystemCoreClock
                0x2000025c        0x4 ./Core/Src/system_stm32g0xx.o
                0x2000025c                SystemCoreClock
 .data.V_INV_Ref
                0x20000260        0x2 ./Core/Src/UART1_Mast_App_Lib/UART1_Mast_App_Variables.o
                0x20000260                V_INV_Ref
 .data.V_INV_UL
                0x20000262        0x2 ./Core/Src/UART1_Mast_App_Lib/UART1_Mast_App_Variables.o
                0x20000262                V_INV_UL
 .data.V_INV_LL
                0x20000264        0x2 ./Core/Src/UART1_Mast_App_Lib/UART1_Mast_App_Variables.o
                0x20000264                V_INV_LL
 .data.V_Batt_H_Cutoff
                0x20000266        0x2 ./Core/Src/UART1_Mast_App_Lib/UART1_Mast_App_Variables.o
                0x20000266                V_Batt_H_Cutoff
 .data.V_Batt_H_Cutin
                0x20000268        0x2 ./Core/Src/UART1_Mast_App_Lib/UART1_Mast_App_Variables.o
                0x20000268                V_Batt_H_Cutin
 .data.V_Batt_L_Cutoff
                0x2000026a        0x2 ./Core/Src/UART1_Mast_App_Lib/UART1_Mast_App_Variables.o
                0x2000026a                V_Batt_L_Cutoff
 .data.I_Inv_Full_Load
                0x2000026c        0x2 ./Core/Src/UART1_Mast_App_Lib/UART1_Mast_App_Variables.o
                0x2000026c                I_Inv_Full_Load
 .data.Grid_KVA_Limit
                0x2000026e        0x2 ./Core/Src/UART1_Mast_App_Lib/UART1_Mast_App_Variables.o
                0x2000026e                Grid_KVA_Limit
 .data.Relay_Off_Time
                0x20000270        0x2 ./Core/Src/UART1_Mast_App_Lib/UART1_Mast_App_Variables.o
                0x20000270                Relay_Off_Time
 .data.Relay_On_Time
                0x20000272        0x2 ./Core/Src/UART1_Mast_App_Lib/UART1_Mast_App_Variables.o
                0x20000272                Relay_On_Time
 .data.I_grid_Export_Limit
                0x20000274        0x2 ./Core/Src/UART1_Mast_App_Lib/UART1_Mast_App_Variables.o
                0x20000274                I_grid_Export_Limit
 .data.I_grid_Import_Limit
                0x20000276        0x2 ./Core/Src/UART1_Mast_App_Lib/UART1_Mast_App_Variables.o
                0x20000276                I_grid_Import_Limit
 .data.PV_H_Cutoff
                0x20000278        0x2 ./Core/Src/UART1_Mast_App_Lib/UART1_Mast_App_Variables.o
                0x20000278                PV_H_Cutoff
 .data.PV_H_Cutin
                0x2000027a        0x2 ./Core/Src/UART1_Mast_App_Lib/UART1_Mast_App_Variables.o
                0x2000027a                PV_H_Cutin
 .data.PV_L_Cutin
                0x2000027c        0x2 ./Core/Src/UART1_Mast_App_Lib/UART1_Mast_App_Variables.o
                0x2000027c                PV_L_Cutin
 .data.PV_L_Cutoff
                0x2000027e        0x2 ./Core/Src/UART1_Mast_App_Lib/UART1_Mast_App_Variables.o
                0x2000027e                PV_L_Cutoff
 .data.I_PV_UL  0x20000280        0x2 ./Core/Src/UART1_Mast_App_Lib/UART1_Mast_App_Variables.o
                0x20000280                I_PV_UL
 .data.V_Mains_H_Cutoff
                0x20000282        0x2 ./Core/Src/UART1_Mast_App_Lib/UART1_Mast_App_Variables.o
                0x20000282                V_Mains_H_Cutoff
 .data.V_Mains_H_Cutin
                0x20000284        0x2 ./Core/Src/UART1_Mast_App_Lib/UART1_Mast_App_Variables.o
                0x20000284                V_Mains_H_Cutin
 .data.V_Mains_L_Cutoff
                0x20000286        0x2 ./Core/Src/UART1_Mast_App_Lib/UART1_Mast_App_Variables.o
                0x20000286                V_Mains_L_Cutoff
 .data.V_Mains_L_Cutin
                0x20000288        0x2 ./Core/Src/UART1_Mast_App_Lib/UART1_Mast_App_Variables.o
                0x20000288                V_Mains_L_Cutin
 .data.PV_Power_Limit
                0x2000028a        0x2 ./Core/Src/UART1_Mast_App_Lib/UART1_Mast_App_Variables.o
                0x2000028a                PV_Power_Limit
 *(.RamFunc)
 *(.RamFunc*)
                0x2000028c                        . = ALIGN (0x4)
                0x2000028c                        _edata = .

.igot.plt       0x2000028c        0x0 load address 0x08008e60
 .igot.plt      0x2000028c        0x0 C:/ST/STM32CubeIDE_1.19.0/STM32CubeIDE/plugins/com.st.stm32cube.ide.mcu.externaltools.gnu-tools-for-stm32.13.3.rel1.win32_1.0.100.202509120712/tools/bin/../lib/gcc/arm-none-eabi/13.3.1/thumb/v6-m/nofp/crtbegin.o
                0x2000028c                        . = ALIGN (0x4)

.bss            0x2000028c      0x40c load address 0x08008e60
                0x2000028c                        _sbss = .
                0x2000028c                        __bss_start__ = _sbss
 *(.bss)
 .bss           0x2000028c       0x1c C:/ST/STM32CubeIDE_1.19.0/STM32CubeIDE/plugins/com.st.stm32cube.ide.mcu.externaltools.gnu-tools-for-stm32.13.3.rel1.win32_1.0.100.202509120712/tools/bin/../lib/gcc/arm-none-eabi/13.3.1/thumb/v6-m/nofp/crtbegin.o
 *(.bss*)
 .bss.Disp_Metering_Value_Scaler
                0x200002a8       0x58 ./Core/Src/Display_Application_Lib/Display_App_Variables.o
                0x200002a8                Disp_Metering_Value_Scaler
 .bss.Disp_Metering_Value
                0x20000300       0x2c ./Core/Src/Display_Application_Lib/Display_App_Variables.o
                0x20000300                Disp_Metering_Value
 .bss.Disp_Setting_Write_Value
                0x2000032c       0x52 ./Core/Src/Display_Application_Lib/Display_App_Variables.o
                0x2000032c                Disp_Setting_Write_Value
 *fill*         0x2000037e        0x2 
 .bss.Disp_RTC_Value
                0x20000380        0x6 ./Core/Src/Display_Application_Lib/Display_App_Variables.o
                0x20000380                Disp_RTC_Value
 *fill*         0x20000386        0x2 
 .bss.EEPROM_App_Flags
                0x20000388        0x4 ./Core/Src/EEPROM_App_Lib/EEPROM_App_Variables.o
                0x20000388                EEPROM_App_Flags
 .bss.EEPROM_App_Var
                0x2000038c        0x2 ./Core/Src/EEPROM_App_Lib/EEPROM_App_Variables.o
                0x2000038c                EEPROM_App_Var
 *fill*         0x2000038e        0x2 
 .bss.EEPROM_Drv_Var
                0x20000390       0x18 ./Core/Src/EEPROM_Drv_Lib/EEPROM_Drv_Variables.o
                0x20000390                EEPROM_Drv_Var
 .bss.EEPROM_Read_Array
                0x200003a8       0xff ./Core/Src/EEPROM_Drv_Lib/EEPROM_Drv_Variables.o
                0x200003a8                EEPROM_Read_Array
 *fill*         0x200004a7        0x1 
 .bss.TimingDelay
                0x200004a8        0x4 ./Core/Src/LCD16X2_Driver_Lib/LCD16X2_Driver_Variables.o
                0x200004a8                TimingDelay
 .bss.State     0x200004ac        0x1 ./Core/Src/Main_Variables.o
                0x200004ac                State
 *fill*         0x200004ad        0x3 
 .bss.Disp_Cntrl
                0x200004b0       0x28 ./Core/Src/Main_Variables.o
                0x200004b0                Disp_Cntrl
 .bss.RTC_Drv_Var
                0x200004d8        0xc ./Core/Src/RTC_Drv_Lib/RTC_Drv_Variables.o
                0x200004d8                RTC_Drv_Var
 .bss.RTC_Ext_Reg
                0x200004e4       0x10 ./Core/Src/RTC_Drv_Lib/RTC_Drv_Variables.o
                0x200004e4                RTC_Ext_Reg
 .bss.RTC_Drv_Ext_Time
                0x200004f4        0x8 ./Core/Src/RTC_Drv_Lib/RTC_Drv_Variables.o
                0x200004f4                RTC_Drv_Ext_Time
 .bss.Switch_Detect_Incrmnt_Btn
                0x200004fc        0x4 ./Core/Src/Switch_Application_Lib/Switch_App_Variables.o
                0x200004fc                Switch_Detect_Incrmnt_Btn
 .bss.Switch_Detect_Decrmnt_Btn
                0x20000500        0x4 ./Core/Src/Switch_Application_Lib/Switch_App_Variables.o
                0x20000500                Switch_Detect_Decrmnt_Btn
 .bss.Switch_Detect_Set_Btn
                0x20000504        0x4 ./Core/Src/Switch_Application_Lib/Switch_App_Variables.o
                0x20000504                Switch_Detect_Set_Btn
 .bss.Switch_Detect_Enter_Btn
                0x20000508        0x4 ./Core/Src/Switch_Application_Lib/Switch_App_Variables.o
                0x20000508                Switch_Detect_Enter_Btn
 .bss.Switch_Detect_Set_Enter_Btn
                0x2000050c        0x4 ./Core/Src/Switch_Application_Lib/Switch_App_Variables.o
                0x2000050c                Switch_Detect_Set_Enter_Btn
 .bss.U1Mast_App_Rec_Flags
                0x20000510        0x4 ./Core/Src/UART1_Mast_App_Lib/UART1_Mast_App_Variables.o
                0x20000510                U1Mast_App_Rec_Flags
 .bss.U1Mast_App_Send_Flags
                0x20000514        0xc ./Core/Src/UART1_Mast_App_Lib/UART1_Mast_App_Variables.o
                0x20000514                U1Mast_App_Send_Flags
 .bss.U1Mast_App_Send_Var
                0x20000520        0x8 ./Core/Src/UART1_Mast_App_Lib/UART1_Mast_App_Variables.o
                0x20000520                U1Mast_App_Send_Var
 .bss.V_Batt_L_Cutin
                0x20000528        0x2 ./Core/Src/UART1_Mast_App_Lib/UART1_Mast_App_Variables.o
                0x20000528                V_Batt_L_Cutin
 *fill*         0x2000052a        0x2 
 .bss.UART1_recvdata
                0x2000052c       0xfa ./Core/Src/UART1_Mast_Drv_Lib/UART1_Mast_Drv_Variables.o
                0x2000052c                UART1_recvdata
 *fill*         0x20000626        0x2 
 .bss.U1Mast_Drv_Rec_Flags
                0x20000628        0x4 ./Core/Src/UART1_Mast_Drv_Lib/UART1_Mast_Drv_Variables.o
                0x20000628                U1Mast_Drv_Rec_Flags
 .bss.U1Mast_Drv_Rec_Var
                0x2000062c        0x8 ./Core/Src/UART1_Mast_Drv_Lib/UART1_Mast_Drv_Variables.o
                0x2000062c                U1Mast_Drv_Rec_Var
 .bss.UART1_Txdata
                0x20000634       0x5a ./Core/Src/UART1_Mast_Drv_Lib/UART1_Mast_Drv_Variables.o
                0x20000634                UART1_Txdata
 *fill*         0x2000068e        0x2 
 .bss.U1Mast_Drv_Send_Flags
                0x20000690        0x4 ./Core/Src/UART1_Mast_Drv_Lib/UART1_Mast_Drv_Variables.o
                0x20000690                U1Mast_Drv_Send_Flags
 .bss.U1Mast_Drv_Send_Var
                0x20000694        0x4 ./Core/Src/UART1_Mast_Drv_Lib/UART1_Mast_Drv_Variables.o
                0x20000694                U1Mast_Drv_Send_Var
 *(COMMON)
                0x20000698                        . = ALIGN (0x4)
                0x20000698                        _ebss = .
                0x20000698                        __bss_end__ = _ebss

._user_heap_stack
                0x20000698      0x600 load address 0x08008e60
                0x20000698                        . = ALIGN (0x8)
                [!provide]                        PROVIDE (end = .)
                0x20000698                        PROVIDE (_end = .)
                0x20000898                        . = (. + _Min_Heap_Size)
 *fill*         0x20000698      0x200 
                0x20000c98                        . = (. + _Min_Stack_Size)
 *fill*         0x20000898      0x400 
                0x20000c98                        . = ALIGN (0x8)

/DISCARD/
 libc.a(*)
 libm.a(*)
 libgcc.a(*)

.ARM.attributes
                0x00000000       0x28
 *(.ARM.attributes)
 .ARM.attributes
                0x00000000       0x1e C:/ST/STM32CubeIDE_1.19.0/STM32CubeIDE/plugins/com.st.stm32cube.ide.mcu.externaltools.gnu-tools-for-stm32.13.3.rel1.win32_1.0.100.202509120712/tools/bin/../lib/gcc/arm-none-eabi/13.3.1/thumb/v6-m/nofp/crti.o
 .ARM.attributes
                0x0000001e       0x2c C:/ST/STM32CubeIDE_1.19.0/STM32CubeIDE/plugins/com.st.stm32cube.ide.mcu.externaltools.gnu-tools-for-stm32.13.3.rel1.win32_1.0.100.202509120712/tools/bin/../lib/gcc/arm-none-eabi/13.3.1/thumb/v6-m/nofp/crtbegin.o
 .ARM.attributes
                0x0000004a       0x2c ./Core/Src/Display_Application_Lib/Display_App_Functions.o
 .ARM.attributes
                0x00000076       0x2c ./Core/Src/Display_Application_Lib/Display_App_Variables.o
 .ARM.attributes
                0x000000a2       0x2c ./Core/Src/EEPROM_App_Lib/EEPROM_App_Functions.o
 .ARM.attributes
                0x000000ce       0x2c ./Core/Src/EEPROM_App_Lib/EEPROM_App_Variables.o
 .ARM.attributes
                0x000000fa       0x2c ./Core/Src/EEPROM_Drv_Lib/EEPROM_Drv_Functions.o
 .ARM.attributes
                0x00000126       0x2c ./Core/Src/EEPROM_Drv_Lib/EEPROM_Drv_Variables.o
 .ARM.attributes
                0x00000152       0x2c ./Core/Src/LCD16X2_Driver_Lib/LCD16X2_Driver_Functions.o
 .ARM.attributes
                0x0000017e       0x2c ./Core/Src/LCD16X2_Driver_Lib/LCD16X2_Driver_Variables.o
 .ARM.attributes
                0x000001aa       0x2c ./Core/Src/Main_Functions.o
 .ARM.attributes
                0x000001d6       0x2c ./Core/Src/Main_Variables.o
 .ARM.attributes
                0x00000202       0x2c ./Core/Src/gpio.o
 .ARM.attributes
                0x0000022e       0x2c ./Core/Src/i2c.o
 .ARM.attributes
                0x0000025a       0x2c ./Core/Src/main.o
 .ARM.attributes
                0x00000286       0x2c ./Core/Src/rtc.o
 .ARM.attributes
                0x000002b2       0x2c ./Core/Src/stm32g0xx_it.o
 .ARM.attributes
                0x000002de       0x2c ./Core/Src/system_stm32g0xx.o
 .ARM.attributes
                0x0000030a       0x2c ./Core/Src/tim.o
 .ARM.attributes
                0x00000336       0x2c ./Core/Src/usart.o
 .ARM.attributes
                0x00000362       0x2c ./Core/Src/RTC_Drv_Lib/RTC_Drv_Functions.o
 .ARM.attributes
                0x0000038e       0x2c ./Core/Src/RTC_Drv_Lib/RTC_Drv_Variables.o
 .ARM.attributes
                0x000003ba       0x2c ./Core/Src/Switch_Application_Lib/Switch_App_Functions.o
 .ARM.attributes
                0x000003e6       0x2c ./Core/Src/Switch_Application_Lib/Switch_App_Variables.o
 .ARM.attributes
                0x00000412       0x2c ./Core/Src/UART1_Mast_App_Lib/UART1_Mast_App_Functions.o
 .ARM.attributes
                0x0000043e       0x2c ./Core/Src/UART1_Mast_App_Lib/UART1_Mast_App_Variables.o
 .ARM.attributes
                0x0000046a       0x2c ./Core/Src/UART1_Mast_Drv_Lib/UART1_Mast_Drv_Functions.o
 .ARM.attributes
                0x00000496       0x2c ./Core/Src/UART1_Mast_Drv_Lib/UART1_Mast_Drv_Variables.o
 .ARM.attributes
                0x000004c2       0x22 ./Core/Startup/startup_stm32g070cbtx.o
 .ARM.attributes
                0x000004e4       0x2c ./Drivers/STM32G0xx_HAL_Driver/Src/stm32g0xx_ll_gpio.o
 .ARM.attributes
                0x00000510       0x2c ./Drivers/STM32G0xx_HAL_Driver/Src/stm32g0xx_ll_i2c.o
 .ARM.attributes
                0x0000053c       0x2c ./Drivers/STM32G0xx_HAL_Driver/Src/stm32g0xx_ll_rcc.o
 .ARM.attributes
                0x00000568       0x2c ./Drivers/STM32G0xx_HAL_Driver/Src/stm32g0xx_ll_rtc.o
 .ARM.attributes
                0x00000594       0x2c ./Drivers/STM32G0xx_HAL_Driver/Src/stm32g0xx_ll_tim.o
 .ARM.attributes
                0x000005c0       0x2c ./Drivers/STM32G0xx_HAL_Driver/Src/stm32g0xx_ll_usart.o
 .ARM.attributes
                0x000005ec       0x2c ./Drivers/STM32G0xx_HAL_Driver/Src/stm32g0xx_ll_utils.o
 .ARM.attributes
                0x00000618       0x2c C:/ST/STM32CubeIDE_1.19.0/STM32CubeIDE/plugins/com.st.stm32cube.ide.mcu.externaltools.gnu-tools-for-stm32.13.3.rel1.win32_1.0.100.202509120712/tools/bin/../lib/gcc/arm-none-eabi/13.3.1/../../../../arm-none-eabi/lib/thumb/v6-m/nofp\libc_nano.a(libc_a-memset.o)
 .ARM.attributes
                0x00000644       0x2c C:/ST/STM32CubeIDE_1.19.0/STM32CubeIDE/plugins/com.st.stm32cube.ide.mcu.externaltools.gnu-tools-for-stm32.13.3.rel1.win32_1.0.100.202509120712/tools/bin/../lib/gcc/arm-none-eabi/13.3.1/../../../../arm-none-eabi/lib/thumb/v6-m/nofp\libc_nano.a(libc_a-init.o)
 .ARM.attributes
                0x00000670       0x1e C:/ST/STM32CubeIDE_1.19.0/STM32CubeIDE/plugins/com.st.stm32cube.ide.mcu.externaltools.gnu-tools-for-stm32.13.3.rel1.win32_1.0.100.202509120712/tools/bin/../lib/gcc/arm-none-eabi/13.3.1/thumb/v6-m/nofp\libgcc.a(_udivsi3.o)
 .ARM.attributes
                0x0000068e       0x1e C:/ST/STM32CubeIDE_1.19.0/STM32CubeIDE/plugins/com.st.stm32cube.ide.mcu.externaltools.gnu-tools-for-stm32.13.3.rel1.win32_1.0.100.202509120712/tools/bin/../lib/gcc/arm-none-eabi/13.3.1/thumb/v6-m/nofp\libgcc.a(_divsi3.o)
 .ARM.attributes
                0x000006ac       0x1e C:/ST/STM32CubeIDE_1.19.0/STM32CubeIDE/plugins/com.st.stm32cube.ide.mcu.externaltools.gnu-tools-for-stm32.13.3.rel1.win32_1.0.100.202509120712/tools/bin/../lib/gcc/arm-none-eabi/13.3.1/thumb/v6-m/nofp\libgcc.a(_dvmd_tls.o)
 .ARM.attributes
                0x000006ca       0x1e C:/ST/STM32CubeIDE_1.19.0/STM32CubeIDE/plugins/com.st.stm32cube.ide.mcu.externaltools.gnu-tools-for-stm32.13.3.rel1.win32_1.0.100.202509120712/tools/bin/../lib/gcc/arm-none-eabi/13.3.1/thumb/v6-m/nofp\libgcc.a(_arm_cmpsf2.o)
 .ARM.attributes
                0x000006e8       0x2c C:/ST/STM32CubeIDE_1.19.0/STM32CubeIDE/plugins/com.st.stm32cube.ide.mcu.externaltools.gnu-tools-for-stm32.13.3.rel1.win32_1.0.100.202509120712/tools/bin/../lib/gcc/arm-none-eabi/13.3.1/thumb/v6-m/nofp\libgcc.a(divsf3.o)
 .ARM.attributes
                0x00000714       0x2c C:/ST/STM32CubeIDE_1.19.0/STM32CubeIDE/plugins/com.st.stm32cube.ide.mcu.externaltools.gnu-tools-for-stm32.13.3.rel1.win32_1.0.100.202509120712/tools/bin/../lib/gcc/arm-none-eabi/13.3.1/thumb/v6-m/nofp\libgcc.a(eqsf2.o)
 .ARM.attributes
                0x00000740       0x2c C:/ST/STM32CubeIDE_1.19.0/STM32CubeIDE/plugins/com.st.stm32cube.ide.mcu.externaltools.gnu-tools-for-stm32.13.3.rel1.win32_1.0.100.202509120712/tools/bin/../lib/gcc/arm-none-eabi/13.3.1/thumb/v6-m/nofp\libgcc.a(gesf2.o)
 .ARM.attributes
                0x0000076c       0x2c C:/ST/STM32CubeIDE_1.19.0/STM32CubeIDE/plugins/com.st.stm32cube.ide.mcu.externaltools.gnu-tools-for-stm32.13.3.rel1.win32_1.0.100.202509120712/tools/bin/../lib/gcc/arm-none-eabi/13.3.1/thumb/v6-m/nofp\libgcc.a(lesf2.o)
 .ARM.attributes
                0x00000798       0x2c C:/ST/STM32CubeIDE_1.19.0/STM32CubeIDE/plugins/com.st.stm32cube.ide.mcu.externaltools.gnu-tools-for-stm32.13.3.rel1.win32_1.0.100.202509120712/tools/bin/../lib/gcc/arm-none-eabi/13.3.1/thumb/v6-m/nofp\libgcc.a(mulsf3.o)
 .ARM.attributes
                0x000007c4       0x2c C:/ST/STM32CubeIDE_1.19.0/STM32CubeIDE/plugins/com.st.stm32cube.ide.mcu.externaltools.gnu-tools-for-stm32.13.3.rel1.win32_1.0.100.202509120712/tools/bin/../lib/gcc/arm-none-eabi/13.3.1/thumb/v6-m/nofp\libgcc.a(subsf3.o)
 .ARM.attributes
                0x000007f0       0x2c C:/ST/STM32CubeIDE_1.19.0/STM32CubeIDE/plugins/com.st.stm32cube.ide.mcu.externaltools.gnu-tools-for-stm32.13.3.rel1.win32_1.0.100.202509120712/tools/bin/../lib/gcc/arm-none-eabi/13.3.1/thumb/v6-m/nofp\libgcc.a(fixsfsi.o)
 .ARM.attributes
                0x0000081c       0x2c C:/ST/STM32CubeIDE_1.19.0/STM32CubeIDE/plugins/com.st.stm32cube.ide.mcu.externaltools.gnu-tools-for-stm32.13.3.rel1.win32_1.0.100.202509120712/tools/bin/../lib/gcc/arm-none-eabi/13.3.1/thumb/v6-m/nofp\libgcc.a(floatsisf.o)
 .ARM.attributes
                0x00000848       0x2c C:/ST/STM32CubeIDE_1.19.0/STM32CubeIDE/plugins/com.st.stm32cube.ide.mcu.externaltools.gnu-tools-for-stm32.13.3.rel1.win32_1.0.100.202509120712/tools/bin/../lib/gcc/arm-none-eabi/13.3.1/thumb/v6-m/nofp\libgcc.a(floatunsisf.o)
 .ARM.attributes
                0x00000874       0x1e C:/ST/STM32CubeIDE_1.19.0/STM32CubeIDE/plugins/com.st.stm32cube.ide.mcu.externaltools.gnu-tools-for-stm32.13.3.rel1.win32_1.0.100.202509120712/tools/bin/../lib/gcc/arm-none-eabi/13.3.1/thumb/v6-m/nofp\libgcc.a(_clzsi2.o)
 .ARM.attributes
                0x00000892       0x1e C:/ST/STM32CubeIDE_1.19.0/STM32CubeIDE/plugins/com.st.stm32cube.ide.mcu.externaltools.gnu-tools-for-stm32.13.3.rel1.win32_1.0.100.202509120712/tools/bin/../lib/gcc/arm-none-eabi/13.3.1/thumb/v6-m/nofp/crtn.o
OUTPUT(LCD_Display_V5_G070.elf elf32-littlearm)
LOAD linker stubs
LOAD C:/ST/STM32CubeIDE_1.19.0/STM32CubeIDE/plugins/com.st.stm32cube.ide.mcu.externaltools.gnu-tools-for-stm32.13.3.rel1.win32_1.0.100.202509120712/tools/bin/../lib/gcc/arm-none-eabi/13.3.1/../../../../arm-none-eabi/lib/thumb/v6-m/nofp\libc.a
LOAD C:/ST/STM32CubeIDE_1.19.0/STM32CubeIDE/plugins/com.st.stm32cube.ide.mcu.externaltools.gnu-tools-for-stm32.13.3.rel1.win32_1.0.100.202509120712/tools/bin/../lib/gcc/arm-none-eabi/13.3.1/../../../../arm-none-eabi/lib/thumb/v6-m/nofp\libm.a
LOAD C:/ST/STM32CubeIDE_1.19.0/STM32CubeIDE/plugins/com.st.stm32cube.ide.mcu.externaltools.gnu-tools-for-stm32.13.3.rel1.win32_1.0.100.202509120712/tools/bin/../lib/gcc/arm-none-eabi/13.3.1/thumb/v6-m/nofp\libgcc.a

.debug_info     0x00000000     0xd84e
 .debug_info    0x00000000      0x87d ./Core/Src/Display_Application_Lib/Display_App_Functions.o
 .debug_info    0x0000087d      0x4ec ./Core/Src/Display_Application_Lib/Display_App_Variables.o
 .debug_info    0x00000d69      0x418 ./Core/Src/EEPROM_App_Lib/EEPROM_App_Functions.o
 .debug_info    0x00001181      0x201 ./Core/Src/EEPROM_App_Lib/EEPROM_App_Variables.o
 .debug_info    0x00001382      0x638 ./Core/Src/EEPROM_Drv_Lib/EEPROM_Drv_Functions.o
 .debug_info    0x000019ba      0x34b ./Core/Src/EEPROM_Drv_Lib/EEPROM_Drv_Variables.o
 .debug_info    0x00001d05      0x6b8 ./Core/Src/LCD16X2_Driver_Lib/LCD16X2_Driver_Functions.o
 .debug_info    0x000023bd       0xc2 ./Core/Src/LCD16X2_Driver_Lib/LCD16X2_Driver_Variables.o
 .debug_info    0x0000247f      0x9ab ./Core/Src/Main_Functions.o
 .debug_info    0x00002e2a      0x2bb ./Core/Src/Main_Variables.o
 .debug_info    0x000030e5      0x486 ./Core/Src/gpio.o
 .debug_info    0x0000356b      0x6c9 ./Core/Src/i2c.o
 .debug_info    0x00003c34     0x1055 ./Core/Src/main.o
 .debug_info    0x00004c89      0x535 ./Core/Src/rtc.o
 .debug_info    0x000051be      0x5c2 ./Core/Src/stm32g0xx_it.o
 .debug_info    0x00005780      0x2c1 ./Core/Src/system_stm32g0xx.o
 .debug_info    0x00005a41      0x95b ./Core/Src/tim.o
 .debug_info    0x0000639c      0xc5d ./Core/Src/usart.o
 .debug_info    0x00006ff9      0xadb ./Core/Src/RTC_Drv_Lib/RTC_Drv_Functions.o
 .debug_info    0x00007ad4      0x412 ./Core/Src/RTC_Drv_Lib/RTC_Drv_Variables.o
 .debug_info    0x00007ee6      0x225 ./Core/Src/Switch_Application_Lib/Switch_App_Functions.o
 .debug_info    0x0000810b      0x24e ./Core/Src/Switch_Application_Lib/Switch_App_Variables.o
 .debug_info    0x00008359      0x862 ./Core/Src/UART1_Mast_App_Lib/UART1_Mast_App_Functions.o
 .debug_info    0x00008bbb      0x4c2 ./Core/Src/UART1_Mast_App_Lib/UART1_Mast_App_Variables.o
 .debug_info    0x0000907d      0x408 ./Core/Src/UART1_Mast_Drv_Lib/UART1_Mast_Drv_Functions.o
 .debug_info    0x00009485      0x3d4 ./Core/Src/UART1_Mast_Drv_Lib/UART1_Mast_Drv_Variables.o
 .debug_info    0x00009859       0x30 ./Core/Startup/startup_stm32g070cbtx.o
 .debug_info    0x00009889      0x594 ./Drivers/STM32G0xx_HAL_Driver/Src/stm32g0xx_ll_gpio.o
 .debug_info    0x00009e1d      0x5b7 ./Drivers/STM32G0xx_HAL_Driver/Src/stm32g0xx_ll_i2c.o
 .debug_info    0x0000a3d4      0x719 ./Drivers/STM32G0xx_HAL_Driver/Src/stm32g0xx_ll_rcc.o
 .debug_info    0x0000aaed      0xcc8 ./Drivers/STM32G0xx_HAL_Driver/Src/stm32g0xx_ll_rtc.o
 .debug_info    0x0000b7b5     0x10c2 ./Drivers/STM32G0xx_HAL_Driver/Src/stm32g0xx_ll_tim.o
 .debug_info    0x0000c877      0x764 ./Drivers/STM32G0xx_HAL_Driver/Src/stm32g0xx_ll_usart.o
 .debug_info    0x0000cfdb      0x873 ./Drivers/STM32G0xx_HAL_Driver/Src/stm32g0xx_ll_utils.o

.debug_abbrev   0x00000000     0x337f
 .debug_abbrev  0x00000000      0x22a ./Core/Src/Display_Application_Lib/Display_App_Functions.o
 .debug_abbrev  0x0000022a       0x92 ./Core/Src/Display_Application_Lib/Display_App_Variables.o
 .debug_abbrev  0x000002bc      0x159 ./Core/Src/EEPROM_App_Lib/EEPROM_App_Functions.o
 .debug_abbrev  0x00000415       0xc7 ./Core/Src/EEPROM_App_Lib/EEPROM_App_Variables.o
 .debug_abbrev  0x000004dc      0x215 ./Core/Src/EEPROM_Drv_Lib/EEPROM_Drv_Functions.o
 .debug_abbrev  0x000006f1      0x105 ./Core/Src/EEPROM_Drv_Lib/EEPROM_Drv_Variables.o
 .debug_abbrev  0x000007f6      0x236 ./Core/Src/LCD16X2_Driver_Lib/LCD16X2_Driver_Functions.o
 .debug_abbrev  0x00000a2c       0x76 ./Core/Src/LCD16X2_Driver_Lib/LCD16X2_Driver_Variables.o
 .debug_abbrev  0x00000aa2      0x211 ./Core/Src/Main_Functions.o
 .debug_abbrev  0x00000cb3       0xcb ./Core/Src/Main_Variables.o
 .debug_abbrev  0x00000d7e      0x198 ./Core/Src/gpio.o
 .debug_abbrev  0x00000f16      0x19c ./Core/Src/i2c.o
 .debug_abbrev  0x000010b2      0x2b8 ./Core/Src/main.o
 .debug_abbrev  0x0000136a      0x1ba ./Core/Src/rtc.o
 .debug_abbrev  0x00001524      0x160 ./Core/Src/stm32g0xx_it.o
 .debug_abbrev  0x00001684      0x11b ./Core/Src/system_stm32g0xx.o
 .debug_abbrev  0x0000179f      0x1bf ./Core/Src/tim.o
 .debug_abbrev  0x0000195e      0x260 ./Core/Src/usart.o
 .debug_abbrev  0x00001bbe      0x227 ./Core/Src/RTC_Drv_Lib/RTC_Drv_Functions.o
 .debug_abbrev  0x00001de5      0x111 ./Core/Src/RTC_Drv_Lib/RTC_Drv_Variables.o
 .debug_abbrev  0x00001ef6      0x119 ./Core/Src/Switch_Application_Lib/Switch_App_Functions.o
 .debug_abbrev  0x0000200f       0xd8 ./Core/Src/Switch_Application_Lib/Switch_App_Variables.o
 .debug_abbrev  0x000020e7      0x1b8 ./Core/Src/UART1_Mast_App_Lib/UART1_Mast_App_Functions.o
 .debug_abbrev  0x0000229f       0xe4 ./Core/Src/UART1_Mast_App_Lib/UART1_Mast_App_Variables.o
 .debug_abbrev  0x00002383      0x14f ./Core/Src/UART1_Mast_Drv_Lib/UART1_Mast_Drv_Functions.o
 .debug_abbrev  0x000024d2       0xc5 ./Core/Src/UART1_Mast_Drv_Lib/UART1_Mast_Drv_Variables.o
 .debug_abbrev  0x00002597       0x24 ./Core/Startup/startup_stm32g070cbtx.o
 .debug_abbrev  0x000025bb      0x1a7 ./Drivers/STM32G0xx_HAL_Driver/Src/stm32g0xx_ll_gpio.o
 .debug_abbrev  0x00002762      0x178 ./Drivers/STM32G0xx_HAL_Driver/Src/stm32g0xx_ll_i2c.o
 .debug_abbrev  0x000028da      0x228 ./Drivers/STM32G0xx_HAL_Driver/Src/stm32g0xx_ll_rcc.o
 .debug_abbrev  0x00002b02      0x22f ./Drivers/STM32G0xx_HAL_Driver/Src/stm32g0xx_ll_rtc.o
 .debug_abbrev  0x00002d31      0x20d ./Drivers/STM32G0xx_HAL_Driver/Src/stm32g0xx_ll_tim.o
 .debug_abbrev  0x00002f3e      0x208 ./Drivers/STM32G0xx_HAL_Driver/Src/stm32g0xx_ll_usart.o
 .debug_abbrev  0x00003146      0x239 ./Drivers/STM32G0xx_HAL_Driver/Src/stm32g0xx_ll_utils.o

.debug_aranges  0x00000000      0xf40
 .debug_aranges
                0x00000000       0xa8 ./Core/Src/Display_Application_Lib/Display_App_Functions.o
 .debug_aranges
                0x000000a8       0x18 ./Core/Src/Display_Application_Lib/Display_App_Variables.o
 .debug_aranges
                0x000000c0       0x38 ./Core/Src/EEPROM_App_Lib/EEPROM_App_Functions.o
 .debug_aranges
                0x000000f8       0x18 ./Core/Src/EEPROM_App_Lib/EEPROM_App_Variables.o
 .debug_aranges
                0x00000110       0x90 ./Core/Src/EEPROM_Drv_Lib/EEPROM_Drv_Functions.o
 .debug_aranges
                0x000001a0       0x18 ./Core/Src/EEPROM_Drv_Lib/EEPROM_Drv_Variables.o
 .debug_aranges
                0x000001b8       0xc0 ./Core/Src/LCD16X2_Driver_Lib/LCD16X2_Driver_Functions.o
 .debug_aranges
                0x00000278       0x18 ./Core/Src/LCD16X2_Driver_Lib/LCD16X2_Driver_Variables.o
 .debug_aranges
                0x00000290       0xb0 ./Core/Src/Main_Functions.o
 .debug_aranges
                0x00000340       0x18 ./Core/Src/Main_Variables.o
 .debug_aranges
                0x00000358       0x30 ./Core/Src/gpio.o
 .debug_aranges
                0x00000388       0x60 ./Core/Src/i2c.o
 .debug_aranges
                0x000003e8       0xc0 ./Core/Src/main.o
 .debug_aranges
                0x000004a8       0x50 ./Core/Src/rtc.o
 .debug_aranges
                0x000004f8       0x60 ./Core/Src/stm32g0xx_it.o
 .debug_aranges
                0x00000558       0x28 ./Core/Src/system_stm32g0xx.o
 .debug_aranges
                0x00000580       0x60 ./Core/Src/tim.o
 .debug_aranges
                0x000005e0       0xa0 ./Core/Src/usart.o
 .debug_aranges
                0x00000680       0xe0 ./Core/Src/RTC_Drv_Lib/RTC_Drv_Functions.o
 .debug_aranges
                0x00000760       0x18 ./Core/Src/RTC_Drv_Lib/RTC_Drv_Variables.o
 .debug_aranges
                0x00000778       0x48 ./Core/Src/Switch_Application_Lib/Switch_App_Functions.o
 .debug_aranges
                0x000007c0       0x18 ./Core/Src/Switch_Application_Lib/Switch_App_Variables.o
 .debug_aranges
                0x000007d8       0x98 ./Core/Src/UART1_Mast_App_Lib/UART1_Mast_App_Functions.o
 .debug_aranges
                0x00000870       0x18 ./Core/Src/UART1_Mast_App_Lib/UART1_Mast_App_Variables.o
 .debug_aranges
                0x00000888       0x38 ./Core/Src/UART1_Mast_Drv_Lib/UART1_Mast_Drv_Functions.o
 .debug_aranges
                0x000008c0       0x18 ./Core/Src/UART1_Mast_Drv_Lib/UART1_Mast_Drv_Variables.o
 .debug_aranges
                0x000008d8       0x28 ./Core/Startup/startup_stm32g070cbtx.o
 .debug_aranges
                0x00000900       0x70 ./Drivers/STM32G0xx_HAL_Driver/Src/stm32g0xx_ll_gpio.o
 .debug_aranges
                0x00000970       0x88 ./Drivers/STM32G0xx_HAL_Driver/Src/stm32g0xx_ll_i2c.o
 .debug_aranges
                0x000009f8      0x130 ./Drivers/STM32G0xx_HAL_Driver/Src/stm32g0xx_ll_rcc.o
 .debug_aranges
                0x00000b28      0x160 ./Drivers/STM32G0xx_HAL_Driver/Src/stm32g0xx_ll_rtc.o
 .debug_aranges
                0x00000c88      0x148 ./Drivers/STM32G0xx_HAL_Driver/Src/stm32g0xx_ll_tim.o
 .debug_aranges
                0x00000dd0       0x88 ./Drivers/STM32G0xx_HAL_Driver/Src/stm32g0xx_ll_usart.o
 .debug_aranges
                0x00000e58       0xe8 ./Drivers/STM32G0xx_HAL_Driver/Src/stm32g0xx_ll_utils.o

.debug_rnglists
                0x00000000      0xab0
 .debug_rnglists
                0x00000000       0x7e ./Core/Src/Display_Application_Lib/Display_App_Functions.o
 .debug_rnglists
                0x0000007e       0x26 ./Core/Src/EEPROM_App_Lib/EEPROM_App_Functions.o
 .debug_rnglists
                0x000000a4       0x6b ./Core/Src/EEPROM_Drv_Lib/EEPROM_Drv_Functions.o
 .debug_rnglists
                0x0000010f       0x93 ./Core/Src/LCD16X2_Driver_Lib/LCD16X2_Driver_Functions.o
 .debug_rnglists
                0x000001a2       0x8c ./Core/Src/Main_Functions.o
 .debug_rnglists
                0x0000022e       0x20 ./Core/Src/gpio.o
 .debug_rnglists
                0x0000024e       0x44 ./Core/Src/i2c.o
 .debug_rnglists
                0x00000292       0x8e ./Core/Src/main.o
 .debug_rnglists
                0x00000320       0x37 ./Core/Src/rtc.o
 .debug_rnglists
                0x00000357       0x44 ./Core/Src/stm32g0xx_it.o
 .debug_rnglists
                0x0000039b       0x1a ./Core/Src/system_stm32g0xx.o
 .debug_rnglists
                0x000003b5       0x45 ./Core/Src/tim.o
 .debug_rnglists
                0x000003fa       0x78 ./Core/Src/usart.o
 .debug_rnglists
                0x00000472       0xa8 ./Core/Src/RTC_Drv_Lib/RTC_Drv_Functions.o
 .debug_rnglists
                0x0000051a       0x34 ./Core/Src/Switch_Application_Lib/Switch_App_Functions.o
 .debug_rnglists
                0x0000054e       0x77 ./Core/Src/UART1_Mast_App_Lib/UART1_Mast_App_Functions.o
 .debug_rnglists
                0x000005c5       0x26 ./Core/Src/UART1_Mast_Drv_Lib/UART1_Mast_Drv_Functions.o
 .debug_rnglists
                0x000005eb       0x19 ./Core/Startup/startup_stm32g070cbtx.o
 .debug_rnglists
                0x00000604       0x51 ./Drivers/STM32G0xx_HAL_Driver/Src/stm32g0xx_ll_gpio.o
 .debug_rnglists
                0x00000655       0x62 ./Drivers/STM32G0xx_HAL_Driver/Src/stm32g0xx_ll_i2c.o
 .debug_rnglists
                0x000006b7       0xe1 ./Drivers/STM32G0xx_HAL_Driver/Src/stm32g0xx_ll_rcc.o
 .debug_rnglists
                0x00000798      0x109 ./Drivers/STM32G0xx_HAL_Driver/Src/stm32g0xx_ll_rtc.o
 .debug_rnglists
                0x000008a1       0xfe ./Drivers/STM32G0xx_HAL_Driver/Src/stm32g0xx_ll_tim.o
 .debug_rnglists
                0x0000099f       0x64 ./Drivers/STM32G0xx_HAL_Driver/Src/stm32g0xx_ll_usart.o
 .debug_rnglists
                0x00000a03       0xad ./Drivers/STM32G0xx_HAL_Driver/Src/stm32g0xx_ll_utils.o

.debug_macro    0x00000000    0x13f27
 .debug_macro   0x00000000      0x2ba ./Core/Src/Display_Application_Lib/Display_App_Functions.o
 .debug_macro   0x000002ba      0xaf0 ./Core/Src/Display_Application_Lib/Display_App_Functions.o
 .debug_macro   0x00000daa       0x2e ./Core/Src/Display_Application_Lib/Display_App_Functions.o
 .debug_macro   0x00000dd8       0x28 ./Core/Src/Display_Application_Lib/Display_App_Functions.o
 .debug_macro   0x00000e00       0x22 ./Core/Src/Display_Application_Lib/Display_App_Functions.o
 .debug_macro   0x00000e22       0x8e ./Core/Src/Display_Application_Lib/Display_App_Functions.o
 .debug_macro   0x00000eb0       0x51 ./Core/Src/Display_Application_Lib/Display_App_Functions.o
 .debug_macro   0x00000f01      0x103 ./Core/Src/Display_Application_Lib/Display_App_Functions.o
 .debug_macro   0x00001004       0x6a ./Core/Src/Display_Application_Lib/Display_App_Functions.o
 .debug_macro   0x0000106e      0x1df ./Core/Src/Display_Application_Lib/Display_App_Functions.o
 .debug_macro   0x0000124d       0x1c ./Core/Src/Display_Application_Lib/Display_App_Functions.o
 .debug_macro   0x00001269       0x22 ./Core/Src/Display_Application_Lib/Display_App_Functions.o
 .debug_macro   0x0000128b       0xd1 ./Core/Src/Display_Application_Lib/Display_App_Functions.o
 .debug_macro   0x0000135c      0x4da ./Core/Src/Display_Application_Lib/Display_App_Functions.o
 .debug_macro   0x00001836      0x11f ./Core/Src/Display_Application_Lib/Display_App_Functions.o
 .debug_macro   0x00001955     0xa701 ./Core/Src/Display_Application_Lib/Display_App_Functions.o
 .debug_macro   0x0000c056       0x66 ./Core/Src/Display_Application_Lib/Display_App_Functions.o
 .debug_macro   0x0000c0bc      0x24d ./Core/Src/Display_Application_Lib/Display_App_Functions.o
 .debug_macro   0x0000c309      0x48d ./Core/Src/Display_Application_Lib/Display_App_Functions.o
 .debug_macro   0x0000c796       0xf4 ./Core/Src/Display_Application_Lib/Display_App_Functions.o
 .debug_macro   0x0000c88a      0x117 ./Core/Src/Display_Application_Lib/Display_App_Functions.o
 .debug_macro   0x0000c9a1      0x17e ./Core/Src/Display_Application_Lib/Display_App_Functions.o
 .debug_macro   0x0000cb1f      0x174 ./Core/Src/Display_Application_Lib/Display_App_Functions.o
 .debug_macro   0x0000cc93       0x5a ./Core/Src/Display_Application_Lib/Display_App_Functions.o
 .debug_macro   0x0000cced      0x160 ./Core/Src/Display_Application_Lib/Display_App_Functions.o
 .debug_macro   0x0000ce4d      0x3a8 ./Core/Src/Display_Application_Lib/Display_App_Functions.o
 .debug_macro   0x0000d1f5      0x287 ./Core/Src/Display_Application_Lib/Display_App_Functions.o
 .debug_macro   0x0000d47c      0x3f7 ./Core/Src/Display_Application_Lib/Display_App_Functions.o
 .debug_macro   0x0000d873      0x90f ./Core/Src/Display_Application_Lib/Display_App_Functions.o
 .debug_macro   0x0000e182      0x40f ./Core/Src/Display_Application_Lib/Display_App_Functions.o
 .debug_macro   0x0000e591      0x131 ./Core/Src/Display_Application_Lib/Display_App_Functions.o
 .debug_macro   0x0000e6c2       0xd0 ./Core/Src/Display_Application_Lib/Display_App_Functions.o
 .debug_macro   0x0000e792       0x61 ./Core/Src/Display_Application_Lib/Display_App_Functions.o
 .debug_macro   0x0000e7f3       0x24 ./Core/Src/Display_Application_Lib/Display_App_Functions.o
 .debug_macro   0x0000e817       0x43 ./Core/Src/Display_Application_Lib/Display_App_Functions.o
 .debug_macro   0x0000e85a       0x34 ./Core/Src/Display_Application_Lib/Display_App_Functions.o
 .debug_macro   0x0000e88e      0x190 ./Core/Src/Display_Application_Lib/Display_App_Functions.o
 .debug_macro   0x0000ea1e      0x370 ./Core/Src/Display_Application_Lib/Display_App_Functions.o
 .debug_macro   0x0000ed8e       0x16 ./Core/Src/Display_Application_Lib/Display_App_Functions.o
 .debug_macro   0x0000eda4       0x4a ./Core/Src/Display_Application_Lib/Display_App_Functions.o