../Drivers/STM32G0xx_HAL_Driver/Inc/stm32g0xx_ll_gpio.h:857:22:LL_GPIO_SetOutputPin	16	static
../Drivers/STM32G0xx_HAL_Driver/Inc/stm32g0xx_ll_gpio.h:886:22:LL_GPIO_ResetOutputPin	16	static
../Core/Src/LCD16X2_Driver_Lib/LCD16X2_Driver_Functions.c:18:6:Delay	16	static
../Core/Src/LCD16X2_Driver_Lib/LCD16X2_Driver_Functions.c:35:6:TimingDelay_Decrement	8	static
../Core/Src/LCD16X2_Driver_Lib/LCD16X2_Driver_Functions.c:51:6:LCD_Clear_Display	8	static
../Core/Src/LCD16X2_Driver_Lib/LCD16X2_Driver_Functions.c:63:6:LCD_Locate	16	static
../Core/Src/LCD16X2_Driver_Lib/LCD16X2_Driver_Functions.c:82:6:LCD_Disp_Off	8	static
../Core/Src/LCD16X2_Driver_Lib/LCD16X2_Driver_Functions.c:88:6:LCD_Disp_On	8	static
../Core/Src/LCD16X2_Driver_Lib/LCD16X2_Driver_Functions.c:94:6:Printfloat	40	static
../Core/Src/LCD16X2_Driver_Lib/LCD16X2_Driver_Functions.c:119:6:LCD_Scroll_Left	24	static
../Core/Src/LCD16X2_Driver_Lib/LCD16X2_Driver_Functions.c:125:6:LCD_Scroll_Right	24	static
../Core/Src/LCD16X2_Driver_Lib/LCD16X2_Driver_Functions.c:133:6:DelayUS	24	static,ignoring_inline_asm
../Core/Src/LCD16X2_Driver_Lib/LCD16X2_Driver_Functions.c:143:6:LCDByte	24	static
../Core/Src/LCD16X2_Driver_Lib/LCD16X2_Driver_Functions.c:194:6:LCDBusyLoop	8	static
../Core/Src/LCD16X2_Driver_Lib/LCD16X2_Driver_Functions.c:199:6:LCDInit	32	static
../Core/Src/LCD16X2_Driver_Lib/LCD16X2_Driver_Functions.c:247:6:LCDWriteString	24	static
../Core/Src/LCD16X2_Driver_Lib/LCD16X2_Driver_Functions.c:303:6:LCDWriteInt	32	static
../Core/Src/LCD16X2_Driver_Lib/LCD16X2_Driver_Functions.c:354:6:LCDWrite_Unsigned_Int	32	static
../Core/Src/LCD16X2_Driver_Lib/LCD16X2_Driver_Functions.c:406:6:LCDGotoXY	16	static
../Core/Src/LCD16X2_Driver_Lib/LCD16X2_Driver_Functions.c:451:6:Nibble_Write	16	static
../Core/Src/LCD16X2_Driver_Lib/LCD16X2_Driver_Functions.c:491:9:Nibble_Read	16	static
