../Core/Src/UART1_Mast_App_Lib/UART1_Mast_App_Functions.c:23:6:Whileloop_Metering_Data_Rq_Fn	8	static
../Core/Src/UART1_Mast_App_Lib/UART1_Mast_App_Functions.c:68:6:U1Mast_App_Populate_And_Send_Txdata_Array_With_Message_Request_Metering	8	static
../Core/Src/UART1_Mast_App_Lib/UART1_Mast_App_Functions.c:79:6:Whileloop_Setting_Send_Data_Fn	8	static
../Core/Src/UART1_Mast_App_Lib/UART1_Mast_App_Functions.c:126:6:Display_to_Inverter	8	static
../Core/Src/UART1_Mast_App_Lib/UART1_Mast_App_Functions.c:212:6:U1Mast_App_Populate_And_Send_Txdata_Array_With_Message_Settings	8	static
../Core/Src/UART1_Mast_App_Lib/UART1_Mast_App_Functions.c:348:6:U1Mast_App_Populate_And_Send_Txdata_Array_With_Zeros_Calib	16	static
../Core/Src/UART1_Mast_App_Lib/UART1_Mast_App_Functions.c:369:6:U1Mast_App_Populate_And_Send_Txdata_Array_With_Msg_Calib	8	static
../Core/Src/UART1_Mast_App_Lib/UART1_Mast_App_Functions.c:420:6:U1Mast_App_Populate_And_Send_Txdata_Array_With_Msg_RESET	8	static
../Core/Src/UART1_Mast_App_Lib/UART1_Mast_App_Functions.c:441:6:U1Mast_App_Store_Received_Data_In_Variables	8	static
../Core/Src/UART1_Mast_App_Lib/UART1_Mast_App_Functions.c:454:6:U1Mast_App_Update_Variables_if_Mesage_is_m	8	static
../Core/Src/UART1_Mast_App_Lib/UART1_Mast_App_Functions.c:475:6:U1Mast_App_Update_Variables_if_Mesage_is_S	8	static
../Core/Src/UART1_Mast_App_Lib/UART1_Mast_App_Functions.c:495:6:U1Mast_App_Update_Variables_if_Mesage_is_c	8	static
../Core/Src/UART1_Mast_App_Lib/UART1_Mast_App_Functions.c:518:6:U1Mast_App_Update_Variables_if_Mesage_is_r	8	static
../Core/Src/UART1_Mast_App_Lib/UART1_Mast_App_Functions.c:548:6:U1Mast_App_Use_Received_Data_m	16	static
../Core/Src/UART1_Mast_App_Lib/UART1_Mast_App_Functions.c:572:6:U1Mast_App_Use_Received_Data_c	16	static
../Core/Src/UART1_Mast_App_Lib/UART1_Mast_App_Functions.c:666:6:UART1_Master_Variables_Init	8	static
