../Drivers/STM32G0xx_HAL_Driver/Inc/stm32g0xx_ll_i2c.h:790:22:LL_I2C_SetMasterAddressingMode	16	static
../Drivers/STM32G0xx_HAL_Driver/Inc/stm32g0xx_ll_i2c.h:1552:26:LL_I2C_IsActiveFlag_TXE	16	static
../Drivers/STM32G0xx_HAL_Driver/Inc/stm32g0xx_ll_i2c.h:1565:26:LL_I2C_IsActiveFlag_TXIS	16	static
../Drivers/STM32G0xx_HAL_Driver/Inc/stm32g0xx_ll_i2c.h:1578:26:LL_I2C_IsActiveFlag_RXNE	16	static
../Drivers/STM32G0xx_HAL_Driver/Inc/stm32g0xx_ll_i2c.h:1891:22:LL_I2C_DisableAutoEndMode	16	static
../Drivers/STM32G0xx_HAL_Driver/Inc/stm32g0xx_ll_i2c.h:1950:22:LL_I2C_SetTransferSize	16	static
../Drivers/STM32G0xx_HAL_Driver/Inc/stm32g0xx_ll_i2c.h:2001:22:LL_I2C_GenerateStopCondition	16	static
../Drivers/STM32G0xx_HAL_Driver/Inc/stm32g0xx_ll_i2c.h:2079:22:LL_I2C_SetSlaveAddr	16	static
../Drivers/STM32G0xx_HAL_Driver/Inc/stm32g0xx_ll_i2c.h:2225:25:LL_I2C_ReceiveData8	16	static
../Drivers/STM32G0xx_HAL_Driver/Inc/stm32g0xx_ll_i2c.h:2237:22:LL_I2C_TransmitData8	16	static
../Drivers/STM32G0xx_HAL_Driver/Inc/stm32g0xx_ll_rtc.h:1169:26:LL_RTC_TIME_GetHour	16	static
../Drivers/STM32G0xx_HAL_Driver/Inc/stm32g0xx_ll_rtc.h:1204:26:LL_RTC_TIME_GetMinute	16	static
../Drivers/STM32G0xx_HAL_Driver/Inc/stm32g0xx_ll_rtc.h:1239:26:LL_RTC_TIME_GetSecond	16	static
../Drivers/STM32G0xx_HAL_Driver/Inc/stm32g0xx_ll_rtc.h:1432:26:LL_RTC_DATE_GetYear	16	static
../Drivers/STM32G0xx_HAL_Driver/Inc/stm32g0xx_ll_rtc.h:1471:26:LL_RTC_DATE_GetWeekDay	16	static
../Drivers/STM32G0xx_HAL_Driver/Inc/stm32g0xx_ll_rtc.h:1525:26:LL_RTC_DATE_GetMonth	16	static
../Drivers/STM32G0xx_HAL_Driver/Inc/stm32g0xx_ll_rtc.h:1555:26:LL_RTC_DATE_GetDay	16	static
../Drivers/STM32G0xx_HAL_Driver/Inc/stm32g0xx_ll_rtc.h:1923:22:LL_RTC_ALMA_ConfigTime	32	static
../Core/Src/RTC_Drv_Lib/RTC_Drv_Functions.c:17:6:RTC_Drv_Init	16	static
../Core/Src/RTC_Drv_Lib/RTC_Drv_Functions.c:30:6:RTC_Drv_Get_Ext_Date_Time	40	static
../Core/Src/RTC_Drv_Lib/RTC_Drv_Functions.c:119:6:RTC_Drv_Set_Ext_Date_Time	16	static
../Core/Src/RTC_Drv_Lib/RTC_Drv_Functions.c:129:6:RTC_Drv_Ext_Write_Byte	16	static
../Core/Src/RTC_Drv_Lib/RTC_Drv_Functions.c:188:6:RTC_Drv_Set_Intrnl_From_Ext	32	static
../Core/Src/RTC_Drv_Lib/RTC_Drv_Functions.c:210:6:RTC_Drv_Get_Intrnl_Date_Time	16	static
../Core/Src/RTC_Drv_Lib/RTC_Drv_Functions.c:227:6:RTC_Drv_Intrnl_Alarm_Init	16	static
