../Core/Src/Main_Functions.c:37:6:WhileLoop_Display_Menu_Fns	16	static
../Core/Src/Main_Functions.c:150:6:Whileloop_State_Fn	8	static
../Core/Src/Main_Functions.c:237:6:Whileloop_Metering_Fn	8	static
../Core/Src/Main_Functions.c:284:6:Whileloop_Option_Fn	8	static
../Core/Src/Main_Functions.c:360:6:Whileloop_Password_Fn	8	static
../Core/Src/Main_Functions.c:381:6:Whileloop_Calibration_Fn	8	static
../Core/Src/Main_Functions.c:438:6:Whileloop_Calib_Update_and_Send_Fn	8	static
../Core/Src/Main_Functions.c:470:6:Calibration_Update	24	static
../Core/Src/Main_Functions.c:482:6:Whileloop_Setting_Fn	8	static
../Core/Src/Main_Functions.c:534:6:Whileloop_Setting_Data_Rq_EEPROM_Fn	24	static
../Core/Src/Main_Functions.c:582:6:Whileloop_Save_Setting_in_EEPROM_Fn	16	static
../Core/Src/Main_Functions.c:617:6:Whileloop_User_Reset_Fn	8	static
../Core/Src/Main_Functions.c:638:6:Whileloop_Daily_Reset_Fn	8	static
../Core/Src/Main_Functions.c:678:6:Whileloop_Send_Reset_Rq_Fn	8	static
../Core/Src/Main_Functions.c:700:6:Whileloop_Ext_RTC_Set_Time_Date_Fn	8	static
../Core/Src/Main_Functions.c:813:6:Whileloop_Disp_Time_Date_Fn	8	static
../Core/Src/Main_Functions.c:840:6:Whileloop_Energy_Mtrng_Disp_1Mnth	8	static
../Core/Src/Main_Functions.c:857:6:Whileloop_Error_Fn	8	static
../Core/Src/Main_Functions.c:893:6:Main_Variables_Init	8	static
