../Core/Src/stm32g0xx_it.c:83:6:NMI_Handler	8	static
../Core/Src/stm32g0xx_it.c:98:6:HardFault_Handler	8	static
../Core/Src/stm32g0xx_it.c:113:6:SVC_Handler	8	static
../Core/Src/stm32g0xx_it.c:126:6:PendSV_Handler	8	static
../Core/Src/stm32g0xx_it.c:139:6:SysTick_Handler	8	static
../Core/Src/stm32g0xx_it.c:160:6:TIM1_BRK_UP_TRG_COM_IRQHandler	8	static
../Core/Src/stm32g0xx_it.c:225:6:USART1_IRQHandler	8	static
../Core/Src/stm32g0xx_it.c:238:6:USART2_IRQHandler	8	static
../Core/Src/stm32g0xx_it.c:251:6:USART3_4_IRQHandler	8	static
