../Core/Src/stm32g0xx_it.c:86:6:NMI_Handler	8	static
../Core/Src/stm32g0xx_it.c:101:6:HardFault_Handler	8	static
../Core/Src/stm32g0xx_it.c:116:6:SVC_Handler	8	static
../Core/Src/stm32g0xx_it.c:129:6:PendSV_Handler	8	static
../Core/Src/stm32g0xx_it.c:142:6:SysTick_Handler	8	static
../Core/Src/stm32g0xx_it.c:163:6:TIM1_BRK_UP_TRG_COM_IRQHandler	8	static
../Core/Src/stm32g0xx_it.c:244:6:USART1_IRQHandler	8	static
../Core/Src/stm32g0xx_it.c:257:6:USART2_IRQHandler	8	static
../Core/Src/stm32g0xx_it.c:271:6:USART3_4_IRQHandler	8	static
