../Core/Src/UART2_Slave_Lib/UART2_Slave_Functions.c:84:6:UART2_Store_Received_Data_In_Variables	8	static
../Core/Src/UART2_Slave_Lib/UART2_Slave_Functions.c:94:6:UART2_Update_Variables_if_Mesage_is_S	8	static
../Core/Src/UART2_Slave_Lib/UART2_Slave_Functions.c:114:6:UART2_Update_Variables_if_Mesage_is_C	8	static
../Core/Src/UART2_Slave_Lib/UART2_Slave_Functions.c:131:6:UART2_Update_Variables_if_Mesage_is_M	8	static
../Core/Src/UART2_Slave_Lib/UART2_Slave_Functions.c:148:6:UART2_Update_Variables_if_Mesage_is_R	8	static
../Core/Src/UART2_Slave_Lib/UART2_Slave_Functions.c:165:6:UART2_Update_Variables_if_Mesage_is_G	8	static
../Core/Src/UART2_Slave_Lib/UART2_Slave_Functions.c:186:15:UART2_crcFast	40	static
../Core/Src/UART2_Slave_Lib/UART2_Slave_Functions.c:200:6:UART2_Populate_Txdata_Array_With_Message_g	8	static
../Core/Src/UART2_Slave_Lib/UART2_Slave_Functions.c:296:6:UART2_Use_Received_Data_S	8	static
../Core/Src/UART2_Slave_Lib/UART2_Slave_Functions.c:467:6:UART2_Recieved_Settings_Error_Check	8	static
../Core/Src/UART2_Slave_Lib/UART2_Slave_Functions.c:1014:6:UART2_Use_Received_Data_C	8	static
../Core/Src/UART2_Slave_Lib/UART2_Slave_Functions.c:1155:6:UART2_Use_Received_Data_M	8	static
../Core/Src/UART2_Slave_Lib/UART2_Slave_Functions.c:1160:6:UART2_Use_Received_Data_R	8	static
../Core/Src/UART2_Slave_Lib/UART2_Slave_Functions.c:1187:6:UART2_Receive_ISR_Program	8	static
../Core/Src/UART2_Slave_Lib/UART2_Slave_Functions.c:1266:6:UART2_Send_Function_Inside_Timer_Interrupt	8	static
../Core/Src/UART2_Slave_Lib/UART2_Slave_Functions.c:1282:6:UART2_Request_Send_Message	8	static
../Core/Src/UART2_Slave_Lib/UART2_Slave_Functions.c:1377:6:UART2_Populate_Txdata_Array_With_Message_s	8	static
../Core/Src/UART2_Slave_Lib/UART2_Slave_Functions.c:1390:6:UART2_Populate_Txdata_Array_With_Message_c	8	static
../Core/Src/UART2_Slave_Lib/UART2_Slave_Functions.c:1434:6:UART2_Populate_Txdata_Array_With_Message_m	16	static
../Core/Src/UART2_Slave_Lib/UART2_Slave_Functions.c:1643:6:UART2_Populate_Txdata_Array_With_Message_r	8	static
../Core/Src/UART2_Slave_Lib/UART2_Slave_Functions.c:1654:6:UART2_Slave_Variables_Init	8	static
