../Drivers/STM32G0xx_HAL_Driver/Inc/stm32g0xx_ll_gpio.h:915:22:LL_GPIO_TogglePin	24	static
../Core/Src/Display_Application_Lib/Display_App_Functions.c:32:6:Metering_State_Disp_Fn	16	static
../Core/Src/Display_Application_Lib/Display_App_Functions.c:66:6:Metering_Rq_Data_State_Disp_Fn	8	static
../Core/Src/Display_Application_Lib/Display_App_Functions.c:74:6:Option_State_Disp_Fn	16	static
../Core/Src/Display_Application_Lib/Display_App_Functions.c:84:6:Password_State_Disp_Fn	16	static
../Core/Src/Display_Application_Lib/Display_App_Functions.c:93:6:Calibration_State_Disp_Fn	16	static
../Core/Src/Display_Application_Lib/Display_App_Functions.c:112:6:CalibRq_Rq_Data_State_Disp_Fn	8	static
../Core/Src/Display_Application_Lib/Display_App_Functions.c:117:6:Calib_Send_Data_State_Disp_Fn	8	static
../Core/Src/Display_Application_Lib/Display_App_Functions.c:124:6:Settings_State_Disp_Fn	16	static
../Core/Src/Display_Application_Lib/Display_App_Functions.c:137:6:Settings_Data_Rq_EEPROM_Disp_Fn	8	static
../Core/Src/Display_Application_Lib/Display_App_Functions.c:144:6:Settings_Send_Data_State_Disp_Fn	8	static
../Core/Src/Display_Application_Lib/Display_App_Functions.c:154:6:Save_Settings_in_EEPROM_Settings_State_Disp_Fn	8	static
../Core/Src/Display_Application_Lib/Display_App_Functions.c:161:6:Reset_State_Disp_Fn	8	static
../Core/Src/Display_Application_Lib/Display_App_Functions.c:166:6:Reset_Send_Rq_State_Disp_Fn	8	static
../Core/Src/Display_Application_Lib/Display_App_Functions.c:172:6:External_Set_Time_Date_Disp_Fn	16	static
../Core/Src/Display_Application_Lib/Display_App_Functions.c:183:6:Time_Date_Disp_Fn	8	static
../Core/Src/Display_Application_Lib/Display_App_Functions.c:208:6:Error_State_Disp_Fn	8	static
../Core/Src/Display_Application_Lib/Display_App_Functions.c:235:6:Display_Variables_Init	8	static
