Archive member included to satisfy reference by file (symbol)

C:/ST/STM32CubeIDE_1.19.0/STM32CubeIDE/plugins/com.st.stm32cube.ide.mcu.externaltools.gnu-tools-for-stm32.13.3.rel1.win32_1.0.100.202509120712/tools/bin/../lib/gcc/arm-none-eabi/13.3.1/../../../../arm-none-eabi/lib/thumb/v6-m/nofp\libc_nano.a(libc_a-exit.o)
                              C:/ST/STM32CubeIDE_1.19.0/STM32CubeIDE/plugins/com.st.stm32cube.ide.mcu.externaltools.gnu-tools-for-stm32.13.3.rel1.win32_1.0.100.202509120712/tools/bin/../lib/gcc/arm-none-eabi/13.3.1/../../../../arm-none-eabi/lib/thumb/v6-m/nofp/crt0.o (exit)
C:/ST/STM32CubeIDE_1.19.0/STM32CubeIDE/plugins/com.st.stm32cube.ide.mcu.externaltools.gnu-tools-for-stm32.13.3.rel1.win32_1.0.100.202509120712/tools/bin/../lib/gcc/arm-none-eabi/13.3.1/../../../../arm-none-eabi/lib/thumb/v6-m/nofp\libc_nano.a(libc_a-findfp.o)
                              C:/ST/STM32CubeIDE_1.19.0/STM32CubeIDE/plugins/com.st.stm32cube.ide.mcu.externaltools.gnu-tools-for-stm32.13.3.rel1.win32_1.0.100.202509120712/tools/bin/../lib/gcc/arm-none-eabi/13.3.1/../../../../arm-none-eabi/lib/thumb/v6-m/nofp\libc_nano.a(libc_a-exit.o) (__stdio_exit_handler)
C:/ST/STM32CubeIDE_1.19.0/STM32CubeIDE/plugins/com.st.stm32cube.ide.mcu.externaltools.gnu-tools-for-stm32.13.3.rel1.win32_1.0.100.202509120712/tools/bin/../lib/gcc/arm-none-eabi/13.3.1/../../../../arm-none-eabi/lib/thumb/v6-m/nofp\libc_nano.a(libc_a-fwalk.o)
                              C:/ST/STM32CubeIDE_1.19.0/STM32CubeIDE/plugins/com.st.stm32cube.ide.mcu.externaltools.gnu-tools-for-stm32.13.3.rel1.win32_1.0.100.202509120712/tools/bin/../lib/gcc/arm-none-eabi/13.3.1/../../../../arm-none-eabi/lib/thumb/v6-m/nofp\libc_nano.a(libc_a-findfp.o) (_fwalk_sglue)
C:/ST/STM32CubeIDE_1.19.0/STM32CubeIDE/plugins/com.st.stm32cube.ide.mcu.externaltools.gnu-tools-for-stm32.13.3.rel1.win32_1.0.100.202509120712/tools/bin/../lib/gcc/arm-none-eabi/13.3.1/../../../../arm-none-eabi/lib/thumb/v6-m/nofp\libc_nano.a(libc_a-stdio.o)
                              C:/ST/STM32CubeIDE_1.19.0/STM32CubeIDE/plugins/com.st.stm32cube.ide.mcu.externaltools.gnu-tools-for-stm32.13.3.rel1.win32_1.0.100.202509120712/tools/bin/../lib/gcc/arm-none-eabi/13.3.1/../../../../arm-none-eabi/lib/thumb/v6-m/nofp\libc_nano.a(libc_a-findfp.o) (__sread)
C:/ST/STM32CubeIDE_1.19.0/STM32CubeIDE/plugins/com.st.stm32cube.ide.mcu.externaltools.gnu-tools-for-stm32.13.3.rel1.win32_1.0.100.202509120712/tools/bin/../lib/gcc/arm-none-eabi/13.3.1/../../../../arm-none-eabi/lib/thumb/v6-m/nofp\libc_nano.a(libc_a-memset.o)
                              C:/ST/STM32CubeIDE_1.19.0/STM32CubeIDE/plugins/com.st.stm32cube.ide.mcu.externaltools.gnu-tools-for-stm32.13.3.rel1.win32_1.0.100.202509120712/tools/bin/../lib/gcc/arm-none-eabi/13.3.1/../../../../arm-none-eabi/lib/thumb/v6-m/nofp/crt0.o (memset)
C:/ST/STM32CubeIDE_1.19.0/STM32CubeIDE/plugins/com.st.stm32cube.ide.mcu.externaltools.gnu-tools-for-stm32.13.3.rel1.win32_1.0.100.202509120712/tools/bin/../lib/gcc/arm-none-eabi/13.3.1/../../../../arm-none-eabi/lib/thumb/v6-m/nofp\libc_nano.a(libc_a-closer.o)
                              C:/ST/STM32CubeIDE_1.19.0/STM32CubeIDE/plugins/com.st.stm32cube.ide.mcu.externaltools.gnu-tools-for-stm32.13.3.rel1.win32_1.0.100.202509120712/tools/bin/../lib/gcc/arm-none-eabi/13.3.1/../../../../arm-none-eabi/lib/thumb/v6-m/nofp\libc_nano.a(libc_a-stdio.o) (_close_r)
C:/ST/STM32CubeIDE_1.19.0/STM32CubeIDE/plugins/com.st.stm32cube.ide.mcu.externaltools.gnu-tools-for-stm32.13.3.rel1.win32_1.0.100.202509120712/tools/bin/../lib/gcc/arm-none-eabi/13.3.1/../../../../arm-none-eabi/lib/thumb/v6-m/nofp\libc_nano.a(libc_a-reent.o)
                              C:/ST/STM32CubeIDE_1.19.0/STM32CubeIDE/plugins/com.st.stm32cube.ide.mcu.externaltools.gnu-tools-for-stm32.13.3.rel1.win32_1.0.100.202509120712/tools/bin/../lib/gcc/arm-none-eabi/13.3.1/../../../../arm-none-eabi/lib/thumb/v6-m/nofp\libc_nano.a(libc_a-closer.o) (errno)
C:/ST/STM32CubeIDE_1.19.0/STM32CubeIDE/plugins/com.st.stm32cube.ide.mcu.externaltools.gnu-tools-for-stm32.13.3.rel1.win32_1.0.100.202509120712/tools/bin/../lib/gcc/arm-none-eabi/13.3.1/../../../../arm-none-eabi/lib/thumb/v6-m/nofp\libc_nano.a(libc_a-impure.o)
                              C:/ST/STM32CubeIDE_1.19.0/STM32CubeIDE/plugins/com.st.stm32cube.ide.mcu.externaltools.gnu-tools-for-stm32.13.3.rel1.win32_1.0.100.202509120712/tools/bin/../lib/gcc/arm-none-eabi/13.3.1/../../../../arm-none-eabi/lib/thumb/v6-m/nofp\libc_nano.a(libc_a-reent.o) (_impure_ptr)
C:/ST/STM32CubeIDE_1.19.0/STM32CubeIDE/plugins/com.st.stm32cube.ide.mcu.externaltools.gnu-tools-for-stm32.13.3.rel1.win32_1.0.100.202509120712/tools/bin/../lib/gcc/arm-none-eabi/13.3.1/../../../../arm-none-eabi/lib/thumb/v6-m/nofp\libc_nano.a(libc_a-lseekr.o)
[...]
Memory Configuration

Name             Origin             Length             Attributes
RAM              0x20000000         0x00009000         xrw
FLASH            0x08000000         0x00020000         xr
*default*        0x00000000         0xffffffff

Linker script and memory map

LOAD C:/ST/STM32CubeIDE_1.19.0/STM32CubeIDE/plugins/com.st.stm32cube.ide.mcu.externaltools.gnu-tools-for-stm32.13.3.rel1.win32_1.0.100.202509120712/tools/bin/../lib/gcc/arm-none-eabi/13.3.1/thumb/v6-m/nofp/crti.o
LOAD C:/ST/STM32CubeIDE_1.19.0/STM32CubeIDE/plugins/com.st.stm32cube.ide.mcu.externaltools.gnu-tools-for-stm32.13.3.rel1.win32_1.0.100.202509120712/tools/bin/../lib/gcc/arm-none-eabi/13.3.1/thumb/v6-m/nofp/crtbegin.o
LOAD C:/ST/STM32CubeIDE_1.19.0/STM32CubeIDE/plugins/com.st.stm32cube.ide.mcu.externaltools.gnu-tools-for-stm32.13.3.rel1.win32_1.0.100.202509120712/tools/bin/../lib/gcc/arm-none-eabi/13.3.1/../../../../arm-none-eabi/lib/thumb/v6-m/nofp/crt0.o
LOAD ./Core/Src/Display_Application_Lib/Display_App_Functions.o
LOAD ./Core/Src/Display_Application_Lib/Display_App_Variables.o
LOAD ./Core/Src/EEPROM_App_Lib/EEPROM_App_Functions.o
LOAD ./Core/Src/EEPROM_App_Lib/EEPROM_App_Variables.o
LOAD ./Core/Src/EEPROM_Drv_Lib/EEPROM_Drv_Functions.o
LOAD ./Core/Src/EEPROM_Drv_Lib/EEPROM_Drv_Variables.o
LOAD ./Core/Src/LCD16X2_Driver_Lib/LCD16X2_Driver_Functions.o
LOAD ./Core/Src/LCD16X2_Driver_Lib/LCD16X2_Driver_Variables.o
LOAD ./Core/Src/Main_Functions.o
LOAD ./Core/Src/Main_Variables.o
LOAD ./Core/Src/gpio.o
LOAD ./Core/Src/i2c.o
LOAD ./Core/Src/main.o
LOAD ./Core/Src/rtc.o
LOAD ./Core/Src/stm32g0xx_it.o
LOAD ./Core/Src/syscalls.o
LOAD ./Core/Src/sysmem.o
LOAD ./Core/Src/system_stm32g0xx.o
LOAD ./Core/Src/tim.o
LOAD ./Core/Src/usart.o
LOAD ./Core/Src/RTC_Drv_Lib/RTC_Drv_Functions.o
LOAD ./Core/Src/RTC_Drv_Lib/RTC_Drv_Variables.o
LOAD ./Core/Src/Switch_Application_Lib/Switch_App_Functions.o
LOAD ./Core/Src/Switch_Application_Lib/Switch_App_Variables.o
LOAD ./Core/Src/UART1_Mast_App_Lib/UART1_Mast_App_Functions.o
LOAD ./Core/Src/UART1_Mast_App_Lib/UART1_Mast_App_Variables.o
LOAD ./Core/Src/UART1_Mast_Drv_Lib/UART1_Mast_Drv_Functions.o
LOAD ./Core/Src/UART1_Mast_Drv_Lib/UART1_Mast_Drv_Variables.o
LOAD ./Core/Startup/startup_stm32g070cbtx.o
LOAD ./Drivers/STM32G0xx_HAL_Driver/Src/stm32g0xx_ll_dma.o
LOAD ./Drivers/STM32G0xx_HAL_Driver/Src/stm32g0xx_ll_exti.o
LOAD ./Drivers/STM32G0xx_HAL_Driver/Src/stm32g0xx_ll_gpio.o
LOAD ./Drivers/STM32G0xx_HAL_Driver/Src/stm32g0xx_ll_i2c.o
LOAD ./Drivers/STM32G0xx_HAL_Driver/Src/stm32g0xx_ll_pwr.o
LOAD ./Drivers/STM32G0xx_HAL_Driver/Src/stm32g0xx_ll_rcc.o
LOAD ./Drivers/STM32G0xx_HAL_Driver/Src/stm32g0xx_ll_rtc.o
LOAD ./Drivers/STM32G0xx_HAL_Driver/Src/stm32g0xx_ll_tim.o
LOAD ./Drivers/STM32G0xx_HAL_Driver/Src/stm32g0xx_ll_usart.o
LOAD ./Drivers/STM32G0xx_HAL_Driver/Src/stm32g0xx_ll_utils.o
START GROUP
LOAD C:/ST/STM32CubeIDE_1.19.0/STM32CubeIDE/plugins/com.st.stm32cube.ide.mcu.externaltools.gnu-tools-for-stm32.13.3.rel1.win32_1.0.100.202509120712/tools/bin/../lib/gcc/arm-none-eabi/13.3.1/../../../../arm-none-eabi/lib/thumb/v6-m/nofp\libc_nano.a
LOAD C:/ST/STM32CubeIDE_1.19.0/STM32CubeIDE/plugins/com.st.stm32cube.ide.mcu.externaltools.gnu-tools-for-stm32.13.3.rel1.win32_1.0.100.202509120712/tools/bin/../lib/gcc/arm-none-eabi/13.3.1/../../../../arm-none-eabi/lib/thumb/v6-m/nofp\libm.a
END GROUP
START GROUP
LOAD C:/ST/STM32CubeIDE_1.19.0/STM32CubeIDE/plugins/com.st.stm32cube.ide.mcu.externaltools.gnu-tools-for-stm32.13.3.rel1.win32_1.0.100.202509120712/tools/bin/../lib/gcc/arm-none-eabi/13.3.1/thumb/v6-m/nofp\libgcc.a
LOAD C:/ST/STM32CubeIDE_1.19.0/STM32CubeIDE/plugins/com.st.stm32cube.ide.mcu.externaltools.gnu-tools-for-stm32.13.3.rel1.win32_1.0.100.202509120712/tools/bin/../lib/gcc/arm-none-eabi/13.3.1/../../../../arm-none-eabi/lib/thumb/v6-m/nofp\libc_nano.a
END GROUP
START GROUP
LOAD C:/ST/STM32CubeIDE_1.19.0/STM32CubeIDE/plugins/com.st.stm32cube.ide.mcu.externaltools.gnu-tools-for-stm32.13.3.rel1.win32_1.0.100.202509120712/tools/bin/../lib/gcc/arm-none-eabi/13.3.1/thumb/v6-m/nofp\libgcc.a
LOAD C:/ST/STM32CubeIDE_1.19.0/STM32CubeIDE/plugins/com.st.stm32cube.ide.mcu.externaltools.gnu-tools-for-stm32.13.3.rel1.win32_1.0.100.202509120712/tools/bin/../lib/gcc/arm-none-eabi/13.3.1/../../../../arm-none-eabi/lib/thumb/v6-m/nofp\libc_nano.a
LOAD C:/ST/STM32CubeIDE_1.19.0/STM32CubeIDE/plugins/com.st.stm32cube.ide.mcu.externaltools.gnu-tools-for-stm32.13.3.rel1.win32_1.0.100.202509120712/tools/bin/../lib/gcc/arm-none-eabi/13.3.1/../../../../arm-none-eabi/lib/thumb/v6-m/nofp\libnosys.a
END GROUP
START GROUP
LOAD C:/ST/STM32CubeIDE_1.19.0/STM32CubeIDE/plugins/com.st.stm32cube.ide.mcu.externaltools.gnu-tools-for-stm32.13.3.rel1.win32_1.0.100.202509120712/tools/bin/../lib/gcc/arm-none-eabi/13.3.1/thumb/v6-m/nofp\libgcc.a
LOAD C:/ST/STM32CubeIDE_1.19.0/STM32CubeIDE/plugins/com.st.stm32cube.ide.mcu.externaltools.gnu-tools-for-stm32.13.3.rel1.win32_1.0.100.202509120712/tools/bin/../lib/gcc/arm-none-eabi/13.3.1/../../../../arm-none-eabi/lib/thumb/v6-m/nofp\libc_nano.a
LOAD C:/ST/STM32CubeIDE_1.19.0/STM32CubeIDE/plugins/com.st.stm32cube.ide.mcu.externaltools.gnu-tools-for-stm32.13.3.rel1.win32_1.0.100.202509120712/tools/bin/../lib/gcc/arm-none-eabi/13.3.1/../../../../arm-none-eabi/lib/thumb/v6-m/nofp\libnosys.a
END GROUP
LOAD C:/ST/STM32CubeIDE_1.19.0/STM32CubeIDE/plugins/com.st.stm32cube.ide.mcu.externaltools.gnu-tools-for-stm32.13.3.rel1.win32_1.0.100.202509120712/tools/bin/../lib/gcc/arm-none-eabi/13.3.1/thumb/v6-m/nofp/crtend.o
LOAD C:/ST/STM32CubeIDE_1.19.0/STM32CubeIDE/plugins/com.st.stm32cube.ide.mcu.externaltools.gnu-tools-for-stm32.13.3.rel1.win32_1.0.100.202509120712/tools/bin/../lib/gcc/arm-none-eabi/13.3.1/thumb/v6-m/nofp/crtn.o
                0x20009000                        _estack = (ORIGIN (RAM) + LENGTH (RAM))
                0x00000200                        _Min_Heap_Size = 0x200
                0x00000400                        _Min_Stack_Size = 0x400

.isr_vector     0x08000000       0xb8
                0x08000000                        . = ALIGN (0x4)
 *(.isr_vector)
 .isr_vector    0x08000000       0xb8 ./Core/Startup/startup_stm32g070cbtx.o
                0x08000000                g_pfnVectors
                0x080000b8                        . = ALIGN (0x4)

.text           0x080000b8     0x7cc4
                0x080000b8                        . = ALIGN (0x4)
 *(.text)
 .text          0x080000b8       0x48 C:/ST/STM32CubeIDE_1.19.0/STM32CubeIDE/plugins/com.st.stm32cube.ide.mcu.externaltools.gnu-tools-for-stm32.13.3.rel1.win32_1.0.100.202509120712/tools/bin/../lib/gcc/arm-none-eabi/13.3.1/thumb/v6-m/nofp/crtbegin.o
 .text          0x08000100      0x114 C:/ST/STM32CubeIDE_1.19.0/STM32CubeIDE/plugins/com.st.stm32cube.ide.mcu.externaltools.gnu-tools-for-stm32.13.3.rel1.win32_1.0.100.202509120712/tools/bin/../lib/gcc/arm-none-eabi/13.3.1/thumb/v6-m/nofp\libgcc.a(_udivsi3.o)
                0x08000100                __aeabi_uidiv
                0x08000100                __udivsi3
                0x0800020c                __aeabi_uidivmod
 .text          0x08000214      0x1d4 C:/ST/STM32CubeIDE_1.19.0/STM32CubeIDE/plugins/com.st.stm32cube.ide.mcu.externaltools.gnu-tools-for-stm32.13.3.rel1.win32_1.0.100.202509120712/tools/bin/../lib/gcc/arm-none-eabi/13.3.1/thumb/v6-m/nofp\libgcc.a(_divsi3.o)
                0x08000214                __divsi3
                0x08000214                __aeabi_idiv
                0x080003e0                __aeabi_idivmod
 .text          0x080003e8        0x4 C:/ST/STM32CubeIDE_1.19.0/STM32CubeIDE/plugins/com.st.stm32cube.ide.mcu.externaltools.gnu-tools-for-stm32.13.3.rel1.win32_1.0.100.202509120712/tools/bin/../lib/gcc/arm-none-eabi/13.3.1/thumb/v6-m/nofp\libgcc.a(_dvmd_tls.o)
                0x080003e8                __aeabi_idiv0
                0x080003e8                __aeabi_ldiv0
 .text          0x080003ec       0x74 C:/ST/STM32CubeIDE_1.19.0/STM32CubeIDE/plugins/com.st.stm32cube.ide.mcu.externaltools.gnu-tools-for-stm32.13.3.rel1.win32_1.0.100.202509120712/tools/bin/../lib/gcc/arm-none-eabi/13.3.1/thumb/v6-m/nofp\libgcc.a(_arm_cmpsf2.o)
                0x080003ec                __aeabi_cfrcmple
                0x080003f4                __aeabi_cfcmpeq
                0x080003f4                __aeabi_cfcmple
                0x08000404                __aeabi_fcmpeq
                0x08000410                __aeabi_fcmplt
                0x08000424                __aeabi_fcmple
                0x08000438                __aeabi_fcmpgt
                0x0800044c                __aeabi_fcmpge
 .text          0x08000460      0x22c C:/ST/STM32CubeIDE_1.19.0/STM32CubeIDE/plugins/com.st.stm32cube.ide.mcu.externaltools.gnu-tools-for-stm32.13.3.rel1.win32_1.0.100.202509120712/tools/bin/../lib/gcc/arm-none-eabi/13.3.1/thumb/v6-m/nofp\libgcc.a(divsf3.o)
                0x08000460                __aeabi_fdiv
 .text          0x0800068c       0x50 C:/ST/STM32CubeIDE_1.19.0/STM32CubeIDE/plugins/com.st.stm32cube.ide.mcu.externaltools.gnu-tools-for-stm32.13.3.rel1.win32_1.0.100.202509120712/tools/bin/../lib/gcc/arm-none-eabi/13.3.1/thumb/v6-m/nofp\libgcc.a(eqsf2.o)
                0x0800068c                __eqsf2
                0x0800068c                __nesf2
 .text          0x080006dc       0x90 C:/ST/STM32CubeIDE_1.19.0/STM32CubeIDE/plugins/com.st.stm32cube.ide.mcu.externaltools.gnu-tools-for-stm32.13.3.rel1.win32_1.0.100.202509120712/tools/bin/../lib/gcc/arm-none-eabi/13.3.1/thumb/v6-m/nofp\libgcc.a(gesf2.o)
                0x080006dc                __gesf2
                0x080006dc                __gtsf2
 .text          0x0800076c       0x90 C:/ST/STM32CubeIDE_1.19.0/STM32CubeIDE/plugins/com.st.stm32cube.ide.mcu.externaltools.gnu-tools-for-stm32.13.3.rel1.win32_1.0.100.202509120712/tools/bin/../lib/gcc/arm-none-eabi/13.3.1/thumb/v6-m/nofp\libgcc.a(lesf2.o)
                0x0800076c                __ltsf2
                0x0800076c                __lesf2
 .text          0x080007fc      0x2b4 C:/ST/STM32CubeIDE_1.19.0/STM32CubeIDE/plugins/com.st.stm32cube.ide.mcu.externaltools.gnu-tools-for-stm32.13.3.rel1.win32_1.0.100.202509120712/tools/bin/../lib/gcc/arm-none-eabi/13.3.1/thumb/v6-m/nofp\libgcc.a(mulsf3.o)
                0x080007fc                __aeabi_fmul
 .text          0x08000ab0      0x4c8 C:/ST/STM32CubeIDE_1.19.0/STM32CubeIDE/plugins/com.st.stm32cube.ide.mcu.externaltools.gnu-tools-for-stm32.13.3.rel1.win32_1.0.100.202509120712/tools/bin/../lib/gcc/arm-none-eabi/13.3.1/thumb/v6-m/nofp\libgcc.a(subsf3.o)
                0x08000ab0                __aeabi_fsub
 .text          0x08000f78       0x40 C:/ST/STM32CubeIDE_1.19.0/STM32CubeIDE/plugins/com.st.stm32cube.ide.mcu.externaltools.gnu-tools-for-stm32.13.3.rel1.win32_1.0.100.202509120712/tools/bin/../lib/gcc/arm-none-eabi/13.3.1/thumb/v6-m/nofp\libgcc.a(fixsfsi.o)
                0x08000f78                __aeabi_f2iz
 .text          0x08000fb8       0xa0 C:/ST/STM32CubeIDE_1.19.0/STM32CubeIDE/plugins/com.st.stm32cube.ide.mcu.externaltools.gnu-tools-for-stm32.13.3.rel1.win32_1.0.100.202509120712/tools/bin/../lib/gcc/arm-none-eabi/13.3.1/thumb/v6-m/nofp\libgcc.a(floatsisf.o)
                0x08000fb8                __aeabi_i2f
 .text          0x08001058       0x8c C:/ST/STM32CubeIDE_1.19.0/STM32CubeIDE/plugins/com.st.stm32cube.ide.mcu.externaltools.gnu-tools-for-stm32.13.3.rel1.win32_1.0.100.202509120712/tools/bin/../lib/gcc/arm-none-eabi/13.3.1/thumb/v6-m/nofp\libgcc.a(floatunsisf.o)
                0x08001058                __aeabi_ui2f
 .text          0x080010e4       0x3c C:/ST/STM32CubeIDE_1.19.0/STM32CubeIDE/plugins/com.st.stm32cube.ide.mcu.externaltools.gnu-tools-for-stm32.13.3.rel1.win32_1.0.100.202509120712/tools/bin/../lib/gcc/arm-none-eabi/13.3.1/thumb/v6-m/nofp\libgcc.a(_clzsi2.o)
                0x080010e4                __clzsi2
 *(.text*)
 .text.LL_GPIO_TogglePin
                0x08001120       0x2e ./Core/Src/Display_Application_Lib/Display_App_Functions.o
 *fill*         0x0800114e        0x2 
 .text.Metering_State_Disp_Fn
                0x08001150      0x1b4 ./Core/Src/Display_Application_Lib/Display_App_Functions.o
                0x08001150                Metering_State_Disp_Fn
 .text.Metering_Rq_Data_State_Disp_Fn
                0x08001304       0x28 ./Core/Src/Display_Application_Lib/Display_App_Functions.o
                0x08001304                Metering_Rq_Data_State_Disp_Fn
 .text.Option_State_Disp_Fn
                0x0800132c       0x54 ./Core/Src/Display_Application_Lib/Display_App_Functions.o
                0x0800132c                Option_State_Disp_Fn
 .text.Password_State_Disp_Fn
                0x08001380       0x40 ./Core/Src/Display_Application_Lib/Display_App_Functions.o
                0x08001380                Password_State_Disp_Fn
 .text.Calibration_State_Disp_Fn
                0x080013c0      0x11c ./Core/Src/Display_Application_Lib/Display_App_Functions.o
                0x080013c0                Calibration_State_Disp_Fn
 .text.Settings_State_Disp_Fn
                0x080014dc       0xa4 ./Core/Src/Display_Application_Lib/Display_App_Functions.o
                0x080014dc                Settings_State_Disp_Fn
 .text.Settings_Data_Rq_EEPROM_Disp_Fn
                0x08001580       0x20 ./Core/Src/Display_Application_Lib/Display_App_Functions.o
                0x08001580                Settings_Data_Rq_EEPROM_Disp_Fn
 .text.Settings_Send_Data_State_Disp_Fn
                0x080015a0       0x28 ./Core/Src/Display_Application_Lib/Display_App_Functions.o
                0x080015a0                Settings_Send_Data_State_Disp_Fn
 .text.Save_Settings_in_EEPROM_Settings_State_Disp_Fn
                0x080015c8       0x20 ./Core/Src/Display_Application_Lib/Display_App_Functions.o
                0x080015c8                Save_Settings_in_EEPROM_Settings_State_Disp_Fn
 .text.Reset_State_Disp_Fn
                0x080015e8       0x18 ./Core/Src/Display_Application_Lib/Display_App_Functions.o
                0x080015e8                Reset_State_Disp_Fn
 .text.Reset_Send_Rq_State_Disp_Fn
                0x08001600       0x20 ./Core/Src/Display_Application_Lib/Display_App_Functions.o
                0x08001600                Reset_Send_Rq_State_Disp_Fn
 .text.External_Set_Time_Date_Disp_Fn
                0x08001620       0x78 ./Core/Src/Display_Application_Lib/Display_App_Functions.o
                0x08001620                External_Set_Time_Date_Disp_Fn
 .text.Time_Date_Disp_Fn
                0x08001698       0xc4 ./Core/Src/Display_Application_Lib/Display_App_Functions.o
                0x08001698                Time_Date_Disp_Fn
 .text.Error_State_Disp_Fn
                0x0800175c       0xa8 ./Core/Src/Display_Application_Lib/Display_App_Functions.o
                0x0800175c                Error_State_Disp_Fn
 .text.Display_Variables_Init
                0x08001804       0x7c ./Core/Src/Display_Application_Lib/Display_App_Functions.o
                0x08001804                Display_Variables_Init
 .text.EEPROM_App_Read_Settings
                0x08001880       0x84 ./Core/Src/EEPROM_App_Lib/EEPROM_App_Functions.o
                0x08001880                EEPROM_App_Read_Settings
 .text.EEPROM_App_Write_Settings
                0x08001904       0x3c ./Core/Src/EEPROM_App_Lib/EEPROM_App_Functions.o
                0x08001904                EEPROM_App_Write_Settings
 .text.EEPROM_App_Read_Metering
                0x08001940       0x44 ./Core/Src/EEPROM_App_Lib/EEPROM_App_Functions.o
                0x08001940                EEPROM_App_Read_Metering
 .text.EEPROM_App_Write_Metering
                0x08001984       0x4c ./Core/Src/EEPROM_App_Lib/EEPROM_App_Functions.o
                0x08001984                EEPROM_App_Write_Metering
 .text.LL_I2C_SetMasterAddressingMode
                0x080019d0       0x28 ./Core/Src/EEPROM_Drv_Lib/EEPROM_Drv_Functions.o
 .text.LL_I2C_IsActiveFlag_TXE
                0x080019f8       0x22 ./Core/Src/EEPROM_Drv_Lib/EEPROM_Drv_Functions.o
 .text.LL_I2C_IsActiveFlag_TXIS
                0x08001a1a       0x22 ./Core/Src/EEPROM_Drv_Lib/EEPROM_Drv_Functions.o
 .text.LL_I2C_IsActiveFlag_RXNE
                0x08001a3c       0x22 ./Core/Src/EEPROM_Drv_Lib/EEPROM_Drv_Functions.o
 *fill*         0x08001a5e        0x2 
 .text.LL_I2C_DisableAutoEndMode
                0x08001a60       0x20 ./Core/Src/EEPROM_Drv_Lib/EEPROM_Drv_Functions.o
 .text.LL_I2C_SetTransferSize
                0x08001a80       0x28 ./Core/Src/EEPROM_Drv_Lib/EEPROM_Drv_Functions.o
 .text.LL_I2C_GenerateStopCondition
                0x08001aa8       0x1e ./Core/Src/EEPROM_Drv_Lib/EEPROM_Drv_Functions.o
 .text.LL_I2C_SetSlaveAddr
                0x08001ac6       0x22 ./Core/Src/EEPROM_Drv_Lib/EEPROM_Drv_Functions.o
 .text.LL_I2C_ReceiveData8
                0x08001ae8       0x16 ./Core/Src/EEPROM_Drv_Lib/EEPROM_Drv_Functions.o
 .text.LL_I2C_TransmitData8
                0x08001afe       0x1e ./Core/Src/EEPROM_Drv_Lib/EEPROM_Drv_Functions.o
 .text.EEPROM_Drv_Init
                0x08001b1c       0x58 ./Core/Src/EEPROM_Drv_Lib/EEPROM_Drv_Functions.o
                0x08001b1c                EEPROM_Drv_Init
 .text.EEPROM_Drv_Read_Byte
                0x08001b74      0x1cc ./Core/Src/EEPROM_Drv_Lib/EEPROM_Drv_Functions.o
                0x08001b74                EEPROM_Drv_Read_Byte
 .text.EEPROM_Drv_Write_Byte
                0x08001d40      0x1d8 ./Core/Src/EEPROM_Drv_Lib/EEPROM_Drv_Functions.o
                0x08001d40                EEPROM_Drv_Write_Byte
 .text.EEPROM_Drv_Read_Array
                0x08001f18      0x1e4 ./Core/Src/EEPROM_Drv_Lib/EEPROM_Drv_Functions.o
                0x08001f18                EEPROM_Drv_Read_Array
 .text.EEPROM_Drv_Write_Array
                0x080020fc      0x2a4 ./Core/Src/EEPROM_Drv_Lib/EEPROM_Drv_Functions.o
                0x080020fc                EEPROM_Drv_Write_Array
 .text.LL_GPIO_SetOutputPin
                0x080023a0       0x18 ./Core/Src/LCD16X2_Driver_Lib/LCD16X2_Driver_Functions.o
 .text.LL_GPIO_ResetOutputPin
                0x080023b8       0x18 ./Core/Src/LCD16X2_Driver_Lib/LCD16X2_Driver_Functions.o
 .text.Delay    0x080023d0       0x28 ./Core/Src/LCD16X2_Driver_Lib/LCD16X2_Driver_Functions.o
                0x080023d0                Delay
 .text.TimingDelay_Decrement
                0x080023f8       0x20 ./Core/Src/LCD16X2_Driver_Lib/LCD16X2_Driver_Functions.o
                0x080023f8                TimingDelay_Decrement
 .text.LCD_Clear_Display
                0x08002418       0x18 ./Core/Src/LCD16X2_Driver_Lib/LCD16X2_Driver_Functions.o
                0x08002418                LCD_Clear_Display
 .text.LCD_Locate
                0x08002430       0x6a ./Core/Src/LCD16X2_Driver_Lib/LCD16X2_Driver_Functions.o
                0x08002430                LCD_Locate
 .text.LCD_Disp_On
                0x0800249a       0x18 ./Core/Src/LCD16X2_Driver_Lib/LCD16X2_Driver_Functions.o
                0x0800249a                LCD_Disp_On
 .text.Printfloat
                0x080024b2       0xd0 ./Core/Src/LCD16X2_Driver_Lib/LCD16X2_Driver_Functions.o
                0x080024b2                Printfloat
 *fill*         0x08002582        0x2 
 .text.LCDByte  0x08002584       0xb8 ./Core/Src/LCD16X2_Driver_Lib/LCD16X2_Driver_Functions.o
                0x08002584                LCDByte
 .text.LCDInit  0x0800263c       0xb0 ./Core/Src/LCD16X2_Driver_Lib/LCD16X2_Driver_Functions.o
                0x0800263c                LCDInit
 .text.LCDWriteString
                0x080026ec       0x82 ./Core/Src/LCD16X2_Driver_Lib/LCD16X2_Driver_Functions.o
                0x080026ec                LCDWriteString
 .text.LCDWrite_Unsigned_Int
                0x0800276e       0xdc ./Core/Src/LCD16X2_Driver_Lib/LCD16X2_Driver_Functions.o
                0x0800276e                LCDWrite_Unsigned_Int
 *fill*         0x0800284a        0x2 
 .text.Nibble_Write
                0x0800284c       0xac ./Core/Src/LCD16X2_Driver_Lib/LCD16X2_Driver_Functions.o
                0x0800284c                Nibble_Write
 .text.Whileloop_State_Fn
                0x080028f8       0x8c ./Core/Src/Main_Functions.o
                0x080028f8                Whileloop_State_Fn
 .text.Whileloop_Metering_Fn
                0x08002984      0x10c ./Core/Src/Main_Functions.o
                0x08002984                Whileloop_Metering_Fn
 .text.Whileloop_Option_Fn
                0x08002a90      0x1a0 ./Core/Src/Main_Functions.o
                0x08002a90                Whileloop_Option_Fn
 .text.Whileloop_Password_Fn
                0x08002c30       0x74 ./Core/Src/Main_Functions.o
                0x08002c30                Whileloop_Password_Fn
 .text.Whileloop_Calibration_Fn
                0x08002ca4      0x17c ./Core/Src/Main_Functions.o
                0x08002ca4                Whileloop_Calibration_Fn
 .text.Whileloop_Calib_Update_and_Send_Fn
                0x08002e20       0xac ./Core/Src/Main_Functions.o
                0x08002e20                Whileloop_Calib_Update_and_Send_Fn
 .text.Calibration_Update
                0x08002ecc       0x70 ./Core/Src/Main_Functions.o
                0x08002ecc                Calibration_Update
 .text.Whileloop_Setting_Fn
                0x08002f3c      0x16c ./Core/Src/Main_Functions.o
                0x08002f3c                Whileloop_Setting_Fn
 .text.Whileloop_Setting_Data_Rq_EEPROM_Fn
                0x080030a8      0x13c ./Core/Src/Main_Functions.o
                0x080030a8                Whileloop_Setting_Data_Rq_EEPROM_Fn
 .text.Whileloop_Save_Setting_in_EEPROM_Fn
                0x080031e4       0xe8 ./Core/Src/Main_Functions.o
                0x080031e4                Whileloop_Save_Setting_in_EEPROM_Fn
 .text.Whileloop_User_Reset_Fn
                0x080032cc       0x70 ./Core/Src/Main_Functions.o
                0x080032cc                Whileloop_User_Reset_Fn
 .text.Whileloop_Daily_Reset_Fn
                0x0800333c      0x108 ./Core/Src/Main_Functions.o
                0x0800333c                Whileloop_Daily_Reset_Fn
 .text.Whileloop_Send_Reset_Rq_Fn
                0x08003444       0x70 ./Core/Src/Main_Functions.o
                0x08003444                Whileloop_Send_Reset_Rq_Fn
 .text.Whileloop_Ext_RTC_Set_Time_Date_Fn
                0x080034b4      0x280 ./Core/Src/Main_Functions.o
                0x080034b4                Whileloop_Ext_RTC_Set_Time_Date_Fn
 .text.Whileloop_Disp_Time_Date_Fn
                0x08003734       0xbc ./Core/Src/Main_Functions.o
                0x08003734                Whileloop_Disp_Time_Date_Fn
 .text.Whileloop_Error_Fn
                0x080037f0       0xa4 ./Core/Src/Main_Functions.o
                0x080037f0                Whileloop_Error_Fn
 .text.Main_Variables_Init
                0x08003894       0x38 ./Core/Src/Main_Functions.o
                0x08003894                Main_Variables_Init
 .text.LL_IOP_GRP1_EnableClock
                0x080038cc       0x2c ./Core/Src/gpio.o
 .text.LL_GPIO_ResetOutputPin
                0x080038f8       0x18 ./Core/Src/gpio.o
 .text.MX_GPIO_Init
                0x08003910      0x390 ./Core/Src/gpio.o
                0x08003910                MX_GPIO_Init
 .text.LL_I2C_EnableClockStretching
                0x08003ca0       0x20 ./Core/Src/i2c.o
 .text.LL_I2C_DisableGeneralCall
                0x08003cc0       0x20 ./Core/Src/i2c.o
 .text.LL_I2C_SetOwnAddress2
                0x08003ce0       0x2c ./Core/Src/i2c.o
 .text.LL_I2C_DisableOwnAddress2
                0x08003d0c       0x20 ./Core/Src/i2c.o
 .text.LL_I2C_EnableAutoEndMode
                0x08003d2c       0x1e ./Core/Src/i2c.o
 *fill*         0x08003d4a        0x2 
 .text.LL_RCC_SetI2CClockSource
                0x08003d4c       0x30 ./Core/Src/i2c.o
 .text.LL_APB1_GRP1_EnableClock
                0x08003d7c       0x2c ./Core/Src/i2c.o
 .text.LL_IOP_GRP1_EnableClock
                0x08003da8       0x2c ./Core/Src/i2c.o
 .text.MX_I2C1_Init
                0x08003dd4      0x118 ./Core/Src/i2c.o
                0x08003dd4                MX_I2C1_Init
 .text.__NVIC_SetPriority
                0x08003eec       0xdc ./Core/Src/main.o
 .text.LL_RCC_HSI_Enable
                0x08003fc8       0x1c ./Core/Src/main.o
 .text.LL_RCC_HSI_IsReady
                0x08003fe4       0x28 ./Core/Src/main.o
 .text.LL_RCC_LSI_Enable
                0x0800400c       0x1c ./Core/Src/main.o
 .text.LL_RCC_LSI_IsReady
                0x08004028       0x20 ./Core/Src/main.o
 .text.LL_RCC_SetSysClkSource
                0x08004048       0x28 ./Core/Src/main.o
 .text.LL_RCC_GetSysClkSource
                0x08004070       0x18 ./Core/Src/main.o
 .text.LL_RCC_SetAHBPrescaler
                0x08004088       0x2c ./Core/Src/main.o
 .text.LL_RCC_SetAPB1Prescaler
                0x080040b4       0x2c ./Core/Src/main.o
 .text.LL_RCC_PLL_Enable
                0x080040e0       0x1c ./Core/Src/main.o
 .text.LL_RCC_PLL_IsReady
                0x080040fc       0x28 ./Core/Src/main.o
 .text.LL_RCC_PLL_ConfigDomain_SYS
                0x08004124       0x40 ./Core/Src/main.o
 .text.LL_RCC_PLL_EnableDomain_SYS
                0x08004164       0x1c ./Core/Src/main.o
 .text.LL_APB1_GRP1_EnableClock
                0x08004180       0x2c ./Core/Src/main.o
 .text.LL_APB2_GRP1_EnableClock
                0x080041ac       0x2c ./Core/Src/main.o
 .text.LL_FLASH_SetLatency
                0x080041d8       0x28 ./Core/Src/main.o
 .text.LL_FLASH_GetLatency
                0x08004200       0x18 ./Core/Src/main.o
 .text.LL_PWR_EnableBkUpAccess
                0x08004218       0x1c ./Core/Src/main.o
 .text.LL_GPIO_SetOutputPin
                0x08004234       0x18 ./Core/Src/main.o
 .text.main     0x0800424c      0x140 ./Core/Src/main.o
                0x0800424c                main
 .text.SystemClock_Config
                0x0800438c       0x94 ./Core/Src/main.o
                0x0800438c                SystemClock_Config
 .text.LL_RCC_SetRTCClockSource
                0x08004420       0x2c ./Core/Src/rtc.o
 .text.LL_RCC_GetRTCClockSource
                0x0800444c       0x18 ./Core/Src/rtc.o
 .text.LL_RCC_EnableRTC
                0x08004464       0x1c ./Core/Src/rtc.o
 .text.LL_RCC_ForceBackupDomainReset
                0x08004480       0x1c ./Core/Src/rtc.o
 .text.LL_RCC_ReleaseBackupDomainReset
                0x0800449c       0x20 ./Core/Src/rtc.o
 .text.LL_APB1_GRP1_EnableClock
                0x080044bc       0x2c ./Core/Src/rtc.o
 .text.MX_RTC_Init
                0x080044e8       0x6c ./Core/Src/rtc.o
                0x080044e8                MX_RTC_Init
 .text.NMI_Handler
                0x08004554        0x8 ./Core/Src/stm32g0xx_it.o
                0x08004554                NMI_Handler
 .text.HardFault_Handler
                0x0800455c        0x8 ./Core/Src/stm32g0xx_it.o
                0x0800455c                HardFault_Handler
 .text.SVC_Handler
                0x08004564        0xa ./Core/Src/stm32g0xx_it.o
                0x08004564                SVC_Handler
 .text.PendSV_Handler
                0x0800456e        0xa ./Core/Src/stm32g0xx_it.o
                0x0800456e                PendSV_Handler
 .text.SysTick_Handler
                0x08004578        0xa ./Core/Src/stm32g0xx_it.o
                0x08004578                SysTick_Handler
 *fill*         0x08004582        0x2 
 .text.TIM1_BRK_UP_TRG_COM_IRQHandler
                0x08004584       0xdc ./Core/Src/stm32g0xx_it.o
                0x08004584                TIM1_BRK_UP_TRG_COM_IRQHandler
 .text.USART1_IRQHandler
                0x08004660        0xe ./Core/Src/stm32g0xx_it.o
                0x08004660                USART1_IRQHandler
 .text.USART2_IRQHandler
                0x0800466e        0xa ./Core/Src/stm32g0xx_it.o
                0x0800466e                USART2_IRQHandler
 .text.USART3_4_IRQHandler
                0x08004678        0xa ./Core/Src/stm32g0xx_it.o
                0x08004678                USART3_4_IRQHandler
 .text.SystemInit
                0x08004682        0xa ./Core/Src/system_stm32g0xx.o
                0x08004682                SystemInit
 .text.__NVIC_EnableIRQ
                0x0800468c       0x34 ./Core/Src/tim.o
 .text.__NVIC_SetPriority
                0x080046c0       0xdc ./Core/Src/tim.o
 .text.LL_APB2_GRP1_EnableClock
                0x0800479c       0x2c ./Core/Src/tim.o
 .text.LL_TIM_DisableARRPreload
                0x080047c8       0x1e ./Core/Src/tim.o
 *fill*         0x080047e6        0x2 
 .text.LL_TIM_SetClockSource
                0x080047e8       0x28 ./Core/Src/tim.o
 .text.LL_TIM_SetTriggerOutput
                0x08004810       0x24 ./Core/Src/tim.o
 .text.LL_TIM_SetTriggerOutput2
                0x08004834       0x28 ./Core/Src/tim.o
 .text.LL_TIM_DisableMasterSlaveMode
                0x0800485c       0x1e ./Core/Src/tim.o
 *fill*         0x0800487a        0x2 
 .text.MX_TIM1_Init
                0x0800487c       0x94 ./Core/Src/tim.o
                0x0800487c                MX_TIM1_Init
 .text.__NVIC_EnableIRQ
                0x08004910       0x34 ./Core/Src/usart.o
 .text.__NVIC_SetPriority
                0x08004944       0xdc ./Core/Src/usart.o
 .text.LL_RCC_SetUSARTClockSource
                0x08004a20       0x30 ./Core/Src/usart.o
 .text.LL_APB1_GRP1_EnableClock
                0x08004a50       0x2c ./Core/Src/usart.o
 .text.LL_APB2_GRP1_EnableClock
                0x08004a7c       0x2c ./Core/Src/usart.o
 .text.LL_IOP_GRP1_EnableClock
                0x08004aa8       0x2c ./Core/Src/usart.o
 .text.LL_USART_Enable
                0x08004ad4       0x1c ./Core/Src/usart.o
 .text.LL_USART_DisableFIFO
                0x08004af0       0x20 ./Core/Src/usart.o
 .text.LL_USART_SetTXFIFOThreshold
                0x08004b10       0x46 ./Core/Src/usart.o
 *fill*         0x08004b56        0x2 
 .text.LL_USART_SetRXFIFOThreshold
                0x08004b58       0x4c ./Core/Src/usart.o
 .text.LL_USART_ConfigAsyncMode
                0x08004ba4       0x30 ./Core/Src/usart.o
 .text.LL_USART_IsActiveFlag_TEACK
                0x08004bd4       0x28 ./Core/Src/usart.o
 .text.LL_USART_IsActiveFlag_REACK
                0x08004bfc       0x28 ./Core/Src/usart.o
 .text.MX_USART1_UART_Init
                0x08004c24      0x148 ./Core/Src/usart.o
                0x08004c24                MX_USART1_UART_Init
 .text.MX_USART2_UART_Init
                0x08004d6c      0x144 ./Core/Src/usart.o
                0x08004d6c                MX_USART2_UART_Init
 .text.MX_USART3_UART_Init
                0x08004eb0      0x128 ./Core/Src/usart.o
                0x08004eb0                MX_USART3_UART_Init
 .text.MX_USART4_UART_Init
                0x08004fd8      0x120 ./Core/Src/usart.o
                0x08004fd8                MX_USART4_UART_Init
 .text.LL_I2C_SetMasterAddressingMode
                0x080050f8       0x28 ./Core/Src/RTC_Drv_Lib/RTC_Drv_Functions.o
 .text.LL_I2C_IsActiveFlag_TXE
                0x08005120       0x22 ./Core/Src/RTC_Drv_Lib/RTC_Drv_Functions.o
 .text.LL_I2C_IsActiveFlag_TXIS
                0x08005142       0x22 ./Core/Src/RTC_Drv_Lib/RTC_Drv_Functions.o
 .text.LL_I2C_IsActiveFlag_RXNE
                0x08005164       0x22 ./Core/Src/RTC_Drv_Lib/RTC_Drv_Functions.o
 *fill*         0x08005186        0x2 
 .text.LL_I2C_DisableAutoEndMode
                0x08005188       0x20 ./Core/Src/RTC_Drv_Lib/RTC_Drv_Functions.o
 .text.LL_I2C_SetTransferSize
                0x080051a8       0x28 ./Core/Src/RTC_Drv_Lib/RTC_Drv_Functions.o
 .text.LL_I2C_GenerateStopCondition
                0x080051d0       0x1e ./Core/Src/RTC_Drv_Lib/RTC_Drv_Functions.o
 .text.LL_I2C_SetSlaveAddr
                0x080051ee       0x22 ./Core/Src/RTC_Drv_Lib/RTC_Drv_Functions.o
 .text.LL_I2C_ReceiveData8
                0x08005210       0x16 ./Core/Src/RTC_Drv_Lib/RTC_Drv_Functions.o
 .text.LL_I2C_TransmitData8
                0x08005226       0x1e ./Core/Src/RTC_Drv_Lib/RTC_Drv_Functions.o
 .text.LL_RTC_ALMA_ConfigTime
                0x08005244       0x4c ./Core/Src/RTC_Drv_Lib/RTC_Drv_Functions.o
 .text.RTC_Drv_Init
                0x08005290       0x54 ./Core/Src/RTC_Drv_Lib/RTC_Drv_Functions.o
                0x08005290                RTC_Drv_Init
 .text.RTC_Drv_Get_Ext_Date_Time
                0x080052e4      0x2a4 ./Core/Src/RTC_Drv_Lib/RTC_Drv_Functions.o
                0x080052e4                RTC_Drv_Get_Ext_Date_Time
 .text.RTC_Drv_Set_Ext_Date_Time
                0x08005588      0x118 ./Core/Src/RTC_Drv_Lib/RTC_Drv_Functions.o
                0x08005588                RTC_Drv_Set_Ext_Date_Time
 .text.RTC_Drv_Ext_Write_Byte
                0x080056a0      0x150 ./Core/Src/RTC_Drv_Lib/RTC_Drv_Functions.o
                0x080056a0                RTC_Drv_Ext_Write_Byte
 .text.RTC_Drv_Set_Intrnl_From_Ext
                0x080057f0       0x90 ./Core/Src/RTC_Drv_Lib/RTC_Drv_Functions.o
                0x080057f0                RTC_Drv_Set_Intrnl_From_Ext
 .text.RTC_Drv_Intrnl_Alarm_Init
                0x08005880       0x50 ./Core/Src/RTC_Drv_Lib/RTC_Drv_Functions.o
                0x08005880                RTC_Drv_Intrnl_Alarm_Init
 .text.Switch_1ms_Interrupt_Fn
                0x080058d0       0xd4 ./Core/Src/Switch_Application_Lib/Switch_App_Functions.o
                0x080058d0                Switch_1ms_Interrupt_Fn
 .text.Switch_Incrmnt_Detect
                0x080059a4       0x74 ./Core/Src/Switch_Application_Lib/Switch_App_Functions.o
                0x080059a4                Switch_Incrmnt_Detect
 .text.Switch_Decrmnt_Detect
                0x08005a18       0x64 ./Core/Src/Switch_Application_Lib/Switch_App_Functions.o
                0x08005a18                Switch_Decrmnt_Detect
 .text.Switch_Set_Detect
                0x08005a7c       0xac ./Core/Src/Switch_Application_Lib/Switch_App_Functions.o
                0x08005a7c                Switch_Set_Detect
 .text.Switch_Enter_Detect
                0x08005b28       0xa8 ./Core/Src/Switch_Application_Lib/Switch_App_Functions.o
                0x08005b28                Switch_Enter_Detect
 .text.Switch_Set_and_Enter_Detect
                0x08005bd0       0x7c ./Core/Src/Switch_Application_Lib/Switch_App_Functions.o
                0x08005bd0                Switch_Set_and_Enter_Detect
 .text.Whileloop_Metering_Data_Rq_Fn
                0x08005c4c      0x104 ./Core/Src/UART1_Mast_App_Lib/UART1_Mast_App_Functions.o
                0x08005c4c                Whileloop_Metering_Data_Rq_Fn
 .text.U1Mast_App_Populate_And_Send_Txdata_Array_With_Message_Request_Metering
                0x08005d50       0x50 ./Core/Src/UART1_Mast_App_Lib/UART1_Mast_App_Functions.o
                0x08005d50                U1Mast_App_Populate_And_Send_Txdata_Array_With_Message_Request_Metering
 .text.Whileloop_Setting_Send_Data_Fn
                0x08005da0      0x104 ./Core/Src/UART1_Mast_App_Lib/UART1_Mast_App_Functions.o
                0x08005da0                Whileloop_Setting_Send_Data_Fn
 .text.Display_to_Inverter
                0x08005ea4      0x2c4 ./Core/Src/UART1_Mast_App_Lib/UART1_Mast_App_Functions.o
                0x08005ea4                Display_to_Inverter
 .text.U1Mast_App_Populate_And_Send_Txdata_Array_With_Zeros_Calib
                0x08006168       0x9c ./Core/Src/UART1_Mast_App_Lib/UART1_Mast_App_Functions.o
                0x08006168                U1Mast_App_Populate_And_Send_Txdata_Array_With_Zeros_Calib
 .text.U1Mast_App_Populate_And_Send_Txdata_Array_With_Msg_Calib
                0x08006204      0x15c ./Core/Src/UART1_Mast_App_Lib/UART1_Mast_App_Functions.o
                0x08006204                U1Mast_App_Populate_And_Send_Txdata_Array_With_Msg_Calib
 .text.U1Mast_App_Populate_And_Send_Txdata_Array_With_Msg_RESET
                0x08006360       0x94 ./Core/Src/UART1_Mast_App_Lib/UART1_Mast_App_Functions.o
                0x08006360                U1Mast_App_Populate_And_Send_Txdata_Array_With_Msg_RESET
 .text.U1Mast_App_Store_Received_Data_In_Variables
                0x080063f4       0x1a ./Core/Src/UART1_Mast_App_Lib/UART1_Mast_App_Functions.o
                0x080063f4                U1Mast_App_Store_Received_Data_In_Variables
 *fill*         0x0800640e        0x2 
 .text.U1Mast_App_Update_Variables_if_Mesage_is_m
                0x08006410       0x84 ./Core/Src/UART1_Mast_App_Lib/UART1_Mast_App_Functions.o
                0x08006410                U1Mast_App_Update_Variables_if_Mesage_is_m
 .text.U1Mast_App_Update_Variables_if_Mesage_is_S
                0x08006494       0x5c ./Core/Src/UART1_Mast_App_Lib/UART1_Mast_App_Functions.o
                0x08006494                U1Mast_App_Update_Variables_if_Mesage_is_S
 .text.U1Mast_App_Update_Variables_if_Mesage_is_c
                0x080064f0       0x8c ./Core/Src/UART1_Mast_App_Lib/UART1_Mast_App_Functions.o
                0x080064f0                U1Mast_App_Update_Variables_if_Mesage_is_c
 .text.U1Mast_App_Update_Variables_if_Mesage_is_r
                0x0800657c       0x50 ./Core/Src/UART1_Mast_App_Lib/UART1_Mast_App_Functions.o
                0x0800657c                U1Mast_App_Update_Variables_if_Mesage_is_r
 .text.U1Mast_App_Use_Received_Data_m
                0x080065cc       0x70 ./Core/Src/UART1_Mast_App_Lib/UART1_Mast_App_Functions.o
                0x080065cc                U1Mast_App_Use_Received_Data_m
 .text.U1Mast_App_Use_Received_Data_c
                0x0800663c       0x70 ./Core/Src/UART1_Mast_App_Lib/UART1_Mast_App_Functions.o
                0x0800663c                U1Mast_App_Use_Received_Data_c
 .text.U1Mast_Drv_crcFast
                0x080066ac       0x5c ./Core/Src/UART1_Mast_Drv_Lib/UART1_Mast_Drv_Functions.o
                0x080066ac                U1Mast_Drv_crcFast
 .text.U1Mast_Drv_Receive_ISR_Program
                0x08006708      0x2f8 ./Core/Src/UART1_Mast_Drv_Lib/UART1_Mast_Drv_Functions.o
                0x08006708                U1Mast_Drv_Receive_ISR_Program
 .text.U1Mast_Drv_Send_Function_Inside_Timer_Interrupt
                0x08006a00       0x70 ./Core/Src/UART1_Mast_Drv_Lib/UART1_Mast_Drv_Functions.o
                0x08006a00                U1Mast_Drv_Send_Function_Inside_Timer_Interrupt
 .text.Reset_Handler
                0x08006a70       0x50 ./Core/Startup/startup_stm32g070cbtx.o
                0x08006a70                Reset_Handler
 .text.Default_Handler
                0x08006ac0        0x2 ./Core/Startup/startup_stm32g070cbtx.o
                0x08006ac0                TIM1_CC_IRQHandler
                0x08006ac0                TIM6_IRQHandler
                0x08006ac0                I2C1_IRQHandler
                0x08006ac0                RTC_TAMP_IRQHandler
                0x08006ac0                SPI1_IRQHandler
                0x08006ac0                EXTI2_3_IRQHandler
                0x08006ac0                ADC1_IRQHandler
                0x08006ac0                I2C2_IRQHandler
                0x08006ac0                TIM17_IRQHandler
                0x08006ac0                TIM16_IRQHandler
                0x08006ac0                TIM3_IRQHandler
                0x08006ac0                EXTI4_15_IRQHandler
                0x08006ac0                RCC_IRQHandler
                0x08006ac0                DMA1_Channel1_IRQHandler
                0x08006ac0                Default_Handler
                0x08006ac0                TIM14_IRQHandler
                0x08006ac0                TIM7_IRQHandler
                0x08006ac0                TIM15_IRQHandler
                0x08006ac0                EXTI0_1_IRQHandler
                0x08006ac0                SPI2_IRQHandler
                0x08006ac0                WWDG_IRQHandler
                0x08006ac0                DMA1_Ch4_7_DMAMUX1_OVR_IRQHandler
                0x08006ac0                DMA1_Channel2_3_IRQHandler
                0x08006ac0                FLASH_IRQHandler
 .text.LL_GPIO_SetPinMode
                0x08006ac2       0x38 ./Drivers/STM32G0xx_HAL_Driver/Src/stm32g0xx_ll_gpio.o
 .text.LL_GPIO_SetPinOutputType
                0x08006afa       0x2a ./Drivers/STM32G0xx_HAL_Driver/Src/stm32g0xx_ll_gpio.o
 .text.LL_GPIO_SetPinSpeed
                0x08006b24       0x38 ./Drivers/STM32G0xx_HAL_Driver/Src/stm32g0xx_ll_gpio.o
 .text.LL_GPIO_SetPinPull
                0x08006b5c       0x38 ./Drivers/STM32G0xx_HAL_Driver/Src/stm32g0xx_ll_gpio.o
 .text.LL_GPIO_SetAFPin_0_7
                0x08006b94       0x46 ./Drivers/STM32G0xx_HAL_Driver/Src/stm32g0xx_ll_gpio.o
 .text.LL_GPIO_SetAFPin_8_15
                0x08006bda       0x5a ./Drivers/STM32G0xx_HAL_Driver/Src/stm32g0xx_ll_gpio.o
 .text.LL_GPIO_Init
                0x08006c34       0xb6 ./Drivers/STM32G0xx_HAL_Driver/Src/stm32g0xx_ll_gpio.o
                0x08006c34                LL_GPIO_Init
 .text.LL_I2C_Enable
                0x08006cea       0x1c ./Drivers/STM32G0xx_HAL_Driver/Src/stm32g0xx_ll_i2c.o
 .text.LL_I2C_Disable
                0x08006d06       0x1e ./Drivers/STM32G0xx_HAL_Driver/Src/stm32g0xx_ll_i2c.o
 .text.LL_I2C_ConfigFilters
                0x08006d24       0x30 ./Drivers/STM32G0xx_HAL_Driver/Src/stm32g0xx_ll_i2c.o
 .text.LL_I2C_SetOwnAddress1
                0x08006d54       0x28 ./Drivers/STM32G0xx_HAL_Driver/Src/stm32g0xx_ll_i2c.o
 .text.LL_I2C_EnableOwnAddress1
                0x08006d7c       0x1e ./Drivers/STM32G0xx_HAL_Driver/Src/stm32g0xx_ll_i2c.o
 *fill*         0x08006d9a        0x2 
 .text.LL_I2C_DisableOwnAddress1
                0x08006d9c       0x20 ./Drivers/STM32G0xx_HAL_Driver/Src/stm32g0xx_ll_i2c.o
 .text.LL_I2C_SetTiming
                0x08006dbc       0x18 ./Drivers/STM32G0xx_HAL_Driver/Src/stm32g0xx_ll_i2c.o
 .text.LL_I2C_SetMode
                0x08006dd4       0x28 ./Drivers/STM32G0xx_HAL_Driver/Src/stm32g0xx_ll_i2c.o
 .text.LL_I2C_AcknowledgeNextData
                0x08006dfc       0x28 ./Drivers/STM32G0xx_HAL_Driver/Src/stm32g0xx_ll_i2c.o
 .text.LL_I2C_Init
                0x08006e24       0x86 ./Drivers/STM32G0xx_HAL_Driver/Src/stm32g0xx_ll_i2c.o
                0x08006e24                LL_I2C_Init
 *fill*         0x08006eaa        0x2 
 .text.LL_RCC_HSI_IsReady
                0x08006eac       0x28 ./Drivers/STM32G0xx_HAL_Driver/Src/stm32g0xx_ll_rcc.o
 .text.LL_RCC_LSE_IsReady
                0x08006ed4       0x20 ./Drivers/STM32G0xx_HAL_Driver/Src/stm32g0xx_ll_rcc.o
 .text.LL_RCC_GetSysClkSource
                0x08006ef4       0x18 ./Drivers/STM32G0xx_HAL_Driver/Src/stm32g0xx_ll_rcc.o
 .text.LL_RCC_GetAHBPrescaler
                0x08006f0c       0x18 ./Drivers/STM32G0xx_HAL_Driver/Src/stm32g0xx_ll_rcc.o
 .text.LL_RCC_GetAPB1Prescaler
                0x08006f24       0x18 ./Drivers/STM32G0xx_HAL_Driver/Src/stm32g0xx_ll_rcc.o
 .text.LL_RCC_GetUSARTClockSource
                0x08006f3c       0x24 ./Drivers/STM32G0xx_HAL_Driver/Src/stm32g0xx_ll_rcc.o
 .text.LL_RCC_PLL_GetN
                0x08006f60       0x18 ./Drivers/STM32G0xx_HAL_Driver/Src/stm32g0xx_ll_rcc.o
 .text.LL_RCC_PLL_GetR
                0x08006f78       0x18 ./Drivers/STM32G0xx_HAL_Driver/Src/stm32g0xx_ll_rcc.o
 .text.LL_RCC_PLL_GetMainSource
                0x08006f90       0x18 ./Drivers/STM32G0xx_HAL_Driver/Src/stm32g0xx_ll_rcc.o
 .text.LL_RCC_PLL_GetDivider
                0x08006fa8       0x18 ./Drivers/STM32G0xx_HAL_Driver/Src/stm32g0xx_ll_rcc.o
 .text.LL_RCC_GetSystemClocksFreq
                0x08006fc0       0x3a ./Drivers/STM32G0xx_HAL_Driver/Src/stm32g0xx_ll_rcc.o
                0x08006fc0                LL_RCC_GetSystemClocksFreq
 *fill*         0x08006ffa        0x2 
 .text.LL_RCC_GetUSARTClockFreq
                0x08006ffc      0x120 ./Drivers/STM32G0xx_HAL_Driver/Src/stm32g0xx_ll_rcc.o
                0x08006ffc                LL_RCC_GetUSARTClockFreq
 .text.RCC_GetSystemClockFreq
                0x0800711c       0x5c ./Drivers/STM32G0xx_HAL_Driver/Src/stm32g0xx_ll_rcc.o
 .text.RCC_GetHCLKClockFreq
                0x08007178       0x30 ./Drivers/STM32G0xx_HAL_Driver/Src/stm32g0xx_ll_rcc.o
 .text.RCC_GetPCLK1ClockFreq
                0x080071a8       0x2c ./Drivers/STM32G0xx_HAL_Driver/Src/stm32g0xx_ll_rcc.o
 .text.RCC_PLL_GetFreqDomain_SYS
                0x080071d4       0x74 ./Drivers/STM32G0xx_HAL_Driver/Src/stm32g0xx_ll_rcc.o
 .text.LL_RTC_SetHourFormat
                0x08007248       0x24 ./Drivers/STM32G0xx_HAL_Driver/Src/stm32g0xx_ll_rtc.o
 .text.LL_RTC_GetHourFormat
                0x0800726c       0x18 ./Drivers/STM32G0xx_HAL_Driver/Src/stm32g0xx_ll_rtc.o
 .text.LL_RTC_EnableInitMode
                0x08007284       0x18 ./Drivers/STM32G0xx_HAL_Driver/Src/stm32g0xx_ll_rtc.o
 .text.LL_RTC_DisableInitMode
                0x0800729c       0x18 ./Drivers/STM32G0xx_HAL_Driver/Src/stm32g0xx_ll_rtc.o
 .text.LL_RTC_IsShadowRegBypassEnabled
                0x080072b4       0x22 ./Drivers/STM32G0xx_HAL_Driver/Src/stm32g0xx_ll_rtc.o
 *fill*         0x080072d6        0x2 
 .text.LL_RTC_SetAsynchPrescaler
                0x080072d8       0x28 ./Drivers/STM32G0xx_HAL_Driver/Src/stm32g0xx_ll_rtc.o
 .text.LL_RTC_SetSynchPrescaler
                0x08007300       0x22 ./Drivers/STM32G0xx_HAL_Driver/Src/stm32g0xx_ll_rtc.o
 .text.LL_RTC_EnableWriteProtection
                0x08007322       0x16 ./Drivers/STM32G0xx_HAL_Driver/Src/stm32g0xx_ll_rtc.o
 .text.LL_RTC_DisableWriteProtection
                0x08007338       0x1c ./Drivers/STM32G0xx_HAL_Driver/Src/stm32g0xx_ll_rtc.o
 .text.LL_RTC_TIME_Config
                0x08007354       0x4c ./Drivers/STM32G0xx_HAL_Driver/Src/stm32g0xx_ll_rtc.o
 .text.LL_RTC_DATE_Config
                0x080073a0       0x50 ./Drivers/STM32G0xx_HAL_Driver/Src/stm32g0xx_ll_rtc.o
 .text.LL_RTC_IsActiveFlag_INIT
                0x080073f0       0x22 ./Drivers/STM32G0xx_HAL_Driver/Src/stm32g0xx_ll_rtc.o
 .text.LL_RTC_IsActiveFlag_RS
                0x08007412       0x22 ./Drivers/STM32G0xx_HAL_Driver/Src/stm32g0xx_ll_rtc.o
 .text.LL_RTC_ClearFlag_RS
                0x08007434       0x22 ./Drivers/STM32G0xx_HAL_Driver/Src/stm32g0xx_ll_rtc.o
 *fill*         0x08007456        0x2 
 .text.LL_SYSTICK_IsActiveCounterFlag
                0x08007458       0x28 ./Drivers/STM32G0xx_HAL_Driver/Src/stm32g0xx_ll_rtc.o
 .text.LL_RTC_Init
                0x08007480       0x76 ./Drivers/STM32G0xx_HAL_Driver/Src/stm32g0xx_ll_rtc.o
                0x08007480                LL_RTC_Init
 .text.LL_RTC_TIME_Init
                0x080074f6      0x156 ./Drivers/STM32G0xx_HAL_Driver/Src/stm32g0xx_ll_rtc.o
                0x080074f6                LL_RTC_TIME_Init
 .text.LL_RTC_DATE_Init
                0x0800764c      0x152 ./Drivers/STM32G0xx_HAL_Driver/Src/stm32g0xx_ll_rtc.o
                0x0800764c                LL_RTC_DATE_Init
 .text.LL_RTC_EnterInitMode
                0x0800779e       0x7c ./Drivers/STM32G0xx_HAL_Driver/Src/stm32g0xx_ll_rtc.o
                0x0800779e                LL_RTC_EnterInitMode
 .text.LL_RTC_WaitForSynchro
                0x0800781a       0xc4 ./Drivers/STM32G0xx_HAL_Driver/Src/stm32g0xx_ll_rtc.o
                0x0800781a                LL_RTC_WaitForSynchro
 .text.LL_TIM_SetPrescaler
                0x080078de       0x18 ./Drivers/STM32G0xx_HAL_Driver/Src/stm32g0xx_ll_tim.o
 .text.LL_TIM_SetAutoReload
                0x080078f6       0x18 ./Drivers/STM32G0xx_HAL_Driver/Src/stm32g0xx_ll_tim.o
 .text.LL_TIM_SetRepetitionCounter
                0x0800790e       0x18 ./Drivers/STM32G0xx_HAL_Driver/Src/stm32g0xx_ll_tim.o
 .text.LL_TIM_GenerateEvent_UPDATE
                0x08007926       0x1c ./Drivers/STM32G0xx_HAL_Driver/Src/stm32g0xx_ll_tim.o
 *fill*         0x08007942        0x2 
 .text.LL_TIM_Init
                0x08007944       0xf0 ./Drivers/STM32G0xx_HAL_Driver/Src/stm32g0xx_ll_tim.o
                0x08007944                LL_TIM_Init
 .text.LL_USART_IsEnabled
                0x08007a34       0x22 ./Drivers/STM32G0xx_HAL_Driver/Src/stm32g0xx_ll_usart.o
 .text.LL_USART_SetPrescaler
                0x08007a56       0x24 ./Drivers/STM32G0xx_HAL_Driver/Src/stm32g0xx_ll_usart.o
 *fill*         0x08007a7a        0x2 
 .text.LL_USART_SetStopBitsLength
                0x08007a7c       0x28 ./Drivers/STM32G0xx_HAL_Driver/Src/stm32g0xx_ll_usart.o
 .text.LL_USART_SetHWFlowCtrl
                0x08007aa4       0x28 ./Drivers/STM32G0xx_HAL_Driver/Src/stm32g0xx_ll_usart.o
 .text.LL_USART_SetBaudRate
                0x08007acc       0xb4 ./Drivers/STM32G0xx_HAL_Driver/Src/stm32g0xx_ll_usart.o
 .text.LL_USART_Init
                0x08007b80      0x11c ./Drivers/STM32G0xx_HAL_Driver/Src/stm32g0xx_ll_usart.o
                0x08007b80                LL_USART_Init
 .text.LL_InitTick
                0x08007c9c       0x34 ./Drivers/STM32G0xx_HAL_Driver/Src/stm32g0xx_ll_utils.o
 .text.LL_Init1msTick
                0x08007cd0       0x1e ./Drivers/STM32G0xx_HAL_Driver/Src/stm32g0xx_ll_utils.o
                0x08007cd0                LL_Init1msTick
 *fill*         0x08007cee        0x2 
 .text.LL_SetSystemCoreClock
                0x08007cf0       0x1c ./Drivers/STM32G0xx_HAL_Driver/Src/stm32g0xx_ll_utils.o
                0x08007cf0                LL_SetSystemCoreClock
 .text.memset   0x08007d0c       0x10 C:/ST/STM32CubeIDE_1.19.0/STM32CubeIDE/plugins/com.st.stm32cube.ide.mcu.externaltools.gnu-tools-for-stm32.13.3.rel1.win32_1.0.100.202509120712/tools/bin/../lib/gcc/arm-none-eabi/13.3.1/../../../../arm-none-eabi/lib/thumb/v6-m/nofp\libc_nano.a(libc_a-memset.o)
                0x08007d0c                memset
 .text.__libc_init_array
                0x08007d1c       0x48 C:/ST/STM32CubeIDE_1.19.0/STM32CubeIDE/plugins/com.st.stm32cube.ide.mcu.externaltools.gnu-tools-for-stm32.13.3.rel1.win32_1.0.100.202509120712/tools/bin/../lib/gcc/arm-none-eabi/13.3.1/../../../../arm-none-eabi/lib/thumb/v6-m/nofp\libc_nano.a(libc_a-init.o)
                0x08007d1c                __libc_init_array
 *(.glue_7)
 .glue_7        0x08007d64        0x0 linker stubs
 *(.glue_7t)
 .glue_7t       0x08007d64        0x0 linker stubs
 *(.eh_frame)
 .eh_frame      0x08007d64        0x0 C:/ST/STM32CubeIDE_1.19.0/STM32CubeIDE/plugins/com.st.stm32cube.ide.mcu.externaltools.gnu-tools-for-stm32.13.3.rel1.win32_1.0.100.202509120712/tools/bin/../lib/gcc/arm-none-eabi/13.3.1/thumb/v6-m/nofp/crtbegin.o
 *(.init)
 .init          0x08007d64        0x4 C:/ST/STM32CubeIDE_1.19.0/STM32CubeIDE/plugins/com.st.stm32cube.ide.mcu.externaltools.gnu-tools-for-stm32.13.3.rel1.win32_1.0.100.202509120712/tools/bin/../lib/gcc/arm-none-eabi/13.3.1/thumb/v6-m/nofp/crti.o
                0x08007d64                _init
 .init          0x08007d68        0x8 C:/ST/STM32CubeIDE_1.19.0/STM32CubeIDE/plugins/com.st.stm32cube.ide.mcu.externaltools.gnu-tools-for-stm32.13.3.rel1.win32_1.0.100.202509120712/tools/bin/../lib/gcc/arm-none-eabi/13.3.1/thumb/v6-m/nofp/crtn.o
 *(.fini)
 .fini          0x08007d70        0x4 C:/ST/STM32CubeIDE_1.19.0/STM32CubeIDE/plugins/com.st.stm32cube.ide.mcu.externaltools.gnu-tools-for-stm32.13.3.rel1.win32_1.0.100.202509120712/tools/bin/../lib/gcc/arm-none-eabi/13.3.1/thumb/v6-m/nofp/crti.o
                0x08007d70                _fini
 .fini          0x08007d74        0x8 C:/ST/STM32CubeIDE_1.19.0/STM32CubeIDE/plugins/com.st.stm32cube.ide.mcu.externaltools.gnu-tools-for-stm32.13.3.rel1.win32_1.0.100.202509120712/tools/bin/../lib/gcc/arm-none-eabi/13.3.1/thumb/v6-m/nofp/crtn.o
                0x08007d7c                        . = ALIGN (0x4)
                0x08007d7c                        _etext = .

.vfp11_veneer   0x08007d7c        0x0
 .vfp11_veneer  0x08007d7c        0x0 linker stubs

.v4_bx          0x08007d7c        0x0
 .v4_bx         0x08007d7c        0x0 linker stubs

.iplt           0x08007d7c        0x0
 .iplt          0x08007d7c        0x0 C:/ST/STM32CubeIDE_1.19.0/STM32CubeIDE/plugins/com.st.stm32cube.ide.mcu.externaltools.gnu-tools-for-stm32.13.3.rel1.win32_1.0.100.202509120712/tools/bin/../lib/gcc/arm-none-eabi/13.3.1/thumb/v6-m/nofp/crtbegin.o

.rodata         0x08007d7c      0xabc
                0x08007d7c                        . = ALIGN (0x4)
 *(.rodata)
 .rodata        0x08007d7c       0xbb ./Core/Src/Display_Application_Lib/Display_App_Functions.o
 *fill*         0x08007e37        0x1 
 .rodata        0x08007e38       0xf3 ./Core/Src/Main_Functions.o
 *fill*         0x08007f2b        0x1 
 .rodata        0x08007f2c       0x7c C:/ST/STM32CubeIDE_1.19.0/STM32CubeIDE/plugins/com.st.stm32cube.ide.mcu.externaltools.gnu-tools-for-stm32.13.3.rel1.win32_1.0.100.202509120712/tools/bin/../lib/gcc/arm-none-eabi/13.3.1/thumb/v6-m/nofp\libgcc.a(divsf3.o)
 *(.rodata*)
 .rodata.Disp_Metering_Name
                0x08007fa8       0xdc ./Core/Src/Display_Application_Lib/Display_App_Variables.o
                0x08007fa8                Disp_Metering_Name
 .rodata.Disp_Option_Name
                0x08008084       0x64 ./Core/Src/Display_Application_Lib/Display_App_Variables.o
                0x08008084                Disp_Option_Name
 .rodata.Disp_Password_Name
                0x080080e8        0xa ./Core/Src/Display_Application_Lib/Display_App_Variables.o
                0x080080e8                Disp_Password_Name
 *fill*         0x080080f2        0x2 
 .rodata.Disp_Metrng_Calib_Name
                0x080080f4       0x78 ./Core/Src/Display_Application_Lib/Display_App_Variables.o
                0x080080f4                Disp_Metrng_Calib_Name
 .rodata.Disp_Desired_Metrng_Calib_Name
                0x0800816c       0xb4 ./Core/Src/Display_Application_Lib/Display_App_Variables.o
                0x0800816c                Disp_Desired_Metrng_Calib_Name
 .rodata.Disp_Setting_Name
                0x08008220      0x334 ./Core/Src/Display_Application_Lib/Display_App_Variables.o
                0x08008220                Disp_Setting_Name
 .rodata.Disp_Calib_Value_Scaler
                0x08008554       0x30 ./Core/Src/Display_Application_Lib/Display_App_Variables.o
                0x08008554                Disp_Calib_Value_Scaler
 .rodata.Disp_Setting_Value_Scaler
                0x08008584       0xa4 ./Core/Src/Display_Application_Lib/Display_App_Variables.o
                0x08008584                Disp_Setting_Value_Scaler
 .rodata.Disp_RTC_Name
                0x08008628       0x3c ./Core/Src/Display_Application_Lib/Display_App_Variables.o
                0x08008628                Disp_RTC_Name
 .rodata.Whileloop_State_Fn
                0x08008664       0x44 ./Core/Src/Main_Functions.o
 .rodata.AHBPrescTable
                0x080086a8       0x40 ./Core/Src/system_stm32g0xx.o
                0x080086a8                AHBPrescTable
 .rodata.APBPrescTable
                0x080086e8       0x20 ./Core/Src/system_stm32g0xx.o
                0x080086e8                APBPrescTable
 .rodata.UART1_crcTable
                0x08008708      0x100 ./Core/Src/UART1_Mast_Drv_Lib/UART1_Mast_Drv_Variables.o
                0x08008708                UART1_crcTable
 .rodata.USART_PRESCALER_TAB
                0x08008808       0x30 ./Drivers/STM32G0xx_HAL_Driver/Src/stm32g0xx_ll_usart.o
                0x08008838                        . = ALIGN (0x4)

.ARM.extab      0x08008838        0x0
                0x08008838                        . = ALIGN (0x4)
 *(.ARM.extab* .gnu.linkonce.armextab.*)
                0x08008838                        . = ALIGN (0x4)

.ARM            0x08008838        0x0
                0x08008838                        . = ALIGN (0x4)
                0x08008838                        __exidx_start = .
 *(.ARM.exidx*)
                0x08008838                        __exidx_end = .
                0x08008838                        . = ALIGN (0x4)

.preinit_array  0x08008838        0x0
                0x08008838                        . = ALIGN (0x4)
                0x08008838                        PROVIDE (__preinit_array_start = .)
 *(.preinit_array*)
                0x08008838                        PROVIDE (__preinit_array_end = .)
                0x08008838                        . = ALIGN (0x4)

.init_array     0x08008838        0x4
                0x08008838                        . = ALIGN (0x4)
                0x08008838                        PROVIDE (__init_array_start = .)
 *(SORT_BY_NAME(.init_array.*))
 *(.init_array*)
 .init_array    0x08008838        0x4 C:/ST/STM32CubeIDE_1.19.0/STM32CubeIDE/plugins/com.st.stm32cube.ide.mcu.externaltools.gnu-tools-for-stm32.13.3.rel1.win32_1.0.100.202509120712/tools/bin/../lib/gcc/arm-none-eabi/13.3.1/thumb/v6-m/nofp/crtbegin.o
                0x0800883c                        PROVIDE (__init_array_end = .)
                0x0800883c                        . = ALIGN (0x4)

.fini_array     0x0800883c        0x4
                0x0800883c                        . = ALIGN (0x4)
                [!provide]                        PROVIDE (__fini_array_start = .)
 *(SORT_BY_NAME(.fini_array.*))
 *(.fini_array*)
 .fini_array    0x0800883c        0x4 C:/ST/STM32CubeIDE_1.19.0/STM32CubeIDE/plugins/com.st.stm32cube.ide.mcu.externaltools.gnu-tools-for-stm32.13.3.rel1.win32_1.0.100.202509120712/tools/bin/../lib/gcc/arm-none-eabi/13.3.1/thumb/v6-m/nofp/crtbegin.o
                [!provide]                        PROVIDE (__fini_array_end = .)
                0x08008840                        . = ALIGN (0x4)
                0x08008840                        _sidata = LOADADDR (.data)

.rel.dyn        0x08008840        0x0
 .rel.iplt      0x08008840        0x0 C:/ST/STM32CubeIDE_1.19.0/STM32CubeIDE/plugins/com.st.stm32cube.ide.mcu.externaltools.gnu-tools-for-stm32.13.3.rel1.win32_1.0.100.202509120712/tools/bin/../lib/gcc/arm-none-eabi/13.3.1/thumb/v6-m/nofp/crtbegin.o

.data           0x20000000      0x28c load address 0x08008840
                0x20000000                        . = ALIGN (0x4)
                0x20000000                        _sdata = .
 *(.data)
 *(.data*)
 .data.Disp_Metrng_Calib_Value
                0x20000000       0x18 ./Core/Src/Display_Application_Lib/Display_App_Variables.o
                0x20000000                Disp_Metrng_Calib_Value
 .data.Disp_Desired_Metrng_Calib_Value
                0x20000018       0x18 ./Core/Src/Display_Application_Lib/Display_App_Variables.o
                0x20000018                Disp_Desired_Metrng_Calib_Value
 .data.Calib_Value
                0x20000030       0x18 ./Core/Src/Display_Application_Lib/Display_App_Variables.o
                0x20000030                Calib_Value
 .data.Disp_Setting_Value
                0x20000048       0x52 ./Core/Src/Display_Application_Lib/Display_App_Variables.o
                0x20000048                Disp_Setting_Value
 *fill*         0x2000009a        0x2 
 .data.Disp_New_Setting_Value
                0x2000009c       0x52 ./Core/Src/Display_Application_Lib/Display_App_Variables.o
                0x2000009c                Disp_New_Setting_Value
 *fill*         0x200000ee        0x2 
 .data.EEPROM_Write_Array
                0x200000f0      0x12c ./Core/Src/EEPROM_Drv_Lib/EEPROM_Drv_Variables.o
                0x200000f0                EEPROM_Write_Array
 .data.__cgram  0x2000021c       0x40 ./Core/Src/LCD16X2_Driver_Lib/LCD16X2_Driver_Variables.o
                0x2000021c                __cgram
 .data.SystemCoreClock
                0x2000025c        0x4 ./Core/Src/system_stm32g0xx.o
                0x2000025c                SystemCoreClock
 .data.V_INV_Ref
                0x20000260        0x2 ./Core/Src/UART1_Mast_App_Lib/UART1_Mast_App_Variables.o
                0x20000260                V_INV_Ref
 .data.V_INV_UL
                0x20000262        0x2 ./Core/Src/UART1_Mast_App_Lib/UART1_Mast_App_Variables.o
                0x20000262                V_INV_UL
 .data.V_INV_LL
                0x20000264        0x2 ./Core/Src/UART1_Mast_App_Lib/UART1_Mast_App_Variables.o
                0x20000264                V_INV_LL
 .data.V_Batt_H_Cutoff
                0x20000266        0x2 ./Core/Src/UART1_Mast_App_Lib/UART1_Mast_App_Variables.o
                0x20000266                V_Batt_H_Cutoff
 .data.V_Batt_H_Cutin
                0x20000268        0x2 ./Core/Src/UART1_Mast_App_Lib/UART1_Mast_App_Variables.o
                0x20000268                V_Batt_H_Cutin
 .data.V_Batt_L_Cutoff
                0x2000026a        0x2 ./Core/Src/UART1_Mast_App_Lib/UART1_Mast_App_Variables.o
                0x2000026a                V_Batt_L_Cutoff
 .data.I_Inv_Full_Load
                0x2000026c        0x2 ./Core/Src/UART1_Mast_App_Lib/UART1_Mast_App_Variables.o
                0x2000026c                I_Inv_Full_Load
 .data.Relay_Off_Time
                0x2000026e        0x2 ./Core/Src/UART1_Mast_App_Lib/UART1_Mast_App_Variables.o
                0x2000026e                Relay_Off_Time
 .data.Relay_On_Time
                0x20000270        0x2 ./Core/Src/UART1_Mast_App_Lib/UART1_Mast_App_Variables.o
                0x20000270                Relay_On_Time
 .data.I_grid_Export_Limit
                0x20000272        0x2 ./Core/Src/UART1_Mast_App_Lib/UART1_Mast_App_Variables.o
                0x20000272                I_grid_Export_Limit
 .data.I_grid_Import_Limit
                0x20000274        0x2 ./Core/Src/UART1_Mast_App_Lib/UART1_Mast_App_Variables.o
                0x20000274                I_grid_Import_Limit
 .data.PV_H_Cutoff
                0x20000276        0x2 ./Core/Src/UART1_Mast_App_Lib/UART1_Mast_App_Variables.o
                0x20000276                PV_H_Cutoff
 .data.PV_H_Cutin
                0x20000278        0x2 ./Core/Src/UART1_Mast_App_Lib/UART1_Mast_App_Variables.o
                0x20000278                PV_H_Cutin
 .data.PV_L_Cutin
                0x2000027a        0x2 ./Core/Src/UART1_Mast_App_Lib/UART1_Mast_App_Variables.o
                0x2000027a                PV_L_Cutin
 .data.PV_L_Cutoff
                0x2000027c        0x2 ./Core/Src/UART1_Mast_App_Lib/UART1_Mast_App_Variables.o
                0x2000027c                PV_L_Cutoff
 .data.I_PV_UL  0x2000027e        0x2 ./Core/Src/UART1_Mast_App_Lib/UART1_Mast_App_Variables.o
                0x2000027e                I_PV_UL
 .data.V_Mains_H_Cutoff
                0x20000280        0x2 ./Core/Src/UART1_Mast_App_Lib/UART1_Mast_App_Variables.o
                0x20000280                V_Mains_H_Cutoff
 .data.V_Mains_H_Cutin
                0x20000282        0x2 ./Core/Src/UART1_Mast_App_Lib/UART1_Mast_App_Variables.o
                0x20000282                V_Mains_H_Cutin
 .data.V_Mains_L_Cutoff
                0x20000284        0x2 ./Core/Src/UART1_Mast_App_Lib/UART1_Mast_App_Variables.o
                0x20000284                V_Mains_L_Cutoff
 .data.V_Mains_L_Cutin
                0x20000286        0x2 ./Core/Src/UART1_Mast_App_Lib/UART1_Mast_App_Variables.o
                0x20000286                V_Mains_L_Cutin
 .data.PV_Power_Limit
                0x20000288        0x2 ./Core/Src/UART1_Mast_App_Lib/UART1_Mast_App_Variables.o
                0x20000288                PV_Power_Limit
 *(.RamFunc)
 *(.RamFunc*)
                0x2000028c                        . = ALIGN (0x4)
 *fill*         0x2000028a        0x2 
                0x2000028c                        _edata = .

.igot.plt       0x2000028c        0x0 load address 0x08008acc
 .igot.plt      0x2000028c        0x0 C:/ST/STM32CubeIDE_1.19.0/STM32CubeIDE/plugins/com.st.stm32cube.ide.mcu.externaltools.gnu-tools-for-stm32.13.3.rel1.win32_1.0.100.202509120712/tools/bin/../lib/gcc/arm-none-eabi/13.3.1/thumb/v6-m/nofp/crtbegin.o
                0x2000028c                        . = ALIGN (0x4)

.bss            0x2000028c      0x40c load address 0x08008acc
                0x2000028c                        _sbss = .
                0x2000028c                        __bss_start__ = _sbss
 *(.bss)
 .bss           0x2000028c       0x1c C:/ST/STM32CubeIDE_1.19.0/STM32CubeIDE/plugins/com.st.stm32cube.ide.mcu.externaltools.gnu-tools-for-stm32.13.3.rel1.win32_1.0.100.202509120712/tools/bin/../lib/gcc/arm-none-eabi/13.3.1/thumb/v6-m/nofp/crtbegin.o
 *(.bss*)
 .bss.Disp_Metering_Value_Scaler
                0x200002a8       0x58 ./Core/Src/Display_Application_Lib/Display_App_Variables.o
                0x200002a8                Disp_Metering_Value_Scaler
 .bss.Disp_Metering_Value
                0x20000300       0x2c ./Core/Src/Display_Application_Lib/Display_App_Variables.o
                0x20000300                Disp_Metering_Value
 .bss.Disp_Setting_Write_Value
                0x2000032c       0x52 ./Core/Src/Display_Application_Lib/Display_App_Variables.o
                0x2000032c                Disp_Setting_Write_Value
 *fill*         0x2000037e        0x2 
 .bss.Disp_RTC_Value
                0x20000380        0x6 ./Core/Src/Display_Application_Lib/Display_App_Variables.o
                0x20000380                Disp_RTC_Value
 *fill*         0x20000386        0x2 
 .bss.EEPROM_App_Flags
                0x20000388        0x4 ./Core/Src/EEPROM_App_Lib/EEPROM_App_Variables.o
                0x20000388                EEPROM_App_Flags
 .bss.EEPROM_App_Var
                0x2000038c        0x2 ./Core/Src/EEPROM_App_Lib/EEPROM_App_Variables.o
                0x2000038c                EEPROM_App_Var
 *fill*         0x2000038e        0x2 
 .bss.EEPROM_Drv_Var
                0x20000390       0x18 ./Core/Src/EEPROM_Drv_Lib/EEPROM_Drv_Variables.o
                0x20000390                EEPROM_Drv_Var
 .bss.EEPROM_Read_Array
                0x200003a8       0xff ./Core/Src/EEPROM_Drv_Lib/EEPROM_Drv_Variables.o
                0x200003a8                EEPROM_Read_Array
 *fill*         0x200004a7        0x1 
 .bss.TimingDelay
                0x200004a8        0x4 ./Core/Src/LCD16X2_Driver_Lib/LCD16X2_Driver_Variables.o
                0x200004a8                TimingDelay
 .bss.State     0x200004ac        0x1 ./Core/Src/Main_Variables.o
                0x200004ac                State
 *fill*         0x200004ad        0x3 
 .bss.Disp_Cntrl
                0x200004b0       0x28 ./Core/Src/Main_Variables.o
                0x200004b0                Disp_Cntrl
 .bss.RTC_Drv_Var
                0x200004d8        0xc ./Core/Src/RTC_Drv_Lib/RTC_Drv_Variables.o
                0x200004d8                RTC_Drv_Var
 .bss.RTC_Ext_Reg
                0x200004e4       0x10 ./Core/Src/RTC_Drv_Lib/RTC_Drv_Variables.o
                0x200004e4                RTC_Ext_Reg
 .bss.RTC_Drv_Ext_Time
                0x200004f4        0x8 ./Core/Src/RTC_Drv_Lib/RTC_Drv_Variables.o
                0x200004f4                RTC_Drv_Ext_Time
 .bss.Switch_Detect_Incrmnt_Btn
                0x200004fc        0x4 ./Core/Src/Switch_Application_Lib/Switch_App_Variables.o
                0x200004fc                Switch_Detect_Incrmnt_Btn
 .bss.Switch_Detect_Decrmnt_Btn
                0x20000500        0x4 ./Core/Src/Switch_Application_Lib/Switch_App_Variables.o
                0x20000500                Switch_Detect_Decrmnt_Btn
 .bss.Switch_Detect_Set_Btn
                0x20000504        0x4 ./Core/Src/Switch_Application_Lib/Switch_App_Variables.o
                0x20000504                Switch_Detect_Set_Btn
 .bss.Switch_Detect_Enter_Btn
                0x20000508        0x4 ./Core/Src/Switch_Application_Lib/Switch_App_Variables.o
                0x20000508                Switch_Detect_Enter_Btn
 .bss.Switch_Detect_Set_Enter_Btn
                0x2000050c        0x4 ./Core/Src/Switch_Application_Lib/Switch_App_Variables.o
                0x2000050c                Switch_Detect_Set_Enter_Btn
 .bss.U1Mast_App_Rec_Flags
                0x20000510        0x4 ./Core/Src/UART1_Mast_App_Lib/UART1_Mast_App_Variables.o
                0x20000510                U1Mast_App_Rec_Flags
 .bss.U1Mast_App_Send_Flags
                0x20000514        0xc ./Core/Src/UART1_Mast_App_Lib/UART1_Mast_App_Variables.o
                0x20000514                U1Mast_App_Send_Flags
 .bss.U1Mast_App_Send_Var
                0x20000520        0x8 ./Core/Src/UART1_Mast_App_Lib/UART1_Mast_App_Variables.o
                0x20000520                U1Mast_App_Send_Var
 .bss.V_Batt_L_Cutin
                0x20000528        0x2 ./Core/Src/UART1_Mast_App_Lib/UART1_Mast_App_Variables.o
                0x20000528                V_Batt_L_Cutin
 *fill*         0x2000052a        0x2 
 .bss.UART1_recvdata
                0x2000052c       0xfa ./Core/Src/UART1_Mast_Drv_Lib/UART1_Mast_Drv_Variables.o
                0x2000052c                UART1_recvdata
 *fill*         0x20000626        0x2 
 .bss.U1Mast_Drv_Rec_Flags
                0x20000628        0x4 ./Core/Src/UART1_Mast_Drv_Lib/UART1_Mast_Drv_Variables.o
                0x20000628                U1Mast_Drv_Rec_Flags
 .bss.U1Mast_Drv_Rec_Var
                0x2000062c        0x8 ./Core/Src/UART1_Mast_Drv_Lib/UART1_Mast_Drv_Variables.o
                0x2000062c                U1Mast_Drv_Rec_Var
 .bss.UART1_Txdata
                0x20000634       0x5a ./Core/Src/UART1_Mast_Drv_Lib/UART1_Mast_Drv_Variables.o
                0x20000634                UART1_Txdata
 *fill*         0x2000068e        0x2 
 .bss.U1Mast_Drv_Send_Flags
                0x20000690        0x4 ./Core/Src/UART1_Mast_Drv_Lib/UART1_Mast_Drv_Variables.o
                0x20000690                U1Mast_Drv_Send_Flags
 .bss.U1Mast_Drv_Send_Var
                0x20000694        0x4 ./Core/Src/UART1_Mast_Drv_Lib/UART1_Mast_Drv_Variables.o
                0x20000694                U1Mast_Drv_Send_Var
 *(COMMON)
                0x20000698                        . = ALIGN (0x4)
                0x20000698                        _ebss = .
                0x20000698                        __bss_end__ = _ebss

._user_heap_stack
                0x20000698      0x600 load address 0x08008acc
                0x20000698                        . = ALIGN (0x8)
                [!provide]                        PROVIDE (end = .)
                0x20000698                        PROVIDE (_end = .)
                0x20000898                        . = (. + _Min_Heap_Size)
 *fill*         0x20000698      0x200 
                0x20000c98                        . = (. + _Min_Stack_Size)
 *fill*         0x20000898      0x400 
                0x20000c98                        . = ALIGN (0x8)

/DISCARD/
 libc.a(*)
 libm.a(*)
 libgcc.a(*)

.ARM.attributes
                0x00000000       0x28
 *(.ARM.attributes)
 .ARM.attributes
                0x00000000       0x1e C:/ST/STM32CubeIDE_1.19.0/STM32CubeIDE/plugins/com.st.stm32cube.ide.mcu.externaltools.gnu-tools-for-stm32.13.3.rel1.win32_1.0.100.202509120712/tools/bin/../lib/gcc/arm-none-eabi/13.3.1/thumb/v6-m/nofp/crti.o
 .ARM.attributes
                0x0000001e       0x2c C:/ST/STM32CubeIDE_1.19.0/STM32CubeIDE/plugins/com.st.stm32cube.ide.mcu.externaltools.gnu-tools-for-stm32.13.3.rel1.win32_1.0.100.202509120712/tools/bin/../lib/gcc/arm-none-eabi/13.3.1/thumb/v6-m/nofp/crtbegin.o
 .ARM.attributes
                0x0000004a       0x2c ./Core/Src/Display_Application_Lib/Display_App_Functions.o
 .ARM.attributes
                0x00000076       0x2c ./Core/Src/Display_Application_Lib/Display_App_Variables.o
 .ARM.attributes
                0x000000a2       0x2c ./Core/Src/EEPROM_App_Lib/EEPROM_App_Functions.o
 .ARM.attributes
                0x000000ce       0x2c ./Core/Src/EEPROM_App_Lib/EEPROM_App_Variables.o
 .ARM.attributes
                0x000000fa       0x2c ./Core/Src/EEPROM_Drv_Lib/EEPROM_Drv_Functions.o
 .ARM.attributes
                0x00000126       0x2c ./Core/Src/EEPROM_Drv_Lib/EEPROM_Drv_Variables.o
 .ARM.attributes
                0x00000152       0x2c ./Core/Src/LCD16X2_Driver_Lib/LCD16X2_Driver_Functions.o
 .ARM.attributes
                0x0000017e       0x2c ./Core/Src/LCD16X2_Driver_Lib/LCD16X2_Driver_Variables.o
 .ARM.attributes
                0x000001aa       0x2c ./Core/Src/Main_Functions.o
 .ARM.attributes
                0x000001d6       0x2c ./Core/Src/Main_Variables.o
 .ARM.attributes
                0x00000202       0x2c ./Core/Src/gpio.o
 .ARM.attributes
                0x0000022e       0x2c ./Core/Src/i2c.o
 .ARM.attributes
                0x0000025a       0x2c ./Core/Src/main.o
 .ARM.attributes
                0x00000286       0x2c ./Core/Src/rtc.o
 .ARM.attributes
                0x000002b2       0x2c ./Core/Src/stm32g0xx_it.o
 .ARM.attributes
                0x000002de       0x2c ./Core/Src/system_stm32g0xx.o
 .ARM.attributes
                0x0000030a       0x2c ./Core/Src/tim.o
 .ARM.attributes
                0x00000336       0x2c ./Core/Src/usart.o
 .ARM.attributes
                0x00000362       0x2c ./Core/Src/RTC_Drv_Lib/RTC_Drv_Functions.o
 .ARM.attributes
                0x0000038e       0x2c ./Core/Src/RTC_Drv_Lib/RTC_Drv_Variables.o
 .ARM.attributes
                0x000003ba       0x2c ./Core/Src/Switch_Application_Lib/Switch_App_Functions.o
 .ARM.attributes
                0x000003e6       0x2c ./Core/Src/Switch_Application_Lib/Switch_App_Variables.o
 .ARM.attributes
                0x00000412       0x2c ./Core/Src/UART1_Mast_App_Lib/UART1_Mast_App_Functions.o
 .ARM.attributes
                0x0000043e       0x2c ./Core/Src/UART1_Mast_App_Lib/UART1_Mast_App_Variables.o
 .ARM.attributes
                0x0000046a       0x2c ./Core/Src/UART1_Mast_Drv_Lib/UART1_Mast_Drv_Functions.o
 .ARM.attributes
                0x00000496       0x2c ./Core/Src/UART1_Mast_Drv_Lib/UART1_Mast_Drv_Variables.o
 .ARM.attributes
                0x000004c2       0x22 ./Core/Startup/startup_stm32g070cbtx.o
 .ARM.attributes
                0x000004e4       0x2c ./Drivers/STM32G0xx_HAL_Driver/Src/stm32g0xx_ll_gpio.o
 .ARM.attributes
                0x00000510       0x2c ./Drivers/STM32G0xx_HAL_Driver/Src/stm32g0xx_ll_i2c.o
 .ARM.attributes
                0x0000053c       0x2c ./Drivers/STM32G0xx_HAL_Driver/Src/stm32g0xx_ll_rcc.o
 .ARM.attributes
                0x00000568       0x2c ./Drivers/STM32G0xx_HAL_Driver/Src/stm32g0xx_ll_rtc.o
 .ARM.attributes
                0x00000594       0x2c ./Drivers/STM32G0xx_HAL_Driver/Src/stm32g0xx_ll_tim.o
 .ARM.attributes
                0x000005c0       0x2c ./Drivers/STM32G0xx_HAL_Driver/Src/stm32g0xx_ll_usart.o
 .ARM.attributes
                0x000005ec       0x2c ./Drivers/STM32G0xx_HAL_Driver/Src/stm32g0xx_ll_utils.o
 .ARM.attributes
                0x00000618       0x2c C:/ST/STM32CubeIDE_1.19.0/STM32CubeIDE/plugins/com.st.stm32cube.ide.mcu.externaltools.gnu-tools-for-stm32.13.3.rel1.win32_1.0.100.202509120712/tools/bin/../lib/gcc/arm-none-eabi/13.3.1/../../../../arm-none-eabi/lib/thumb/v6-m/nofp\libc_nano.a(libc_a-memset.o)
 .ARM.attributes
                0x00000644       0x2c C:/ST/STM32CubeIDE_1.19.0/STM32CubeIDE/plugins/com.st.stm32cube.ide.mcu.externaltools.gnu-tools-for-stm32.13.3.rel1.win32_1.0.100.202509120712/tools/bin/../lib/gcc/arm-none-eabi/13.3.1/../../../../arm-none-eabi/lib/thumb/v6-m/nofp\libc_nano.a(libc_a-init.o)
 .ARM.attributes
                0x00000670       0x1e C:/ST/STM32CubeIDE_1.19.0/STM32CubeIDE/plugins/com.st.stm32cube.ide.mcu.externaltools.gnu-tools-for-stm32.13.3.rel1.win32_1.0.100.202509120712/tools/bin/../lib/gcc/arm-none-eabi/13.3.1/thumb/v6-m/nofp\libgcc.a(_udivsi3.o)
 .ARM.attributes
                0x0000068e       0x1e C:/ST/STM32CubeIDE_1.19.0/STM32CubeIDE/plugins/com.st.stm32cube.ide.mcu.externaltools.gnu-tools-for-stm32.13.3.rel1.win32_1.0.100.202509120712/tools/bin/../lib/gcc/arm-none-eabi/13.3.1/thumb/v6-m/nofp\libgcc.a(_divsi3.o)
 .ARM.attributes
                0x000006ac       0x1e C:/ST/STM32CubeIDE_1.19.0/STM32CubeIDE/plugins/com.st.stm32cube.ide.mcu.externaltools.gnu-tools-for-stm32.13.3.rel1.win32_1.0.100.202509120712/tools/bin/../lib/gcc/arm-none-eabi/13.3.1/thumb/v6-m/nofp\libgcc.a(_dvmd_tls.o)
 .ARM.attributes
                0x000006ca       0x1e C:/ST/STM32CubeIDE_1.19.0/STM32CubeIDE/plugins/com.st.stm32cube.ide.mcu.externaltools.gnu-tools-for-stm32.13.3.rel1.win32_1.0.100.202509120712/tools/bin/../lib/gcc/arm-none-eabi/13.3.1/thumb/v6-m/nofp\libgcc.a(_arm_cmpsf2.o)
 .ARM.attributes
                0x000006e8       0x2c C:/ST/STM32CubeIDE_1.19.0/STM32CubeIDE/plugins/com.st.stm32cube.ide.mcu.externaltools.gnu-tools-for-stm32.13.3.rel1.win32_1.0.100.202509120712/tools/bin/../lib/gcc/arm-none-eabi/13.3.1/thumb/v6-m/nofp\libgcc.a(divsf3.o)
 .ARM.attributes
                0x00000714       0x2c C:/ST/STM32CubeIDE_1.19.0/STM32CubeIDE/plugins/com.st.stm32cube.ide.mcu.externaltools.gnu-tools-for-stm32.13.3.rel1.win32_1.0.100.202509120712/tools/bin/../lib/gcc/arm-none-eabi/13.3.1/thumb/v6-m/nofp\libgcc.a(eqsf2.o)
 .ARM.attributes
                0x00000740       0x2c C:/ST/STM32CubeIDE_1.19.0/STM32CubeIDE/plugins/com.st.stm32cube.ide.mcu.externaltools.gnu-tools-for-stm32.13.3.rel1.win32_1.0.100.202509120712/tools/bin/../lib/gcc/arm-none-eabi/13.3.1/thumb/v6-m/nofp\libgcc.a(gesf2.o)
 .ARM.attributes
                0x0000076c       0x2c C:/ST/STM32CubeIDE_1.19.0/STM32CubeIDE/plugins/com.st.stm32cube.ide.mcu.externaltools.gnu-tools-for-stm32.13.3.rel1.win32_1.0.100.202509120712/tools/bin/../lib/gcc/arm-none-eabi/13.3.1/thumb/v6-m/nofp\libgcc.a(lesf2.o)
 .ARM.attributes
                0x00000798       0x2c C:/ST/STM32CubeIDE_1.19.0/STM32CubeIDE/plugins/com.st.stm32cube.ide.mcu.externaltools.gnu-tools-for-stm32.13.3.rel1.win32_1.0.100.202509120712/tools/bin/../lib/gcc/arm-none-eabi/13.3.1/thumb/v6-m/nofp\libgcc.a(mulsf3.o)
 .ARM.attributes
                0x000007c4       0x2c C:/ST/STM32CubeIDE_1.19.0/STM32CubeIDE/plugins/com.st.stm32cube.ide.mcu.externaltools.gnu-tools-for-stm32.13.3.rel1.win32_1.0.100.202509120712/tools/bin/../lib/gcc/arm-none-eabi/13.3.1/thumb/v6-m/nofp\libgcc.a(subsf3.o)
 .ARM.attributes
                0x000007f0       0x2c C:/ST/STM32CubeIDE_1.19.0/STM32CubeIDE/plugins/com.st.stm32cube.ide.mcu.externaltools.gnu-tools-for-stm32.13.3.rel1.win32_1.0.100.202509120712/tools/bin/../lib/gcc/arm-none-eabi/13.3.1/thumb/v6-m/nofp\libgcc.a(fixsfsi.o)
 .ARM.attributes
                0x0000081c       0x2c C:/ST/STM32CubeIDE_1.19.0/STM32CubeIDE/plugins/com.st.stm32cube.ide.mcu.externaltools.gnu-tools-for-stm32.13.3.rel1.win32_1.0.100.202509120712/tools/bin/../lib/gcc/arm-none-eabi/13.3.1/thumb/v6-m/nofp\libgcc.a(floatsisf.o)
 .ARM.attributes
                0x00000848       0x2c C:/ST/STM32CubeIDE_1.19.0/STM32CubeIDE/plugins/com.st.stm32cube.ide.mcu.externaltools.gnu-tools-for-stm32.13.3.rel1.win32_1.0.100.202509120712/tools/bin/../lib/gcc/arm-none-eabi/13.3.1/thumb/v6-m/nofp\libgcc.a(floatunsisf.o)
 .ARM.attributes
                0x00000874       0x1e C:/ST/STM32CubeIDE_1.19.0/STM32CubeIDE/plugins/com.st.stm32cube.ide.mcu.externaltools.gnu-tools-for-stm32.13.3.rel1.win32_1.0.100.202509120712/tools/bin/../lib/gcc/arm-none-eabi/13.3.1/thumb/v6-m/nofp\libgcc.a(_clzsi2.o)
 .ARM.attributes
                0x00000892       0x1e C:/ST/STM32CubeIDE_1.19.0/STM32CubeIDE/plugins/com.st.stm32cube.ide.mcu.externaltools.gnu-tools-for-stm32.13.3.rel1.win32_1.0.100.202509120712/tools/bin/../lib/gcc/arm-none-eabi/13.3.1/thumb/v6-m/nofp/crtn.o
OUTPUT(LCD_Display_V5_G070.elf elf32-littlearm)
LOAD linker stubs
LOAD C:/ST/STM32CubeIDE_1.19.0/STM32CubeIDE/plugins/com.st.stm32cube.ide.mcu.externaltools.gnu-tools-for-stm32.13.3.rel1.win32_1.0.100.202509120712/tools/bin/../lib/gcc/arm-none-eabi/13.3.1/../../../../arm-none-eabi/lib/thumb/v6-m/nofp\libc.a
LOAD C:/ST/STM32CubeIDE_1.19.0/STM32CubeIDE/plugins/com.st.stm32cube.ide.mcu.externaltools.gnu-tools-for-stm32.13.3.rel1.win32_1.0.100.202509120712/tools/bin/../lib/gcc/arm-none-eabi/13.3.1/../../../../arm-none-eabi/lib/thumb/v6-m/nofp\libm.a
LOAD C:/ST/STM32CubeIDE_1.19.0/STM32CubeIDE/plugins/com.st.stm32cube.ide.mcu.externaltools.gnu-tools-for-stm32.13.3.rel1.win32_1.0.100.202509120712/tools/bin/../lib/gcc/arm-none-eabi/13.3.1/thumb/v6-m/nofp\libgcc.a

.debug_info     0x00000000     0xd8b7
 .debug_info    0x00000000      0x805 ./Core/Src/Display_Application_Lib/Display_App_Functions.o
 .debug_info    0x00000805      0x4d4 ./Core/Src/Display_Application_Lib/Display_App_Variables.o
 .debug_info    0x00000cd9      0x418 ./Core/Src/EEPROM_App_Lib/EEPROM_App_Functions.o
 .debug_info    0x000010f1      0x201 ./Core/Src/EEPROM_App_Lib/EEPROM_App_Variables.o
 .debug_info    0x000012f2      0x638 ./Core/Src/EEPROM_Drv_Lib/EEPROM_Drv_Functions.o
 .debug_info    0x0000192a      0x34b ./Core/Src/EEPROM_Drv_Lib/EEPROM_Drv_Variables.o
 .debug_info    0x00001c75      0x6b8 ./Core/Src/LCD16X2_Driver_Lib/LCD16X2_Driver_Functions.o
 .debug_info    0x0000232d       0xc2 ./Core/Src/LCD16X2_Driver_Lib/LCD16X2_Driver_Variables.o
 .debug_info    0x000023ef      0x991 ./Core/Src/Main_Functions.o
 .debug_info    0x00002d80      0x2bb ./Core/Src/Main_Variables.o
 .debug_info    0x0000303b      0x486 ./Core/Src/gpio.o
 .debug_info    0x000034c1      0x6c9 ./Core/Src/i2c.o
 .debug_info    0x00003b8a     0x1197 ./Core/Src/main.o
 .debug_info    0x00004d21      0x535 ./Core/Src/rtc.o
 .debug_info    0x00005256      0x5c2 ./Core/Src/stm32g0xx_it.o
 .debug_info    0x00005818      0x2c1 ./Core/Src/system_stm32g0xx.o
 .debug_info    0x00005ad9      0x95b ./Core/Src/tim.o
 .debug_info    0x00006434      0xc5d ./Core/Src/usart.o
 .debug_info    0x00007091      0xadb ./Core/Src/RTC_Drv_Lib/RTC_Drv_Functions.o
 .debug_info    0x00007b6c      0x412 ./Core/Src/RTC_Drv_Lib/RTC_Drv_Variables.o
 .debug_info    0x00007f7e      0x225 ./Core/Src/Switch_Application_Lib/Switch_App_Functions.o
 .debug_info    0x000081a3      0x24e ./Core/Src/Switch_Application_Lib/Switch_App_Variables.o
 .debug_info    0x000083f1      0x84a ./Core/Src/UART1_Mast_App_Lib/UART1_Mast_App_Functions.o
 .debug_info    0x00008c3b      0x4ab ./Core/Src/UART1_Mast_App_Lib/UART1_Mast_App_Variables.o
 .debug_info    0x000090e6      0x408 ./Core/Src/UART1_Mast_Drv_Lib/UART1_Mast_Drv_Functions.o
 .debug_info    0x000094ee      0x3d4 ./Core/Src/UART1_Mast_Drv_Lib/UART1_Mast_Drv_Variables.o
 .debug_info    0x000098c2       0x30 ./Core/Startup/startup_stm32g070cbtx.o
 .debug_info    0x000098f2      0x594 ./Drivers/STM32G0xx_HAL_Driver/Src/stm32g0xx_ll_gpio.o
 .debug_info    0x00009e86      0x5b7 ./Drivers/STM32G0xx_HAL_Driver/Src/stm32g0xx_ll_i2c.o
 .debug_info    0x0000a43d      0x719 ./Drivers/STM32G0xx_HAL_Driver/Src/stm32g0xx_ll_rcc.o
 .debug_info    0x0000ab56      0xcc8 ./Drivers/STM32G0xx_HAL_Driver/Src/stm32g0xx_ll_rtc.o
 .debug_info    0x0000b81e     0x10c2 ./Drivers/STM32G0xx_HAL_Driver/Src/stm32g0xx_ll_tim.o
 .debug_info    0x0000c8e0      0x764 ./Drivers/STM32G0xx_HAL_Driver/Src/stm32g0xx_ll_usart.o
 .debug_info    0x0000d044      0x873 ./Drivers/STM32G0xx_HAL_Driver/Src/stm32g0xx_ll_utils.o

.debug_abbrev   0x00000000     0x3339
 .debug_abbrev  0x00000000      0x1dd ./Core/Src/Display_Application_Lib/Display_App_Functions.o
 .debug_abbrev  0x000001dd       0x92 ./Core/Src/Display_Application_Lib/Display_App_Variables.o
 .debug_abbrev  0x0000026f      0x159 ./Core/Src/EEPROM_App_Lib/EEPROM_App_Functions.o
 .debug_abbrev  0x000003c8       0xc7 ./Core/Src/EEPROM_App_Lib/EEPROM_App_Variables.o
 .debug_abbrev  0x0000048f      0x215 ./Core/Src/EEPROM_Drv_Lib/EEPROM_Drv_Functions.o
 .debug_abbrev  0x000006a4      0x105 ./Core/Src/EEPROM_Drv_Lib/EEPROM_Drv_Variables.o
 .debug_abbrev  0x000007a9      0x236 ./Core/Src/LCD16X2_Driver_Lib/LCD16X2_Driver_Functions.o
 .debug_abbrev  0x000009df       0x76 ./Core/Src/LCD16X2_Driver_Lib/LCD16X2_Driver_Variables.o
 .debug_abbrev  0x00000a55      0x200 ./Core/Src/Main_Functions.o
 .debug_abbrev  0x00000c55       0xcb ./Core/Src/Main_Variables.o
 .debug_abbrev  0x00000d20      0x198 ./Core/Src/gpio.o
 .debug_abbrev  0x00000eb8      0x19c ./Core/Src/i2c.o
 .debug_abbrev  0x00001054      0x2d0 ./Core/Src/main.o
 .debug_abbrev  0x00001324      0x1ba ./Core/Src/rtc.o
 .debug_abbrev  0x000014de      0x160 ./Core/Src/stm32g0xx_it.o
 .debug_abbrev  0x0000163e      0x11b ./Core/Src/system_stm32g0xx.o
 .debug_abbrev  0x00001759      0x1bf ./Core/Src/tim.o
 .debug_abbrev  0x00001918      0x260 ./Core/Src/usart.o
 .debug_abbrev  0x00001b78      0x227 ./Core/Src/RTC_Drv_Lib/RTC_Drv_Functions.o
 .debug_abbrev  0x00001d9f      0x111 ./Core/Src/RTC_Drv_Lib/RTC_Drv_Variables.o
 .debug_abbrev  0x00001eb0      0x119 ./Core/Src/Switch_Application_Lib/Switch_App_Functions.o
 .debug_abbrev  0x00001fc9       0xd8 ./Core/Src/Switch_Application_Lib/Switch_App_Variables.o
 .debug_abbrev  0x000020a1      0x1b8 ./Core/Src/UART1_Mast_App_Lib/UART1_Mast_App_Functions.o
 .debug_abbrev  0x00002259       0xe4 ./Core/Src/UART1_Mast_App_Lib/UART1_Mast_App_Variables.o
 .debug_abbrev  0x0000233d      0x14f ./Core/Src/UART1_Mast_Drv_Lib/UART1_Mast_Drv_Functions.o
 .debug_abbrev  0x0000248c       0xc5 ./Core/Src/UART1_Mast_Drv_Lib/UART1_Mast_Drv_Variables.o
 .debug_abbrev  0x00002551       0x24 ./Core/Startup/startup_stm32g070cbtx.o
 .debug_abbrev  0x00002575      0x1a7 ./Drivers/STM32G0xx_HAL_Driver/Src/stm32g0xx_ll_gpio.o
 .debug_abbrev  0x0000271c      0x178 ./Drivers/STM32G0xx_HAL_Driver/Src/stm32g0xx_ll_i2c.o
 .debug_abbrev  0x00002894      0x228 ./Drivers/STM32G0xx_HAL_Driver/Src/stm32g0xx_ll_rcc.o
 .debug_abbrev  0x00002abc      0x22f ./Drivers/STM32G0xx_HAL_Driver/Src/stm32g0xx_ll_rtc.o
 .debug_abbrev  0x00002ceb      0x20d ./Drivers/STM32G0xx_HAL_Driver/Src/stm32g0xx_ll_tim.o
 .debug_abbrev  0x00002ef8      0x208 ./Drivers/STM32G0xx_HAL_Driver/Src/stm32g0xx_ll_usart.o
 .debug_abbrev  0x00003100      0x239 ./Drivers/STM32G0xx_HAL_Driver/Src/stm32g0xx_ll_utils.o

.debug_aranges  0x00000000      0xf48
 .debug_aranges
                0x00000000       0xa8 ./Core/Src/Display_Application_Lib/Display_App_Functions.o
 .debug_aranges
                0x000000a8       0x18 ./Core/Src/Display_Application_Lib/Display_App_Variables.o
 .debug_aranges
                0x000000c0       0x38 ./Core/Src/EEPROM_App_Lib/EEPROM_App_Functions.o
 .debug_aranges
                0x000000f8       0x18 ./Core/Src/EEPROM_App_Lib/EEPROM_App_Variables.o
 .debug_aranges
                0x00000110       0x90 ./Core/Src/EEPROM_Drv_Lib/EEPROM_Drv_Functions.o
 .debug_aranges
                0x000001a0       0x18 ./Core/Src/EEPROM_Drv_Lib/EEPROM_Drv_Variables.o
 .debug_aranges
                0x000001b8       0xc0 ./Core/Src/LCD16X2_Driver_Lib/LCD16X2_Driver_Functions.o
 .debug_aranges
                0x00000278       0x18 ./Core/Src/LCD16X2_Driver_Lib/LCD16X2_Driver_Variables.o
 .debug_aranges
                0x00000290       0xb0 ./Core/Src/Main_Functions.o
 .debug_aranges
                0x00000340       0x18 ./Core/Src/Main_Variables.o
 .debug_aranges
                0x00000358       0x30 ./Core/Src/gpio.o
 .debug_aranges
                0x00000388       0x60 ./Core/Src/i2c.o
 .debug_aranges
                0x000003e8       0xc8 ./Core/Src/main.o
 .debug_aranges
                0x000004b0       0x50 ./Core/Src/rtc.o
 .debug_aranges
                0x00000500       0x60 ./Core/Src/stm32g0xx_it.o
 .debug_aranges
                0x00000560       0x28 ./Core/Src/system_stm32g0xx.o
 .debug_aranges
                0x00000588       0x60 ./Core/Src/tim.o
 .debug_aranges
                0x000005e8       0xa0 ./Core/Src/usart.o
 .debug_aranges
                0x00000688       0xe0 ./Core/Src/RTC_Drv_Lib/RTC_Drv_Functions.o
 .debug_aranges
                0x00000768       0x18 ./Core/Src/RTC_Drv_Lib/RTC_Drv_Variables.o
 .debug_aranges
                0x00000780       0x48 ./Core/Src/Switch_Application_Lib/Switch_App_Functions.o
 .debug_aranges
                0x000007c8       0x18 ./Core/Src/Switch_Application_Lib/Switch_App_Variables.o
 .debug_aranges
                0x000007e0       0x98 ./Core/Src/UART1_Mast_App_Lib/UART1_Mast_App_Functions.o
 .debug_aranges
                0x00000878       0x18 ./Core/Src/UART1_Mast_App_Lib/UART1_Mast_App_Variables.o
 .debug_aranges
                0x00000890       0x38 ./Core/Src/UART1_Mast_Drv_Lib/UART1_Mast_Drv_Functions.o
 .debug_aranges
                0x000008c8       0x18 ./Core/Src/UART1_Mast_Drv_Lib/UART1_Mast_Drv_Variables.o
 .debug_aranges
                0x000008e0       0x28 ./Core/Startup/startup_stm32g070cbtx.o
 .debug_aranges
                0x00000908       0x70 ./Drivers/STM32G0xx_HAL_Driver/Src/stm32g0xx_ll_gpio.o
 .debug_aranges
                0x00000978       0x88 ./Drivers/STM32G0xx_HAL_Driver/Src/stm32g0xx_ll_i2c.o
 .debug_aranges
                0x00000a00      0x130 ./Drivers/STM32G0xx_HAL_Driver/Src/stm32g0xx_ll_rcc.o
 .debug_aranges
                0x00000b30      0x160 ./Drivers/STM32G0xx_HAL_Driver/Src/stm32g0xx_ll_rtc.o
 .debug_aranges
                0x00000c90      0x148 ./Drivers/STM32G0xx_HAL_Driver/Src/stm32g0xx_ll_tim.o
 .debug_aranges
                0x00000dd8       0x88 ./Drivers/STM32G0xx_HAL_Driver/Src/stm32g0xx_ll_usart.o
 .debug_aranges
                0x00000e60       0xe8 ./Drivers/STM32G0xx_HAL_Driver/Src/stm32g0xx_ll_utils.o

.debug_rnglists
                0x00000000      0xab5
 .debug_rnglists
                0x00000000       0x7e ./Core/Src/Display_Application_Lib/Display_App_Functions.o
 .debug_rnglists
                0x0000007e       0x26 ./Core/Src/EEPROM_App_Lib/EEPROM_App_Functions.o
 .debug_rnglists
                0x000000a4       0x6b ./Core/Src/EEPROM_Drv_Lib/EEPROM_Drv_Functions.o
 .debug_rnglists
                0x0000010f       0x93 ./Core/Src/LCD16X2_Driver_Lib/LCD16X2_Driver_Functions.o
 .debug_rnglists
                0x000001a2       0x8c ./Core/Src/Main_Functions.o
 .debug_rnglists
                0x0000022e       0x20 ./Core/Src/gpio.o
 .debug_rnglists
                0x0000024e       0x44 ./Core/Src/i2c.o
 .debug_rnglists
                0x00000292       0x94 ./Core/Src/main.o
 .debug_rnglists
                0x00000326       0x37 ./Core/Src/rtc.o
 .debug_rnglists
                0x0000035d       0x44 ./Core/Src/stm32g0xx_it.o
 .debug_rnglists
                0x000003a1       0x1a ./Core/Src/system_stm32g0xx.o
 .debug_rnglists
                0x000003bb       0x45 ./Core/Src/tim.o
 .debug_rnglists
                0x00000400       0x78 ./Core/Src/usart.o
 .debug_rnglists
                0x00000478       0xa8 ./Core/Src/RTC_Drv_Lib/RTC_Drv_Functions.o
 .debug_rnglists
                0x00000520       0x34 ./Core/Src/Switch_Application_Lib/Switch_App_Functions.o
 .debug_rnglists
                0x00000554       0x76 ./Core/Src/UART1_Mast_App_Lib/UART1_Mast_App_Functions.o
 .debug_rnglists
                0x000005ca       0x26 ./Core/Src/UART1_Mast_Drv_Lib/UART1_Mast_Drv_Functions.o
 .debug_rnglists
                0x000005f0       0x19 ./Core/Startup/startup_stm32g070cbtx.o
 .debug_rnglists
                0x00000609       0x51 ./Drivers/STM32G0xx_HAL_Driver/Src/stm32g0xx_ll_gpio.o
 .debug_rnglists
                0x0000065a       0x62 ./Drivers/STM32G0xx_HAL_Driver/Src/stm32g0xx_ll_i2c.o
 .debug_rnglists
                0x000006bc       0xe1 ./Drivers/STM32G0xx_HAL_Driver/Src/stm32g0xx_ll_rcc.o
 .debug_rnglists
                0x0000079d      0x109 ./Drivers/STM32G0xx_HAL_Driver/Src/stm32g0xx_ll_rtc.o
 .debug_rnglists
                0x000008a6       0xfe ./Drivers/STM32G0xx_HAL_Driver/Src/stm32g0xx_ll_tim.o
 .debug_rnglists
                0x000009a4       0x64 ./Drivers/STM32G0xx_HAL_Driver/Src/stm32g0xx_ll_usart.o
 .debug_rnglists
                0x00000a08       0xad ./Drivers/STM32G0xx_HAL_Driver/Src/stm32g0xx_ll_utils.o

.debug_macro    0x00000000    0x13f27
 .debug_macro   0x00000000      0x2ba ./Core/Src/Display_Application_Lib/Display_App_Functions.o
 .debug_macro   0x000002ba      0xaf0 ./Core/Src/Display_Application_Lib/Display_App_Functions.o
 .debug_macro   0x00000daa       0x2e ./Core/Src/Display_Application_Lib/Display_App_Functions.o
 .debug_macro   0x00000dd8       0x28 ./Core/Src/Display_Application_Lib/Display_App_Functions.o
 .debug_macro   0x00000e00       0x22 ./Core/Src/Display_Application_Lib/Display_App_Functions.o
 .debug_macro   0x00000e22       0x8e ./Core/Src/Display_Application_Lib/Display_App_Functions.o
 .debug_macro   0x00000eb0       0x51 ./Core/Src/Display_Application_Lib/Display_App_Functions.o
 .debug_macro   0x00000f01      0x103 ./Core/Src/Display_Application_Lib/Display_App_Functions.o
 .debug_macro   0x00001004       0x6a ./Core/Src/Display_Application_Lib/Display_App_Functions.o
 .debug_macro   0x0000106e      0x1df ./Core/Src/Display_Application_Lib/Display_App_Functions.o
 .debug_macro   0x0000124d       0x1c ./Core/Src/Display_Application_Lib/Display_App_Functions.o
 .debug_macro   0x00001269       0x22 ./Core/Src/Display_Application_Lib/Display_App_Functions.o
 .debug_macro   0x0000128b       0xd1 ./Core/Src/Display_Application_Lib/Display_App_Functions.o
 .debug_macro   0x0000135c      0x4da ./Core/Src/Display_Application_Lib/Display_App_Functions.o
 .debug_macro   0x00001836      0x11f ./Core/Src/Display_Application_Lib/Display_App_Functions.o
 .debug_macro   0x00001955     0xa701 ./Core/Src/Display_Application_Lib/Display_App_Functions.o
 .debug_macro   0x0000c056       0x66 ./Core/Src/Display_Application_Lib/Display_App_Functions.o
 .debug_macro   0x0000c0bc      0x24d ./Core/Src/Display_Application_Lib/Display_App_Functions.o
 .debug_macro   0x0000c309      0x48d ./Core/Src/Display_Application_Lib/Display_App_Functions.o
 .debug_macro   0x0000c796       0xf4 ./Core/Src/Display_Application_Lib/Display_App_Functions.o
 .debug_macro   0x0000c88a      0x117 ./Core/Src/Display_Application_Lib/Display_App_Functions.o
 .debug_macro   0x0000c9a1      0x17e ./Core/Src/Display_Application_Lib/Display_App_Functions.o
 .debug_macro   0x0000cb1f      0x174 ./Core/Src/Display_Application_Lib/Display_App_Functions.o
 .debug_macro   0x0000cc93       0x5a ./Core/Src/Display_Application_Lib/Display_App_Functions.o
 .debug_macro   0x0000cced      0x160 ./Core/Src/Display_Application_Lib/Display_App_Functions.o
 .debug_macro   0x0000ce4d      0x3a8 ./Core/Src/Display_Application_Lib/Display_App_Functions.o
 .debug_macro   0x0000d1f5      0x287 ./Core/Src/Display_Application_Lib/Display_App_Functions.o
 .debug_macro   0x0000d47c      0x3f7 ./Core/Src/Display_Application_Lib/Display_App_Functions.o
 .debug_macro   0x0000d873      0x90f ./Core/Src/Display_Application_Lib/Display_App_Functions.o
 .debug_macro   0x0000e182      0x40f ./Core/Src/Display_Application_Lib/Display_App_Functions.o
 .debug_macro   0x0000e591      0x131 ./Core/Src/Display_Application_Lib/Display_App_Functions.o
 .debug_macro   0x0000e6c2       0xd0 ./Core/Src/Display_Application_Lib/Display_App_Functions.o
 .debug_macro   0x0000e792       0x61 ./Core/Src/Display_Application_Lib/Display_App_Functions.o
 .debug_macro   0x0000e7f3       0x24 ./Core/Src/Display_Application_Lib/Display_App_Functions.o
 .debug_macro   0x0000e817       0x43 ./Core/Src/Display_Application_Lib/Display_App_Functions.o
 .debug_macro   0x0000e85a       0x34 ./Core/Src/Display_Application_Lib/Display_App_Functions.o
 .debug_macro   0x0000e88e      0x190 ./Core/Src/Display_Application_Lib/Display_App_Functions.o
 .debug_macro   0x0000ea1e      0x370 ./Core/Src/Display_Application_Lib/Display_App_Functions.o
 .debug_macro   0x0000ed8e       0x16 ./Core/Src/Display_Application_Lib/Display_App_Functions.o
 .debug_macro   0x0000eda4       0x4a ./Core/Src/Display_Application_Lib/Display_App_Functions.o